108.56.240.86 - - [10/Apr/2013:21:01:53 -0400] "GET /templates/rt_infuse_j15/images/arrow.png HTTP/1.1" 200 95 "http://www.mycompany.org/literature/bengali-transliteration" "Mozilla/5.0 (Windows NT 6.2; WOW64) AppleWebKit/537.31 (KHTML, like Gecko) Chrome/26.0.1410.43 Safari/537.31"
108.56.240.86 - - [10/Apr/2013:21:01:53 -0400] "GET /templates/rt_infuse_j15/images/style2/mainbody/menu-arrows.png HTTP/1.1" 200 1706 "http://www.mycompany.org/literature/bengali-transliteration" "Mozilla/5.0 (Windows NT 6.2; WOW64) AppleWebKit/537.31 (KHTML, like Gecko) Chrome/26.0.1410.43 Safari/537.31"
108.56.240.86 - - [10/Apr/2013:21:01:53 -0400] "GET /templates/rt_infuse_j15/images/style2/mainbody/main-assets.png HTTP/1.1" 200 2416 "http://www.mycompany.org/literature/bengali-transliteration" "Mozilla/5.0 (Windows NT 6.2; WOW64) AppleWebKit/537.31 (KHTML, like Gecko) Chrome/26.0.1410.43 Safari/537.31"
108.56.240.86 - - [10/Apr/2013:21:01:53 -0400] "GET /templates/rt_infuse_j15/images/style2/mainbody/style-h3.png HTTP/1.1" 200 2037 "http://www.mycompany.org/literature/bengali-transliteration" "Mozilla/5.0 (Windows NT 6.2; WOW64) AppleWebKit/537.31 (KHTML, like Gecko) Chrome/26.0.1410.43 Safari/537.31"
108.56.240.86 - - [10/Apr/2013:21:01:53 -0400] "GET /templates/rt_infuse_j15/images/style2/mainbody/module-corners.png HTTP/1.1" 200 1799 "http://www.mycompany.org/literature/bengali-transliteration" "Mozilla/5.0 (Windows NT 6.2; WOW64) AppleWebKit/537.31 (KHTML, like Gecko) Chrome/26.0.1410.43 Safari/537.31"
108.56.240.86 - - [10/Apr/2013:21:01:54 -0400] "GET /templates/rt_infuse_j15/images/style2/mainbody/sidecol-l.png HTTP/1.1" 200 1249 "http://www.mycompany.org/literature/bengali-transliteration" "Mozilla/5.0 (Windows NT 6.2; WOW64) AppleWebKit/537.31 (KHTML, like Gecko) Chrome/26.0.1410.43 Safari/537.31"
108.56.240.86 - - [10/Apr/2013:21:01:54 -0400] "GET /templates/rt_infuse_j15/images/style2/mainbody/sidecol-r.png HTTP/1.1" 200 1249 "http://www.mycompany.org/literature/bengali-transliteration" "Mozilla/5.0 (Windows NT 6.2; WOW64) AppleWebKit/537.31 (KHTML, like Gecko) Chrome/26.0.1410.43 Safari/537.31"
108.56.240.86 - - [10/Apr/2013:21:01:54 -0400] "GET /templates/rt_infuse_j15/images/style2/mainbody/sidecol-h3.png HTTP/1.1" 200 1283 "http://www.mycompany.org/literature/bengali-transliteration" "Mozilla/5.0 (Windows NT 6.2; WOW64) AppleWebKit/537.31 (KHTML, like Gecko) Chrome/26.0.1410.43 Safari/537.31"
108.56.240.86 - - [10/Apr/2013:21:01:54 -0400] "GET /templates/rt_infuse_j15/images/style2/mainbody/side-style-h3.png HTTP/1.1" 200 1997 "http://www.mycompany.org/literature/bengali-transliteration" "Mozilla/5.0 (Windows NT 6.2; WOW64) AppleWebKit/537.31 (KHTML, like Gecko) Chrome/26.0.1410.43 Safari/537.31"
108.56.240.86 - - [10/Apr/2013:21:01:54 -0400] "GET /templates/rt_infuse_j15/images/style2/footer/footer-bg.png HTTP/1.1" 200 1547 "http://www.mycompany.org/literature/bengali-transliteration" "Mozilla/5.0 (Windows NT 6.2; WOW64) AppleWebKit/537.31 (KHTML, like Gecko) Chrome/26.0.1410.43 Safari/537.31"
108.56.240.86 - - [10/Apr/2013:21:01:54 -0400] "GET /templates/rt_infuse_j15/images/style2/mainbody/readon-m.png HTTP/1.1" 200 1497 "http://www.mycompany.org/literature/bengali-transliteration" "Mozilla/5.0 (Windows NT 6.2; WOW64) AppleWebKit/537.31 (KHTML, like Gecko) Chrome/26.0.1410.43 Safari/537.31"
108.56.240.86 - - [10/Apr/2013:21:01:54 -0400] "GET /templates/rt_infuse_j15/images/style2/mainbody/readon-l.png HTTP/1.1" 200 2291 "http://www.mycompany.org/literature/bengali-transliteration" "Mozilla/5.0 (Windows NT 6.2; WOW64) AppleWebKit/537.31 (KHTML, like Gecko) Chrome/26.0.1410.43 Safari/537.31"
108.56.240.86 - - [10/Apr/2013:21:01:54 -0400] "GET /templates/rt_infuse_j15/images/style2/mainbody/readon-r.png HTTP/1.1" 200 2330 "http://www.mycompany.org/literature/bengali-transliteration" "Mozilla/5.0 (Windows NT 6.2; WOW64) AppleWebKit/537.31 (KHTML, like Gecko) Chrome/26.0.1410.43 Safari/537.31"
108.56.240.86 - - [10/Apr/2013:21:01:54 -0400] "GET /templates/rt_infuse_j15/images/typo/bullet7.png HTTP/1.1" 200 439 "http://www.mycompany.org/literature/bengali-transliteration" "Mozilla/5.0 (Windows NT 6.2; WOW64) AppleWebKit/537.31 (KHTML, like Gecko) Chrome/26.0.1410.43 Safari/537.31"
108.56.240.86 - - [10/Apr/2013:21:01:54 -0400] "GET /templates/rt_infuse_j15/images/style2/backgrounds/full/bg.jpg HTTP/1.1" 200 339473 "http://www.mycompany.org/literature/bengali-transliteration" "Mozilla/5.0 (Windows NT 6.2; WOW64) AppleWebKit/537.31 (KHTML, like Gecko) Chrome/26.0.1410.43 Safari/537.31"
108.56.240.86 - - [10/Apr/2013:21:01:54 -0400] "GET /templates/rt_infuse_j15/images/style2/backgrounds/full/footer-bg.jpg HTTP/1.1" 200 124726 "http://www.mycompany.org/literature/bengali-transliteration" "Mozilla/5.0 (Windows NT 6.2; WOW64) AppleWebKit/537.31 (KHTML, like Gecko) Chrome/26.0.1410.43 Safari/537.31"
108.56.240.86 - - [10/Apr/2013:21:01:55 -0400] "GET /templates/rt_infuse_j15/images/style2/showcase/active-menu-bg.png HTTP/1.1" 200 1437 "http://www.mycompany.org/literature/bengali-transliteration" "Mozilla/5.0 (Windows NT 6.2; WOW64) AppleWebKit/537.31 (KHTML, like Gecko) Chrome/26.0.1410.43 Safari/537.31"
108.56.240.86 - - [10/Apr/2013:21:01:55 -0400] "GET /favicon.ico HTTP/1.1" 200 32038 "-" "Mozilla/5.0 (Windows NT 6.2; WOW64) AppleWebKit/537.31 (KHTML, like Gecko) Chrome/26.0.1410.43 Safari/537.31"
202.46.49.14 - - [10/Apr/2013:21:02:55 -0400] "GET / HTTP/1.1" 200 32800 "-" "Mozilla/4.0 (compatible; MSIE 7.0; Windows NT 6.0)"
157.55.32.184 - - [10/Apr/2013:21:03:34 -0400] "GET /robots.txt HTTP/1.1" 200 304 "-" "Mozilla/5.0 (compatible; bingbot/2.0; +http://www.bing.com/bingbot.htm)"
119.63.193.194 - - [10/Apr/2013:21:03:46 -0400] "GET / HTTP/1.1" 200 32800 "-" "Mozilla/4.0 (compatible; MSIE 7.0; Windows NT 6.0)"
157.55.32.184 - - [10/Apr/2013:21:05:18 -0400] "GET /index.php?option=com_wrapper&view=wrapper&Itemid=231&letter=letter0219 HTTP/1.1" 200 48979 "-" "Mozilla/5.0 (compatible; bingbot/2.0; +http://www.bing.com/bingbot.htm)"
199.83.90.27 - - [10/Apr/2013:21:05:21 -0400] "GET /+%28%22powered+by+%22++%27vb%27+%27joomla%27+%27board%27+%27blog%27%29+ACCEPTED HTTP/1.0" 404 1390 "http://www.mycompany.org/+%28%22powered+by+%22++%27vb%27+%27joomla%27+%27board%27+%27blog%27%29+ACCEPTED" "Mozilla/5.0 (Windows NT 5.1; rv:5.0.1) Gecko/20100101 Firefox/5.0.1"
199.83.90.27 - - [10/Apr/2013:21:05:26 -0400] "GET / HTTP/1.0" 200 72249 "http://www.mycompany.org/" "Mozilla/5.0 (Windows NT 5.1; rv:5.0.1) Gecko/20100101 Firefox/5.0.1"
199.83.90.27 - - [10/Apr/2013:21:05:31 -0400] "GET /about/board-of-directors HTTP/1.0" 200 50032 "http://www.mycompany.org/about/board-of-directors" "Mozilla/5.0 (Windows NT 5.1; rv:5.0.1) Gecko/20100101 Firefox/5.0.1"
199.83.90.27 - - [10/Apr/2013:21:05:35 -0400] "GET /about/board-of-directors?format=pdf HTTP/1.0" 200 36 "http://www.mycompany.org/board-of-directors?format=pdf" "Mozilla/5.0 (Windows NT 5.1; rv:5.0.1) Gecko/20100101 Firefox/5.0.1"
199.83.90.27 - - [10/Apr/2013:21:05:37 -0400] "GET /about/board-of-directors?tmpl=component&print=1&page= HTTP/1.0" 200 142113 "http://www.mycompany.org/board-of-directors?tmpl=component&print=1&page=" "Mozilla/5.0 (Windows NT 5.1; rv:5.0.1) Gecko/20100101 Firefox/5.0.1"
94.142.135.62 - - [10/Apr/2013:21:08:09 -0400] "GET /events/pictures-of-past-events/15-DG-PJ-2012/detail/487-2012DGPJday2-145?tmpl=component&phocadownload=2 HTTP/1.1" 301 5 "-" "Mozilla/5.0 (Windows; U; Windows NT 5.1; en-US; rv:1.8.1.6) Gecko/20070725 Firefox/2.0.0.6"
188.92.78.124 - - [10/Apr/2013:21:08:12 -0400] "GET /events/pictures-of-past-events/15-DG-PJ-2012/detail/487-2012DGPJday2-145?tmpl=component&phocadownload=2 HTTP/1.1" 301 5 "-" "Mozilla/5.0 (Windows; U; Windows NT 5.1; en-US; rv:1.8.1.6) Gecko/20070725 Firefox/2.0.0.6"
66.249.74.128 - - [10/Apr/2013:21:08:13 -0400] "GET /events/pictures-of-past-events/15-DG-PJ-2012/detail/487-2012DGPJday2-145?tmpl=component&phocadownload=2 HTTP/1.1" 200 5 "-" "Mozilla/5.0 (compatible; Googlebot/2.1; +http://www.google.com/bot.html)"
170.167.4.200 - - [10/Apr/2013:21:08:31 -0400] "GET /images/facebook_logo.png HTTP/1.1" 304 - "-" "Mozilla/4.0 (compatible;)"
157.55.32.184 - - [10/Apr/2013:21:08:48 -0400] "GET /events/past-events/past-events-2012/SW-PJ-2012 HTTP/1.1" 200 61828 "-" "Mozilla/5.0 (compatible; bingbot/2.0; +http://www.bing.com/bingbot.htm)"
66.249.74.128 - - [10/Apr/2013:21:08:51 -0400] "GET /events/past-events/past-events-2010/DG-PJ-10/local-programs-dp2010 HTTP/1.1" 200 59562 "-" "Mozilla/5.0 (iPhone; U; CPU iPhone OS 4_1 like Mac OS X; en-us) AppleWebKit/532.9 (KHTML, like Gecko) Version/4.0.5 Mobile/8B117 Safari/6531.22.7 (compatible; Googlebot-Mobile/2.1; +http://www.google.com/bot.html)"
142.4.96.132 - - [10/Apr/2013:21:09:31 -0400] "GET /old/Feedback/mycompany_comm.html HTTP/1.0" 200 14615 "http://www.mycompany.org/old/Feedback/mycompany_comm.html" "Mozilla/5.0 (Windows NT 5.2; rv:16.0) Gecko/20100101 Firefox/16.0"
65.55.215.102 - - [10/Apr/2013:21:10:04 -0400] "GET /robots.txt HTTP/1.1" 200 304 "-" "msnbot-media/1.1 (+http://search.msn.com/msnbot.htm)"
65.55.215.102 - - [10/Apr/2013:21:10:04 -0400] "GET /Activities/DGPJ2005/images/programs_18.jpg HTTP/1.1" 200 2936 "-" "msnbot-media/1.1 (+http://search.msn.com/msnbot.htm)"
220.250.52.66 - - [10/Apr/2013:21:10:33 -0400] "GET /CGI/guestbook.cgi?add HTTP/1.0" 200 1855 "http://www.mycompany.org/CGI/guestbook.cgi?add" "Mozilla/5.0 (Windows NT 6.1; Win64; x64; rv:16.0) Gecko/16.0 Firefox/16.0a1"
220.250.52.66 - - [10/Apr/2013:21:10:34 -0400] "POST /CGI/guestbook.cgi?add HTTP/1.0" 200 800 "http://www.mycompany.org/CGI/guestbook.cgi?add" "Mozilla/5.0 (Windows NT 6.1; Win64; x64; rv:16.0) Gecko/16.0 Firefox/16.0a1"
220.250.52.66 - - [10/Apr/2013:21:10:35 -0400] "GET /old/Feedback/mycompany_comm.html HTTP/1.0" 200 14615 "http://www.mycompany.org/old/Feedback/mycompany_comm.html" "Mozilla/5.0 (Windows NT 6.1; Win64; x64; rv:16.0) Gecko/16.0 Firefox/16.0a1"
142.4.96.132 - - [10/Apr/2013:21:11:05 -0400] "GET /CGI/guestbook.cgi HTTP/1.0" 200 1377 "http://www.mycompany.org/CGI/guestbook.cgi" "Mozilla/5.0 (Windows NT 5.2; rv:16.0) Gecko/20100101 Firefox/16.0"
112.111.47.66 - - [10/Apr/2013:21:11:51 -0400] "GET /literature/bengali-transliteration HTTP/1.1" 200 44644 "-" "Mozilla/4.0 (compatible; MSIE 6.0; Windows NT 5.1; SV1;)"
220.250.52.66 - - [10/Apr/2013:21:11:52 -0400] "GET /CGI/guestbook.cgi?add HTTP/1.0" 200 1855 "http://www.mycompany.org/CGI/guestbook.cgi?add" "Opera/9.80 (Windows NT 5.1; U; ru) Presto/2.9.168 Version/11.50"
178.73.212.231 - - [10/Apr/2013:21:12:02 -0400] "GET /Community/mycompany_community.html++++++++++++++++++++++++++Result:+forum+not+found+/+could+not+find+IP HTTP/1.0" 404 1390 "http://www.mycompany.org/Community/mycompany_community.html++++++++++++++++++++++++++Result:+forum+not+found+/+could+not+find+IP" "Mozilla/5.0 (Windows NT 5.1) AppleWebKit/537.11 (KH"
178.73.212.231 - - [10/Apr/2013:21:12:12 -0400] "GET / HTTP/1.0" 200 72257 "http://www.mycompany.org/" "Mozilla/5.0 (Windows NT 5.1) AppleWebKit/537.11 (KHTML, like Gecko) Chrome/23.0.1271.91 Safari/537.11"
178.73.212.231 - - [10/Apr/2013:21:12:24 -0400] "GET /about/board-of-directors HTTP/1.0" 200 50032 "http://www.mycompany.org/about/board-of-directors" "Mozilla/5.0 (Windows NT 5.1) AppleWebKit/537.11 (KHTML, like Gecko) Chrome/23.0.1271.91 Safari/537.11"
178.73.212.231 - - [10/Apr/2013:21:12:26 -0400] "GET /about/board-of-directors?format=pdf HTTP/1.0" 200 36 "http://www.mycompany.org/board-of-directors?format=pdf" "Mozilla/5.0 (Windows NT 5.1) AppleWebKit/537.11 (KHTML, like Gecko) Chrome/23.0.1271.91 Safari/537.11"
178.73.212.231 - - [10/Apr/2013:21:12:31 -0400] "GET /about/board-of-directors?tmpl=component&print=1&page= HTTP/1.0" 200 142113 "http://www.mycompany.org/board-of-directors?tmpl=component&print=1&page=" "Mozilla/5.0 (Windows NT 5.1) AppleWebKit/537.11 (KHTML, like Gecko) Chrome/23.0.1271.91 Safari/537.11"
142.11.193.19 - - [10/Apr/2013:21:13:11 -0400] "GET /old/Feedback/mycompany_comm.html HTTP/1.0" 200 14615 "http://www.mycompany.org/old/Feedback/mycompany_comm.html" "Opera/9.80 (Windows NT 5.1; MRA 6.0 (build 5998)) Presto/2.12.388 Version/12.11"
142.11.193.19 - - [10/Apr/2013:21:13:11 -0400] "GET /CGI/guestbook.cgi?add HTTP/1.0" 200 1855 "http://www.mycompany.org/CGI/guestbook.cgi?add" "Opera/9.80 (Windows NT 5.1; MRA 6.0 (build 5998)) Presto/2.12.388 Version/12.11"
142.11.193.19 - - [10/Apr/2013:21:13:11 -0400] "POST /CGI/guestbook.cgi?add HTTP/1.0" 200 801 "http://www.mycompany.org/CGI/guestbook.cgi?add" "Opera/9.80 (Windows NT 5.1; MRA 6.0 (build 5998)) Presto/2.12.388 Version/12.11"
142.11.193.19 - - [10/Apr/2013:21:13:12 -0400] "GET /old/Feedback/mycompany_comm.html HTTP/1.0" 200 14615 "http://www.mycompany.org/old/Feedback/mycompany_comm.html" "Opera/9.80 (Windows NT 5.1; MRA 6.0 (build 5998)) Presto/2.12.388 Version/12.11"
142.11.193.19 - - [10/Apr/2013:21:13:12 -0400] "GET /old/Feedback/CGI/guestbook.cgi?add HTTP/1.0" 404 292 "http://www.mycompany.org/CGI/guestbook.cgi?add" "Opera/9.80 (Windows NT 5.1; MRA 6.0 (build 5998)) Presto/2.12.388 Version/12.11"
142.11.193.19 - - [10/Apr/2013:21:13:12 -0400] "GET /Feedback/CGI/guestbook.cgi?add HTTP/1.0" 404 288 "http://www.mycompany.org/Feedback/CGI/guestbook.cgi?add" "Opera/9.80 (Windows NT 5.1; MRA 6.0 (build 5998)) Presto/2.12.388 Version/12.11"
142.11.193.19 - - [10/Apr/2013:21:13:12 -0400] "GET /old/Feedback/CGI/guestbook.cgi?add HTTP/1.0" 404 292 "http://www.mycompany.org/old/Feedback/CGI/guestbook.cgi?add" "Opera/9.80 (Windows NT 5.1; MRA 6.0 (build 5998)) Presto/2.12.388 Version/12.11"
142.11.193.19 - - [10/Apr/2013:21:13:12 -0400] "GET /Feedback/CGI/guestbook.cgi?add HTTP/1.0" 404 288 "http://www.mycompany.org/Feedback/CGI/guestbook.cgi?add" "Opera/9.80 (Windows NT 5.1; MRA 6.0 (build 5998)) Presto/2.12.388 Version/12.11"
142.11.193.19 - - [10/Apr/2013:21:13:21 -0400] "GET /CGI/guestbook.cgi HTTP/1.0" 200 1377 "http://www.mycompany.org/CGI/guestbook.cgi" "Opera/9.80 (Windows NT 5.1; MRA 6.0 (build 5998)) Presto/2.12.388 Version/12.11"
142.11.193.19 - - [10/Apr/2013:21:13:22 -0400] "GET /CGI/guestbook.cgi?add HTTP/1.0" 200 1855 "http://www.mycompany.org/CGI/guestbook.cgi?add" "Opera/9.80 (Windows NT 5.1; MRA 6.0 (build 5998)) Presto/2.12.388 Version/12.11"
124.169.5.229 - - [10/Apr/2013:21:14:11 -0400] "GET /Activities/DGPJ2006/cultural.html HTTP/1.1" 200 12651 "http://www.google.com.bd/imgres?q=pakha&hl=en&biw=1280&bih=608&tbm=isch&tbnid=ezxeYmaH0iqQ8M:&imgrefurl=http://www.mycompany.org/Activities/DGPJ2006/cultural.html&docid=OjsT_Jpu07dhHM&imgurl=http://www.mycompany.org/Activities/DGPJ2006/PJmain_files/pakha.jpg&w=14" "-"
124.169.5.229 - - [10/Apr/2013:21:14:12 -0400] "GET /Activities/DGPJ2006/PJmain_files/eyes.jpg HTTP/1.1" 200 8608 "http://www.mycompany.org/Activities/DGPJ2006/cultural.html" "Mozilla/4.0 (compatible; MSIE 8.0; Windows NT 6.0; Trident/4.0; GTB7.4; SLCC1; .NET CLR 2.0.50727; Media Center PC 5.0; .NET CLR 3.5.30729; .NET CLR 3.0.30618; .NET CLR 1.1.4322)"
124.169.5.229 - - [10/Apr/2013:21:14:12 -0400] "GET /Activities/DGPJ2006/PJmain_files/garden.jpg HTTP/1.1" 200 23568 "http://www.mycompany.org/Activities/DGPJ2006/cultural.html" "Mozilla/4.0 (compatible; MSIE 8.0; Windows NT 6.0; Trident/4.0; GTB7.4; SLCC1; .NET CLR 2.0.50727; Media Center PC 5.0; .NET CLR 3.5.30729; .NET CLR 3.0.30618; .NET CLR 1.1."
124.169.5.229 - - [10/Apr/2013:21:14:12 -0400] "GET /Activities/DGPJ2006/PJmain_files/maDG.jpg HTTP/1.1" 200 22061 "http://www.mycompany.org/Activities/DGPJ2006/cultural.html" "Mozilla/4.0 (compatible; MSIE 8.0; Windows NT 6.0; Trident/4.0; GTB7.4; SLCC1; .NET CLR 2.0.50727; Media Center PC 5.0; .NET CLR 3.5.30729; .NET CLR 3.0.30618; .NET CLR 1"
124.169.5.229 - - [10/Apr/2013:21:14:12 -0400] "GET /Activities/DGPJ2006/PJmain_files/sidedeco.jpg HTTP/1.1" 200 808 "http://www.mycompany.org/Activities/DGPJ2006/cultural.html" "Mozilla/4.0 (compatible; MSIE 8.0; Windows NT 6.0; Trident/4.0; GTB7.4; SLCC1; .NET CLR 2.0.50727; Media Center PC 5.0; .NET CLR 3.5.30729; .NET CLR 3.0.30618; .NET CLR 1."
124.169.5.229 - - [10/Apr/2013:21:14:12 -0400] "GET /Activities/DGPJ2006/PJmain_files/babul.jpg HTTP/1.1" 200 13081 "http://www.mycompany.org/Activities/DGPJ2006/cultural.html" "Mozilla/4.0 (compatible; MSIE 8.0; Windows NT 6.0; Trident/4.0; GTB7.4; SLCC1; .NET CLR 2.0.50727; Media Center PC 5.0; .NET CLR 3.5.30729; .NET CLR 3.0.30618; .NET CLR 1.1.432"
124.169.5.229 - - [10/Apr/2013:21:14:12 -0400] "GET /Activities/DGPJ2006/PJmain_files/debojit5.jpg HTTP/1.1" 200 14998 "http://www.mycompany.org/Activities/DGPJ2006/cultural.html" "Mozilla/4.0 (compatible; MSIE 8.0; Windows NT 6.0; Trident/4.0; GTB7.4; SLCC1; .NET CLR 2.0.50727; Media Center PC 5.0; .NET CLR 3.5.30729; .NET CLR 3.0.30618; .NET CL"
124.169.5.229 - - [10/Apr/2013:21:14:12 -0400] "GET /Activities/DGPJ2006/PJmain_files/Saugato.jpg HTTP/1.1" 200 27143 "http://www.mycompany.org/Activities/DGPJ2006/cultural.html" "Mozilla/4.0 (compatible; MSIE 8.0; Windows NT 6.0; Trident/4.0; GTB7.4; SLCC1; .NET CLR 2.0.50727; Media Center PC 5.0; .NET CLR 3.5.30729; .NET CLR 3.0.30618; .NET CLR 1"
124.169.5.229 - - [10/Apr/2013:21:14:13 -0400] "GET /Activities/DGPJ2006/PJmain_files/printer.gif HTTP/1.1" 200 889 "http://www.mycompany.org/Activities/DGPJ2006/cultural.html" "Mozilla/4.0 (compatible; MSIE 8.0; Windows NT 6.0; Trident/4.0; GTB7.4; SLCC1; .NET CLR 2.0.50727; Media Center PC 5.0; .NET CLR 3.5.30729; .NET CLR 3.0.30618; .NET CLR 1.1.4"
124.169.5.229 - - [10/Apr/2013:21:14:13 -0400] "GET /Activities/DGPJ2006/PJmain_files/pakha.jpg HTTP/1.1" 200 29355 "http://www.google.com.bd/imgres?q=pakha&hl=en&biw=1280&bih=608&tbm=isch&tbnid=ezxeYmaH0iqQ8M:&imgrefurl=http://www.mycompany.org/Activities/DGPJ2006/cultural.html&docid=OjsT_Jpu07dhHM&imgurl=http://www.mycompany.org/Activities/DGPJ2" "-"
124.169.5.229 - - [10/Apr/2013:21:14:13 -0400] "GET /Activities/DGPJ2006/PJmain_files/redbar.jpg HTTP/1.1" 200 490 "http://www.mycompany.org/Activities/DGPJ2006/cultural.html" "Mozilla/4.0 (compatible; MSIE 8.0; Windows NT 6.0; Trident/4.0; GTB7.4; SLCC1; .NET CLR 2.0.50727; Media Center PC 5.0; .NET CLR 3.5.30729; .NET CLR 3.0.30618; .NET CLR 1.1.4322"
124.169.5.229 - - [10/Apr/2013:21:14:31 -0400] "GET /favicon.ico HTTP/1.1" 200 32038 "-" "Mozilla/4.0 (compatible; MSIE 8.0; Windows NT 6.0; Trident/4.0; GTB7.4; SLCC1; .NET CLR 2.0.50727; Media Center PC 5.0; .NET CLR 3.5.30729; .NET CLR 3.0.30618; .NET CLR 1.1.4322)"
220.250.52.66 - - [10/Apr/2013:21:15:28 -0400] "GET /CGI/guestbook.cgi?add HTTP/1.0" 200 1855 "http://www.mycompany.org/CGI/guestbook.cgi?add" "Mozilla/4.0 (compatible; MSIE 8.0; Windows NT 5.1; Trident/4.0; .NET CLR 2.0.50727; .NET CLR 3.0.4506.2152; .NET CLR 3.5.30729)"
91.207.6.34 - - [10/Apr/2013:21:15:44 -0400] "GET /old/Literary/SH/Spring00/Edit_sp00.html HTTP/1.1" 200 11229 "http://www.prostitutki-kharkova.org/" "Mozilla/4.0 (compatible; MSIE 6.0; Windows NT 5.1; SV1; FunWebProducts; .NET CLR 1.1.4322; PeoplePal 6.2)"
91.207.6.34 - - [10/Apr/2013:21:15:45 -0400] "GET /old/Literary/SH/Spring00/Edit_sp00.html HTTP/1.1" 200 11229 "http://www.prostitutki-kharkova.org/" "Mozilla/4.0 (compatible; MSIE 6.0; Windows NT 5.1; SV1; FunWebProducts; .NET CLR 1.1.4322; PeoplePal 6.2)"
91.207.6.34 - - [10/Apr/2013:21:15:46 -0400] "GET /old/Literary/SH/Spring00/Edit_sp00.html HTTP/1.1" 200 11229 "http://www.prostitutki-kharkova.org/" "Mozilla/4.0 (compatible; MSIE 6.0; Windows NT 5.1; SV1; FunWebProducts; .NET CLR 1.1.4322; PeoplePal 6.2)"
220.250.52.66 - - [10/Apr/2013:21:16:51 -0400] "GET /CGI/guestbook.cgi?add HTTP/1.0" 200 1855 "http://www.mycompany.org/CGI/guestbook.cgi?add" "Opera/9.80 (Windows NT 6.1; WOW64) Presto/2.12.388 Version/12.10"
183.62.115.227 - - [10/Apr/2013:21:17:33 -0400] "GET / HTTP/1.1" 200 73888 "-" "Mozilla/4.0 (compatible; MSIE 6.0; Windows NT 5.1)"
183.62.115.227 - - [10/Apr/2013:21:17:44 -0400] "GET /media/system/css/modal.css HTTP/1.1" 200 1159 "http://mycompany.org/" "Mozilla/4.0 (compatible; MSIE 6.0; Windows NT 5.1)"
183.62.115.227 - - [10/Apr/2013:21:17:45 -0400] "GET /components/com_k2/css/k2.css HTTP/1.1" 200 39699 "http://mycompany.org/" "Mozilla/4.0 (compatible; MSIE 6.0; Windows NT 5.1)"
183.62.115.227 - - [10/Apr/2013:21:17:46 -0400] "GET /plugins/system/rokbox/themes/light/rokbox-style.css HTTP/1.1" 200 2841 "http://mycompany.org/" "Mozilla/4.0 (compatible; MSIE 6.0; Windows NT 5.1)"
183.62.115.227 - - [10/Apr/2013:21:17:46 -0400] "GET /plugins/system/rokbox/themes/light/rokbox-style-ie6.css HTTP/1.1" 200 557 "http://mycompany.org/" "Mozilla/4.0 (compatible; MSIE 6.0; Windows NT 5.1)"
183.62.115.227 - - [10/Apr/2013:21:17:47 -0400] "GET /templates/rt_infuse_j15/css/template.css HTTP/1.1" 200 39906 "http://mycompany.org/" "Mozilla/4.0 (compatible; MSIE 6.0; Windows NT 5.1)"
183.62.115.227 - - [10/Apr/2013:21:17:48 -0400] "GET /templates/rt_infuse_j15/css/style2.css HTTP/1.1" 200 13171 "http://mycompany.org/" "Mozilla/4.0 (compatible; MSIE 6.0; Windows NT 5.1)"
183.62.115.227 - - [10/Apr/2013:21:17:49 -0400] "GET /templates/rt_infuse_j15/css/typography.css HTTP/1.1" 200 9197 "http://mycompany.org/" "Mozilla/4.0 (compatible; MSIE 6.0; Windows NT 5.1)"
183.62.115.227 - - [10/Apr/2013:21:17:49 -0400] "GET /templates/system/css/system.css HTTP/1.1" 200 1385 "http://mycompany.org/" "Mozilla/4.0 (compatible; MSIE 6.0; Windows NT 5.1)"
183.62.115.227 - - [10/Apr/2013:21:17:50 -0400] "GET /templates/system/css/general.css HTTP/1.1" 200 2777 "http://mycompany.org/" "Mozilla/4.0 (compatible; MSIE 6.0; Windows NT 5.1)"
183.62.115.227 - - [10/Apr/2013:21:17:51 -0400] "GET /templates/rt_infuse_j15/css/menu-fusion.css HTTP/1.1" 200 2934 "http://mycompany.org/" "Mozilla/4.0 (compatible; MSIE 6.0; Windows NT 5.1)"
183.62.115.227 - - [10/Apr/2013:21:17:51 -0400] "GET /modules/mod_bannerslider/tmpl/mod_bannerslider.css HTTP/1.1" 200 276 "http://mycompany.org/" "Mozilla/4.0 (compatible; MSIE 6.0; Windows NT 5.1)"
183.62.115.227 - - [10/Apr/2013:21:17:52 -0400] "GET /modules/mod_jf_twitter/assets/twitter.css HTTP/1.1" 200 3488 "http://mycompany.org/" "Mozilla/4.0 (compatible; MSIE 6.0; Windows NT 5.1)"
183.62.115.227 - - [10/Apr/2013:21:17:52 -0400] "GET /modules/mod_rokstories/tmpl/css/rokstories.css HTTP/1.1" 200 4890 "http://mycompany.org/" "Mozilla/4.0 (compatible; MSIE 6.0; Windows NT 5.1)"
183.62.115.227 - - [10/Apr/2013:21:17:53 -0400] "GET /modules/mod_rokstories/tmpl/css/rokstories-ie6.css HTTP/1.1" 200 126 "http://mycompany.org/" "Mozilla/4.0 (compatible; MSIE 6.0; Windows NT 5.1)"
183.62.115.227 - - [10/Apr/2013:21:17:54 -0400] "GET /media/system/js/mootools.js HTTP/1.1" 200 74434 "http://mycompany.org/" "Mozilla/4.0 (compatible; MSIE 6.0; Windows NT 5.1)"
183.62.115.227 - - [10/Apr/2013:21:17:57 -0400] "GET /media/system/js/modal.js HTTP/1.1" 200 10588 "http://mycompany.org/" "Mozilla/4.0 (compatible; MSIE 6.0; Windows NT 5.1)"
183.62.115.227 - - [10/Apr/2013:21:17:58 -0400] "GET /components/com_k2/js/k2.js HTTP/1.1" 200 3027 "http://mycompany.org/" "Mozilla/4.0 (compatible; MSIE 6.0; Windows NT 5.1)"
183.62.115.227 - - [10/Apr/2013:21:17:59 -0400] "GET /components/com_jfbconnect/includes/jfbconnect.js HTTP/1.1" 200 6553 "http://mycompany.org/" "Mozilla/4.0 (compatible; MSIE 6.0; Windows NT 5.1)"
183.62.115.227 - - [10/Apr/2013:21:18:00 -0400] "GET /media/system/js/caption.js HTTP/1.1" 200 1963 "http://mycompany.org/" "Mozilla/4.0 (compatible; MSIE 6.0; Windows NT 5.1)"
183.62.115.227 - - [10/Apr/2013:21:18:00 -0400] "GET /plugins/content/phocagalleryslideshow.js HTTP/1.1" 200 6734 "http://mycompany.org/" "Mozilla/4.0 (compatible; MSIE 6.0; Windows NT 5.1)"
66.249.74.128 - - [10/Apr/2013:21:18:42 -0400] "GET /robots.txt HTTP/1.1" 200 304 "-" "Mozilla/5.0 (compatible; Googlebot/2.1; +http://www.google.com/bot.html)"
94.142.135.62 - - [10/Apr/2013:21:18:45 -0400] "GET /events/pictures-of-past-events/15-DG-PJ-2012/detail/485-2012DGPJday2-140?tmpl=component&phocadownload=2 HTTP/1.1" 301 5 "-" "Mozilla/5.0 (Windows; U; Windows NT 5.1; en-US; rv:1.8.1.6) Gecko/20070725 Firefox/2.0.0.6"
188.92.78.124 - - [10/Apr/2013:21:18:48 -0400] "GET /events/pictures-of-past-events/15-DG-PJ-2012/detail/485-2012DGPJday2-140?tmpl=component&phocadownload=2 HTTP/1.1" 301 5 "-" "Mozilla/5.0 (Windows; U; Windows NT 5.1; en-US; rv:1.8.1.6) Gecko/20070725 Firefox/2.0.0.6"
66.249.74.128 - - [10/Apr/2013:21:18:48 -0400] "GET /events/pictures-of-past-events/15-DG-PJ-2012/detail/485-2012DGPJday2-140?tmpl=component&phocadownload=2 HTTP/1.1" 200 5 "-" "Mozilla/5.0 (compatible; Googlebot/2.1; +http://www.google.com/bot.html)"
199.21.99.67 - - [10/Apr/2013:21:19:06 -0400] "GET /robots.txt HTTP/1.1" 200 304 "-" "Mozilla/5.0 (compatible; YandexBot/3.0; +http://yandex.com/bots)"
199.21.99.67 - - [10/Apr/2013:21:19:10 -0400] "GET /events/past-events/2001-and-earlier/DG-PJ-1998 HTTP/1.1" 200 47756 "-" "Mozilla/5.0 (compatible; YandexBot/3.0; +http://yandex.com/bots)"
170.167.4.200 - - [10/Apr/2013:21:22:35 -0400] "GET /images/twitter_bird.png HTTP/1.1" 304 - "-" "Mozilla/4.0 (compatible;)"
66.249.74.85 - - [10/Apr/2013:21:22:37 -0400] "GET /Activities/DGPJ2007/ HTTP/1.1" 200 7943 "-" "Mozilla/5.0 (iPhone; U; CPU iPhone OS 4_1 like Mac OS X; en-us) AppleWebKit/532.9 (KHTML, like Gecko) Version/4.0.5 Mobile/8B117 Safari/6531.22.7 (compatible; Googlebot-Mobile/2.1; +http://www.google.com/bot.html)"
66.249.74.128 - - [10/Apr/2013:21:22:53 -0400] "GET /messages/showletter.php?id=28 HTTP/1.1" 200 2749 "-" "Mozilla/5.0 (compatible; Googlebot/2.1; +http://www.google.com/bot.html)"
131.253.38.99 - - [10/Apr/2013:21:23:00 -0400] "GET /robots.txt HTTP/1.1" 200 304 "-" "msnbot-media/1.1 (+http://search.msn.com/msnbot.htm)"
131.253.38.99 - - [10/Apr/2013:21:23:00 -0400] "GET /old/Literary/SH/ClipArt/HorizBorder1.gif HTTP/1.1" 200 1655 "-" "msnbot-media/1.1 (+http://search.msn.com/msnbot.htm)"
183.62.115.227 - - [10/Apr/2013:21:23:02 -0400] "GET / HTTP/1.1" 200 73908 "-" "Mozilla/4.0 (compatible; MSIE 6.0; Windows NT 5.1)"
46.118.119.252 - - [10/Apr/2013:21:23:04 -0400] "GET /old/Literary/SH/Spring00/Edit_sp00.html HTTP/1.1" 200 11229 "http://mskinweb.ru/" "Mozilla/4.0 (compatible; MSIE 6.0; Windows NT 5.1; SV1; MRA 4.6 (build 01425); MRSPUTNIK 1, 5, 0, 19 SW)"
46.118.119.252 - - [10/Apr/2013:21:23:04 -0400] "GET /old/Literary/SH/Spring00/Edit_sp00.html HTTP/1.1" 200 11229 "http://pornogig.com/" "Mozilla/4.0 (compatible; MSIE 6.0; Windows NT 5.1; SV1; MRA 4.6 (build 01425); MRSPUTNIK 1, 5, 0, 19 SW)"
46.118.119.252 - - [10/Apr/2013:21:23:05 -0400] "GET /old/Literary/SH/Spring00/Edit_sp00.html HTTP/1.1" 200 11229 "http://mskinweb.ru/" "Mozilla/4.0 (compatible; MSIE 6.0; Windows NT 5.1; SV1; MRA 4.6 (build 01425); MRSPUTNIK 1, 5, 0, 19 SW)"
46.118.119.252 - - [10/Apr/2013:21:23:05 -0400] "GET /old/Literary/SH/Spring00/Edit_sp00.html HTTP/1.1" 200 11229 "http://pornogig.com/" "Mozilla/4.0 (compatible; MSIE 6.0; Windows NT 5.1; SV1; MRA 4.6 (build 01425); MRSPUTNIK 1, 5, 0, 19 SW)"
46.118.119.252 - - [10/Apr/2013:21:23:05 -0400] "GET /old/Literary/SH/Spring00/Edit_sp00.html HTTP/1.1" 200 11229 "http://mskinweb.ru/" "Mozilla/4.0 (compatible; MSIE 6.0; Windows NT 5.1; SV1; MRA 4.6 (build 01425); MRSPUTNIK 1, 5, 0, 19 SW)"
46.118.119.252 - - [10/Apr/2013:21:23:05 -0400] "GET /old/Literary/SH/Spring00/Edit_sp00.html HTTP/1.1" 200 11229 "http://pornogig.com/" "Mozilla/4.0 (compatible; MSIE 6.0; Windows NT 5.1; SV1; MRA 4.6 (build 01425); MRSPUTNIK 1, 5, 0, 19 SW)"
183.62.115.227 - - [10/Apr/2013:21:23:13 -0400] "GET /media/system/css/modal.css HTTP/1.1" 200 1159 "http://www.mycompany.org/" "Mozilla/4.0 (compatible; MSIE 6.0; Windows NT 5.1)"
183.62.115.227 - - [10/Apr/2013:21:23:16 -0400] "GET /components/com_k2/css/k2.css HTTP/1.1" 200 39699 "http://www.mycompany.org/" "Mozilla/4.0 (compatible; MSIE 6.0; Windows NT 5.1)"
183.62.115.227 - - [10/Apr/2013:21:23:17 -0400] "GET /plugins/system/rokbox/themes/light/rokbox-style.css HTTP/1.1" 200 2841 "http://www.mycompany.org/" "Mozilla/4.0 (compatible; MSIE 6.0; Windows NT 5.1)"
183.62.115.227 - - [10/Apr/2013:21:23:17 -0400] "GET /plugins/system/rokbox/themes/light/rokbox-style-ie6.css HTTP/1.1" 200 557 "http://www.mycompany.org/" "Mozilla/4.0 (compatible; MSIE 6.0; Windows NT 5.1)"
183.62.115.227 - - [10/Apr/2013:21:23:18 -0400] "GET /templates/rt_infuse_j15/css/template.css HTTP/1.1" 200 39906 "http://www.mycompany.org/" "Mozilla/4.0 (compatible; MSIE 6.0; Windows NT 5.1)"
183.62.115.227 - - [10/Apr/2013:21:23:19 -0400] "GET /templates/rt_infuse_j15/css/style2.css HTTP/1.1" 200 13171 "http://www.mycompany.org/" "Mozilla/4.0 (compatible; MSIE 6.0; Windows NT 5.1)"
183.62.115.227 - - [10/Apr/2013:21:23:20 -0400] "GET /templates/rt_infuse_j15/css/typography.css HTTP/1.1" 200 9197 "http://www.mycompany.org/" "Mozilla/4.0 (compatible; MSIE 6.0; Windows NT 5.1)"
183.62.115.227 - - [10/Apr/2013:21:23:20 -0400] "GET /templates/system/css/system.css HTTP/1.1" 200 1385 "http://www.mycompany.org/" "Mozilla/4.0 (compatible; MSIE 6.0; Windows NT 5.1)"
183.62.115.227 - - [10/Apr/2013:21:23:21 -0400] "GET /templates/system/css/general.css HTTP/1.1" 200 2777 "http://www.mycompany.org/" "Mozilla/4.0 (compatible; MSIE 6.0; Windows NT 5.1)"
183.62.115.227 - - [10/Apr/2013:21:23:21 -0400] "GET /templates/rt_infuse_j15/css/menu-fusion.css HTTP/1.1" 200 2934 "http://www.mycompany.org/" "Mozilla/4.0 (compatible; MSIE 6.0; Windows NT 5.1)"
183.62.115.227 - - [10/Apr/2013:21:23:22 -0400] "GET /modules/mod_bannerslider/tmpl/mod_bannerslider.css HTTP/1.1" 200 276 "http://www.mycompany.org/" "Mozilla/4.0 (compatible; MSIE 6.0; Windows NT 5.1)"
183.62.115.227 - - [10/Apr/2013:21:23:22 -0400] "GET /modules/mod_jf_twitter/assets/twitter.css HTTP/1.1" 200 3488 "http://www.mycompany.org/" "Mozilla/4.0 (compatible; MSIE 6.0; Windows NT 5.1)"
183.62.115.227 - - [10/Apr/2013:21:23:23 -0400] "GET /modules/mod_rokstories/tmpl/css/rokstories.css HTTP/1.1" 200 4890 "http://www.mycompany.org/" "Mozilla/4.0 (compatible; MSIE 6.0; Windows NT 5.1)"
183.62.115.227 - - [10/Apr/2013:21:23:24 -0400] "GET /modules/mod_rokstories/tmpl/css/rokstories-ie6.css HTTP/1.1" 200 126 "http://www.mycompany.org/" "Mozilla/4.0 (compatible; MSIE 6.0; Windows NT 5.1)"
183.62.115.227 - - [10/Apr/2013:21:23:25 -0400] "GET /media/system/js/mootools.js HTTP/1.1" 200 74434 "http://www.mycompany.org/" "Mozilla/4.0 (compatible; MSIE 6.0; Windows NT 5.1)"
183.62.115.227 - - [10/Apr/2013:21:23:25 -0400] "GET /media/system/js/modal.js HTTP/1.1" 200 10588 "http://www.mycompany.org/" "Mozilla/4.0 (compatible; MSIE 6.0; Windows NT 5.1)"
183.62.115.227 - - [10/Apr/2013:21:23:26 -0400] "GET /components/com_k2/js/k2.js HTTP/1.1" 200 3027 "http://www.mycompany.org/" "Mozilla/4.0 (compatible; MSIE 6.0; Windows NT 5.1)"
183.62.115.227 - - [10/Apr/2013:21:23:27 -0400] "GET /components/com_jfbconnect/includes/jfbconnect.js HTTP/1.1" 200 6553 "http://www.mycompany.org/" "Mozilla/4.0 (compatible; MSIE 6.0; Windows NT 5.1)"
183.62.115.227 - - [10/Apr/2013:21:23:27 -0400] "GET /media/system/js/caption.js HTTP/1.1" 200 1963 "http://www.mycompany.org/" "Mozilla/4.0 (compatible; MSIE 6.0; Windows NT 5.1)"
183.62.115.227 - - [10/Apr/2013:21:23:28 -0400] "GET /plugins/content/phocagalleryslideshow.js HTTP/1.1" 200 6734 "http://www.mycompany.org/" "Mozilla/4.0 (compatible; MSIE 6.0; Windows NT 5.1)"
94.142.135.62 - - [10/Apr/2013:21:29:26 -0400] "GET /events/pictures-of-past-events/15-DG-PJ-2012/detail/453-2012DGPJday2-090?tmpl=component&phocadownload=2 HTTP/1.1" 301 5 "-" "Mozilla/5.0 (Windows; U; Windows NT 5.1; en-US; rv:1.8.1.6) Gecko/20070725 Firefox/2.0.0.6"
188.92.78.124 - - [10/Apr/2013:21:29:29 -0400] "GET /events/pictures-of-past-events/15-DG-PJ-2012/detail/453-2012DGPJday2-090?tmpl=component&phocadownload=2 HTTP/1.1" 301 5 "-" "Mozilla/5.0 (Windows; U; Windows NT 5.1; en-US; rv:1.8.1.6) Gecko/20070725 Firefox/2.0.0.6"
66.249.74.128 - - [10/Apr/2013:21:29:30 -0400] "GET /events/pictures-of-past-events/15-DG-PJ-2012/detail/453-2012DGPJday2-090?tmpl=component&phocadownload=2 HTTP/1.1" 200 5 "-" "Mozilla/5.0 (compatible; Googlebot/2.1; +http://www.google.com/bot.html)"
188.92.72.128 - - [10/Apr/2013:21:32:04 -0400] "GET / HTTP/1.1" 200 62 "-" "ANTIPIDERSIA"
218.30.103.135 - - [10/Apr/2013:21:33:02 -0400] "GET /Literary/SH/Spring00/Cont_sp00.html HTTP/1.1" 200 6575 "-" "Sogou web spider/4.0(+http://www.sogou.com/docs/help/webmasters.htm#07)"
157.56.93.226 - - [10/Apr/2013:21:35:17 -0400] "GET /Activities/DGPJ2008/ HTTP/1.1" 304 - "-" "Mozilla/5.0 (compatible; bingbot/2.0; +http://www.bing.com/bingbot.htm)"
66.249.74.128 - - [10/Apr/2013:21:35:44 -0400] "GET /CGI/letterdetails.cgi?letter=letter0181 HTTP/1.1" 200 4930 "-" "Mozilla/5.0 (iPhone; U; CPU iPhone OS 4_1 like Mac OS X; en-us) AppleWebKit/532.9 (KHTML, like Gecko) Version/4.0.5 Mobile/8B117 Safari/6531.22.7 (compatible; Googlebot-Mobile/2.1; +http://www.google.com/bot.html)"
66.249.74.128 - - [10/Apr/2013:21:39:54 -0400] "GET /Gifts HTTP/1.1" 200 11170 "-" "Mozilla/5.0 (compatible; Googlebot/2.1; +http://www.google.com/bot.html)"
180.76.5.19 - - [10/Apr/2013:21:41:11 -0400] "GET /events/KL-PJ-2010 HTTP/1.1" 200 9977 "-" "Mozilla/5.0 (compatible; Baiduspider/2.0; +http://www.baidu.com/search/spider.html)"
199.21.99.67 - - [10/Apr/2013:21:41:16 -0400] "GET /events/past-events/2007/DG-PJ-2007 HTTP/1.1" 200 60525 "-" "Mozilla/5.0 (compatible; YandexBot/3.0; +http://yandex.com/bots)"
60.182.158.130 - - [10/Apr/2013:21:41:26 -0400] "GET /CGI/guestbook.cgi?add HTTP/1.0" 200 1855 "http://www.mycompany.org/CGI/guestbook.cgi?add" "Mozilla/5.0 (Windows NT 6.0; rv:17.0) Gecko/17.0 Firefox/17.0"
60.182.158.130 - - [10/Apr/2013:21:41:31 -0400] "POST /CGI/guestbook.cgi?add HTTP/1.0" 200 799 "http://www.mycompany.org/CGI/guestbook.cgi?add" "Mozilla/5.0 (Windows NT 6.0; rv:17.0) Gecko/17.0 Firefox/17.0"
60.182.158.130 - - [10/Apr/2013:21:41:33 -0400] "GET /old/Feedback/mycompany_comm.html HTTP/1.0" 200 14615 "http://www.mycompany.org/old/Feedback/mycompany_comm.html" "Mozilla/5.0 (Windows NT 6.0; rv:17.0) Gecko/17.0 Firefox/17.0"
82.145.216.13 - - [10/Apr/2013:21:42:06 -0400] "GET /images/phocagallery/5.rss HTTP/1.1" 404 299 "-" "Mozilla/4.0 (Windows 98; US) Opera 10.00 [en]"
82.145.208.104 - - [10/Apr/2013:21:42:07 -0400] "GET /images/phocagallery/5.rss HTTP/1.1" 404 299 "-" "Mozilla/4.0 (Windows 98; US) Opera 10.00 [en]"
46.105.52.168 - - [10/Apr/2013:21:43:43 -0400] "GET /Community/mycompany_community.html HTTP/1.0" 404 1390 "http://www.mycompany.org/Community/mycompany_community.html" "Opera/9.80 (Windows NT 6.0; U; ru) Presto/2.10.289 Version/12.02"
46.105.52.168 - - [10/Apr/2013:21:43:45 -0400] "GET /Community/mycompany_community.html HTTP/1.1" 200 10652 "-" "start.exe"
46.105.52.168 - - [10/Apr/2013:21:43:50 -0400] "GET /Community/mycompany_community.html HTTP/1.0" 404 1390 "http://mycompany.org/Community/mycompany_community.html" "Opera/9.80 (Windows NT 6.2; WOW64; MRA 8.0 (build 5784)) Presto/2.12.388 Version/12.11"
46.105.52.168 - - [10/Apr/2013:21:43:52 -0400] "GET /Community/mycompany_community.htmlindex.php HTTP/1.0" 404 1390 "http://www.mycompany.org/Community/mycompany_community.htmlindex.php" "Mozilla/5.0 (Windows NT 5.1) AppleWebKit/537.11 (KHTML, like Gecko) Chrome/23.0.1271.91 Safari/537.11"
60.182.155.98 - - [10/Apr/2013:21:44:42 -0400] "GET /CGI/guestbook.cgi?add HTTP/1.0" 200 1855 "http://www.mycompany.org/CGI/guestbook.cgi?add" "Opera/9.80 (Windows NT 6.1; MRA 6.0 (build 5970)) Presto/2.12.388 Version/12.11"
60.182.155.98 - - [10/Apr/2013:21:44:44 -0400] "POST /CGI/guestbook.cgi?add HTTP/1.0" 200 799 "http://www.mycompany.org/CGI/guestbook.cgi?add" "Opera/9.80 (Windows NT 6.1; MRA 6.0 (build 5970)) Presto/2.12.388 Version/12.11"
60.182.155.98 - - [10/Apr/2013:21:44:46 -0400] "GET /old/Feedback/mycompany_comm.html HTTP/1.0" 200 14615 "http://www.mycompany.org/old/Feedback/mycompany_comm.html" "Opera/9.80 (Windows NT 6.1; MRA 6.0 (build 5970)) Presto/2.12.388 Version/12.11"
199.30.20.21 - - [10/Apr/2013:21:45:57 -0400] "GET /robots.txt HTTP/1.1" 200 304 "-" "msnbot-media/1.1 (+http://search.msn.com/msnbot.htm)"
199.30.20.21 - - [10/Apr/2013:21:45:58 -0400] "GET /old/Pictures/Icons/MovingNewOval.gif HTTP/1.1" 200 26402 "-" "msnbot-media/1.1 (+http://search.msn.com/msnbot.htm)"
199.30.20.21 - - [10/Apr/2013:21:45:58 -0400] "GET /old/Pictures/Icons/newanim2.gif HTTP/1.1" 200 304 "-" "msnbot-media/1.1 (+http://search.msn.com/msnbot.htm)"
94.142.135.62 - - [10/Apr/2013:21:46:09 -0400] "GET /events/pictures-of-past-events/15-DG-PJ-2012/detail/528-2012DGPJday2-229?tmpl=component&phocadownload=2 HTTP/1.1" 301 5 "-" "Mozilla/5.0 (Windows; U; Windows NT 5.1; en-US; rv:1.8.1.6) Gecko/20070725 Firefox/2.0.0.6"
188.92.78.124 - - [10/Apr/2013:21:46:12 -0400] "GET /events/pictures-of-past-events/15-DG-PJ-2012/detail/528-2012DGPJday2-229?tmpl=component&phocadownload=2 HTTP/1.1" 301 5 "-" "Mozilla/5.0 (Windows; U; Windows NT 5.1; en-US; rv:1.8.1.6) Gecko/20070725 Firefox/2.0.0.6"
66.249.74.128 - - [10/Apr/2013:21:46:13 -0400] "GET /events/pictures-of-past-events/15-DG-PJ-2012/detail/528-2012DGPJday2-229?tmpl=component&phocadownload=2 HTTP/1.1" 200 5 "-" "Mozilla/5.0 (compatible; Googlebot/2.1; +http://www.google.com/bot.html)"
218.72.142.184 - - [10/Apr/2013:21:47:10 -0400] "GET /CGI/guestbook.cgi?add+%5BPLM=0%5D%5BN%5D+GET+http://www.mycompany.org/CGI/guestbook.cgi?add+%5B0,3019,2073%5D+-%3E+%5BN%5D+POST+http://www.mycompany.org/CGI/guestbook.cgi?add+%5B0,0,1019%5D+-%3E+%5BN%5D+GET+http://www.mycompany.org/old/Feedback/mycompany_comm.html+%5B0,0,14937%5D+-%3E+%5BN%5D+GET+http://www.mycompany.org/CGI/guestbook.cgi+%5B11903,0,1597%5D HTTP/1.0" 200 1377 "htt" "-"
208.115.111.68 - - [10/Apr/2013:21:47:56 -0400] "GET /component/mailto/?tmpl=component&link=aHR0cDovL3ByYWJhc2kub3JnL2NvbW11bml0eS9zb2NpYWwtbmV0d29ya2luZw%3D%3D HTTP/1.1" 200 11868 "-" "Mozilla/5.0 (compatible; Ezooms/1.0; ezooms.bot@gmail.com)"
208.115.111.68 - - [10/Apr/2013:21:47:59 -0400] "GET /events/past-events/2003/DG-PJ-2003 HTTP/1.1" 200 52757 "-" "Mozilla/5.0 (compatible; Ezooms/1.0; ezooms.bot@gmail.com)"
208.115.111.68 - - [10/Apr/2013:21:48:02 -0400] "GET /events/purchase-event-tickets HTTP/1.1" 200 56546 "-" "Mozilla/5.0 (compatible; Ezooms/1.0; ezooms.bot@gmail.com)"
208.115.111.68 - - [10/Apr/2013:21:48:05 -0400] "GET /home/38-fp-rokstories/158-SW-PJ-2013-frontpage HTTP/1.1" 200 75344 "-" "Mozilla/5.0 (compatible; Ezooms/1.0; ezooms.bot@gmail.com)"
208.115.111.68 - - [10/Apr/2013:21:48:07 -0400] "GET /old/Activities/DGPJ2002/programs.html HTTP/1.1" 200 22233 "-" "Mozilla/5.0 (compatible; Ezooms/1.0; ezooms.bot@gmail.com)"
66.249.74.128 - - [10/Apr/2013:21:48:51 -0400] "GET /about/mission-and-vision HTTP/1.1" 200 57045 "-" "Mozilla/5.0 (iPhone; U; CPU iPhone OS 4_1 like Mac OS X; en-us) AppleWebKit/532.9 (KHTML, like Gecko) Version/4.0.5 Mobile/8B117 Safari/6531.22.7 (compatible; Googlebot-Mobile/2.1; +http://www.google.com/bot.html)"
66.249.74.128 - - [10/Apr/2013:21:49:58 -0400] "GET /messages/showletter.php?id=87 HTTP/1.1" 200 2469 "-" "Mozilla/5.0 (compatible; Googlebot/2.1; +http://www.google.com/bot.html)"
94.142.135.62 - - [10/Apr/2013:21:50:31 -0400] "GET /events/pictures-of-past-events/15-DG-PJ-2012/detail/448-2012DGPJday2-085?tmpl=component&phocadownload=2 HTTP/1.1" 301 5 "-" "Mozilla/5.0 (Windows; U; Windows NT 5.1; en-US; rv:1.8.1.6) Gecko/20070725 Firefox/2.0.0.6"
188.92.78.124 - - [10/Apr/2013:21:50:33 -0400] "GET /events/pictures-of-past-events/15-DG-PJ-2012/detail/448-2012DGPJday2-085?tmpl=component&phocadownload=2 HTTP/1.1" 301 5 "-" "Mozilla/5.0 (Windows; U; Windows NT 5.1; en-US; rv:1.8.1.6) Gecko/20070725 Firefox/2.0.0.6"
66.249.74.128 - - [10/Apr/2013:21:50:34 -0400] "GET /events/pictures-of-past-events/15-DG-PJ-2012/detail/448-2012DGPJday2-085?tmpl=component&phocadownload=2 HTTP/1.1" 200 5 "-" "Mozilla/5.0 (compatible; Googlebot/2.1; +http://www.google.com/bot.html)"
218.72.143.94 - - [10/Apr/2013:21:55:40 -0400] "GET /CGI/guestbook.cgi?add+%5BPLM=0%5D%5BN%5D+GET+http://www.mycompany.org/CGI/guestbook.cgi?add+%5B0,3019,2073%5D+-%3E+%5BN%5D+POST+http://www.mycompany.org/CGI/guestbook.cgi?add+%5B0,0,1019%5D+-%3E+%5BN%5D+GET+http://www.mycompany.org/old/Feedback/mycompany_comm.html+%5B0,0,14937%5D+-%3E+%5BN%5D+GET+http://www.mycompany.org/CGI/guestbook.cgi+%5B11903,0,1597%5D HTTP/1.0" 200 1377 "http" "-"
175.44.16.254 - - [10/Apr/2013:21:59:51 -0400] "GET /Community/mycompany_community.html HTTP/1.0" 404 1390 "http://www.mycompany.org/Community/mycompany_community.html" "Mozilla/5.0 (Windows NT 5.1) AppleWebKit/537.11 (KHTML, like Gecko) Chrome/23.0.1271.95 Safari/537.11"
175.44.16.254 - - [10/Apr/2013:22:00:13 -0400] "GET / HTTP/1.0" 200 72249 "http://www.mycompany.org/" "Mozilla/5.0 (Windows NT 5.1) AppleWebKit/537.11 (KHTML, like Gecko) Chrome/23.0.1271.95 Safari/537.11"
175.44.16.254 - - [10/Apr/2013:22:00:42 -0400] "GET /about/board-of-directors HTTP/1.0" 200 50032 "http://www.mycompany.org/about/board-of-directors" "Mozilla/5.0 (Windows NT 5.1) AppleWebKit/537.11 (KHTML, like Gecko) Chrome/23.0.1271.95 Safari/537.11"
175.44.16.254 - - [10/Apr/2013:22:00:48 -0400] "GET /about/board-of-directors?format=pdf HTTP/1.0" 200 36 "http://www.mycompany.org/board-of-directors?format=pdf" "Mozilla/5.0 (Windows NT 5.1) AppleWebKit/537.11 (KHTML, like Gecko) Chrome/23.0.1271.95 Safari/537.11"
112.110.247.231 - - [10/Apr/2013:22:01:05 -0400] "GET /Activities/DGPJ2007/images/ma_DG2002.gif HTTP/1.1" 200 5645 "http://www.google.com/imgres?imgurl=http://www.mycompany.org/Activities/DGPJ2007/images/ma_DG2002.gif&imgrefurl=http://www.mycompany.org/Activities/DGPJ2007/programs.html&usg=__LZlgxvctOWzgo0M_odldaelnI_Y=&h=171&w=192&sz=6&hl=en&sta" "-"
94.142.135.62 - - [10/Apr/2013:22:01:06 -0400] "GET /events/pictures-of-past-events/15-DG-PJ-2012/detail/444-2012DGPJday2-079?tmpl=component&phocadownload=2 HTTP/1.1" 301 5 "-" "Mozilla/5.0 (Windows; U; Windows NT 5.1; en-US; rv:1.8.1.6) Gecko/20070725 Firefox/2.0.0.6"
175.44.16.254 - - [10/Apr/2013:22:01:08 -0400] "GET /about/board-of-directors?tmpl=component&print=1&page= HTTP/1.0" 200 142113 "http://www.mycompany.org/board-of-directors?tmpl=component&print=1&page=" "Mozilla/5.0 (Windows NT 5.1) AppleWebKit/537.11 (KHTML, like Gecko) Chrome/23.0.1271.95 Safari/537.11"
188.92.78.124 - - [10/Apr/2013:22:01:09 -0400] "GET /events/pictures-of-past-events/15-DG-PJ-2012/detail/444-2012DGPJday2-079?tmpl=component&phocadownload=2 HTTP/1.1" 301 5 "-" "Mozilla/5.0 (Windows; U; Windows NT 5.1; en-US; rv:1.8.1.6) Gecko/20070725 Firefox/2.0.0.6"
66.249.74.128 - - [10/Apr/2013:22:01:10 -0400] "GET /events/pictures-of-past-events/15-DG-PJ-2012/detail/444-2012DGPJday2-079?tmpl=component&phocadownload=2 HTTP/1.1" 200 5 "-" "Mozilla/5.0 (compatible; Googlebot/2.1; +http://www.google.com/bot.html)"
66.249.74.128 - - [10/Apr/2013:22:02:48 -0400] "GET /events/past-events/2004/DG-PJ-2004 HTTP/1.1" 200 46677 "-" "Mozilla/5.0 (iPhone; U; CPU iPhone OS 4_1 like Mac OS X; en-us) AppleWebKit/532.9 (KHTML, like Gecko) Version/4.0.5 Mobile/8B117 Safari/6531.22.7 (compatible; Googlebot-Mobile/2.1; +http://www.google.com/bot.html)"
199.30.20.93 - - [10/Apr/2013:22:07:53 -0400] "GET /robots.txt HTTP/1.1" 200 304 "-" "msnbot-media/1.1 (+http://search.msn.com/msnbot.htm)"
199.30.20.93 - - [10/Apr/2013:22:07:53 -0400] "GET /Activities/DGPJ2004/images/DGPJ2004_1pane9_7_.jpg HTTP/1.1" 200 462 "-" "msnbot-media/1.1 (+http://search.msn.com/msnbot.htm)"
178.33.10.251 - - [10/Apr/2013:22:08:09 -0400] "GET /events/past-events/past-events-2011/rabindra-jayanti-2011 HTTP/1.0" 200 61973 "http://www.mycompany.org/" "Opera/9.80 (Windows NT 5.1; U; en) Presto/2.10.289 Version/12.01"
178.33.10.251 - - [10/Apr/2013:22:08:10 -0400] "GET /components/com_jfbconnect/assets/jfbcchannel.html HTTP/1.0" 200 59 "http://www.mycompany.org/" "Opera/9.80 (Windows NT 5.1; U; en) Presto/2.10.289 Version/12.01"
125.112.29.118 - - [10/Apr/2013:22:09:16 -0400] "GET /CGI/guestbook.cgi?add HTTP/1.0" 200 1855 "http://www.mycompany.org/CGI/guestbook.cgi?add" "Mozilla/5.0 (Windows NT 6.1) AppleWebKit/535.1 (KHTML, like Gecko) Chrome/14.0.835.163 Safari/535.1"
67.170.216.153 - - [10/Apr/2013:22:09:29 -0400] "GET / HTTP/1.1" 200 72318 "-" "Mozilla/5.0 (Windows NT 6.1; WOW64) AppleWebKit/537.31 (KHTML, like Gecko) Chrome/26.0.1410.43 Safari/537.31"
67.170.216.153 - - [10/Apr/2013:22:09:29 -0400] "GET /templates/rt_infuse_j15/css/typography.css HTTP/1.1" 200 9197 "http://mycompany.org/" "Mozilla/5.0 (Windows NT 6.1; WOW64) AppleWebKit/537.31 (KHTML, like Gecko) Chrome/26.0.1410.43 Safari/537.31"
67.170.216.153 - - [10/Apr/2013:22:09:29 -0400] "GET /templates/rt_infuse_j15/css/style2.css HTTP/1.1" 200 13171 "http://mycompany.org/" "Mozilla/5.0 (Windows NT 6.1; WOW64) AppleWebKit/537.31 (KHTML, like Gecko) Chrome/26.0.1410.43 Safari/537.31"
67.170.216.153 - - [10/Apr/2013:22:09:29 -0400] "GET /media/system/css/modal.css HTTP/1.1" 200 1159 "http://mycompany.org/" "Mozilla/5.0 (Windows NT 6.1; WOW64) AppleWebKit/537.31 (KHTML, like Gecko) Chrome/26.0.1410.43 Safari/537.31"
67.170.216.153 - - [10/Apr/2013:22:09:29 -0400] "GET /components/com_k2/js/k2.js HTTP/1.1" 200 3027 "http://mycompany.org/" "Mozilla/5.0 (Windows NT 6.1; WOW64) AppleWebKit/537.31 (KHTML, like Gecko) Chrome/26.0.1410.43 Safari/537.31"
67.170.216.153 - - [10/Apr/2013:22:09:29 -0400] "GET /templates/rt_infuse_j15/css/template.css HTTP/1.1" 200 39906 "http://mycompany.org/" "Mozilla/5.0 (Windows NT 6.1; WOW64) AppleWebKit/537.31 (KHTML, like Gecko) Chrome/26.0.1410.43 Safari/537.31"
67.170.216.153 - - [10/Apr/2013:22:09:29 -0400] "GET /templates/system/css/system.css HTTP/1.1" 200 1385 "http://mycompany.org/" "Mozilla/5.0 (Windows NT 6.1; WOW64) AppleWebKit/537.31 (KHTML, like Gecko) Chrome/26.0.1410.43 Safari/537.31"
67.170.216.153 - - [10/Apr/2013:22:09:29 -0400] "GET /templates/system/css/general.css HTTP/1.1" 200 2777 "http://mycompany.org/" "Mozilla/5.0 (Windows NT 6.1; WOW64) AppleWebKit/537.31 (KHTML, like Gecko) Chrome/26.0.1410.43 Safari/537.31"
67.170.216.153 - - [10/Apr/2013:22:09:29 -0400] "GET /components/com_k2/css/k2.css HTTP/1.1" 200 39699 "http://mycompany.org/" "Mozilla/5.0 (Windows NT 6.1; WOW64) AppleWebKit/537.31 (KHTML, like Gecko) Chrome/26.0.1410.43 Safari/537.31"
67.170.216.153 - - [10/Apr/2013:22:09:29 -0400] "GET /templates/rt_infuse_j15/css/menu-fusion.css HTTP/1.1" 200 2934 "http://mycompany.org/" "Mozilla/5.0 (Windows NT 6.1; WOW64) AppleWebKit/537.31 (KHTML, like Gecko) Chrome/26.0.1410.43 Safari/537.31"
67.170.216.153 - - [10/Apr/2013:22:09:29 -0400] "GET /plugins/system/rokbox/themes/light/rokbox-style.css HTTP/1.1" 200 2841 "http://mycompany.org/" "Mozilla/5.0 (Windows NT 6.1; WOW64) AppleWebKit/537.31 (KHTML, like Gecko) Chrome/26.0.1410.43 Safari/537.31"
67.170.216.153 - - [10/Apr/2013:22:09:29 -0400] "GET /modules/mod_bannerslider/tmpl/mod_bannerslider.css HTTP/1.1" 200 276 "http://mycompany.org/" "Mozilla/5.0 (Windows NT 6.1; WOW64) AppleWebKit/537.31 (KHTML, like Gecko) Chrome/26.0.1410.43 Safari/537.31"
67.170.216.153 - - [10/Apr/2013:22:09:29 -0400] "GET /modules/mod_jf_twitter/assets/twitter.css HTTP/1.1" 200 3488 "http://mycompany.org/" "Mozilla/5.0 (Windows NT 6.1; WOW64) AppleWebKit/537.31 (KHTML, like Gecko) Chrome/26.0.1410.43 Safari/537.31"
67.170.216.153 - - [10/Apr/2013:22:09:29 -0400] "GET /modules/mod_rokstories/tmpl/css/rokstories.css HTTP/1.1" 200 4890 "http://mycompany.org/" "Mozilla/5.0 (Windows NT 6.1; WOW64) AppleWebKit/537.31 (KHTML, like Gecko) Chrome/26.0.1410.43 Safari/537.31"
67.170.216.153 - - [10/Apr/2013:22:09:29 -0400] "GET /media/system/js/modal.js HTTP/1.1" 200 10588 "http://mycompany.org/" "Mozilla/5.0 (Windows NT 6.1; WOW64) AppleWebKit/537.31 (KHTML, like Gecko) Chrome/26.0.1410.43 Safari/537.31"
67.170.216.153 - - [10/Apr/2013:22:09:29 -0400] "GET /media/system/js/caption.js HTTP/1.1" 200 1963 "http://mycompany.org/" "Mozilla/5.0 (Windows NT 6.1; WOW64) AppleWebKit/537.31 (KHTML, like Gecko) Chrome/26.0.1410.43 Safari/537.31"
67.170.216.153 - - [10/Apr/2013:22:09:29 -0400] "GET /components/com_jfbconnect/includes/jfbconnect.js HTTP/1.1" 200 6553 "http://mycompany.org/" "Mozilla/5.0 (Windows NT 6.1; WOW64) AppleWebKit/537.31 (KHTML, like Gecko) Chrome/26.0.1410.43 Safari/537.31"
67.170.216.153 - - [10/Apr/2013:22:09:29 -0400] "GET /plugins/content/phocagalleryslideshow.js HTTP/1.1" 200 6734 "http://mycompany.org/" "Mozilla/5.0 (Windows NT 6.1; WOW64) AppleWebKit/537.31 (KHTML, like Gecko) Chrome/26.0.1410.43 Safari/537.31"
67.170.216.153 - - [10/Apr/2013:22:09:29 -0400] "GET /plugins/system/rokbox/rokbox.js HTTP/1.1" 200 22076 "http://mycompany.org/" "Mozilla/5.0 (Windows NT 6.1; WOW64) AppleWebKit/537.31 (KHTML, like Gecko) Chrome/26.0.1410.43 Safari/537.31"
67.170.216.153 - - [10/Apr/2013:22:09:30 -0400] "GET /media/system/js/mootools.js HTTP/1.1" 200 74434 "http://mycompany.org/" "Mozilla/5.0 (Windows NT 6.1; WOW64) AppleWebKit/537.31 (KHTML, like Gecko) Chrome/26.0.1410.43 Safari/537.31"
67.170.216.153 - - [10/Apr/2013:22:09:30 -0400] "GET /plugins/system/rokbox/themes/light/rokbox-config.js HTTP/1.1" 200 2598 "http://mycompany.org/" "Mozilla/5.0 (Windows NT 6.1; WOW64) AppleWebKit/537.31 (KHTML, like Gecko) Chrome/26.0.1410.43 Safari/537.31"
125.112.29.118 - - [10/Apr/2013:22:09:30 -0400] "POST /CGI/guestbook.cgi?add HTTP/1.0" 200 799 "http://www.mycompany.org/CGI/guestbook.cgi?add" "Mozilla/5.0 (Windows NT 6.1) AppleWebKit/535.1 (KHTML, like Gecko) Chrome/14.0.835.163 Safari/535.1"
67.170.216.153 - - [10/Apr/2013:22:09:30 -0400] "GET /templates/rt_infuse_j15/js/rokfonts.js HTTP/1.1" 200 747 "http://mycompany.org/" "Mozilla/5.0 (Windows NT 6.1; WOW64) AppleWebKit/537.31 (KHTML, like Gecko) Chrome/26.0.1410.43 Safari/537.31"
