119.147.6.60 - - [10/Apr/2013:20:05:11 -0400] "GET /modules/mod_jf_twitter/assets/twitter.css HTTP/1.1" 200 3488 "http://mycompany.org/" "Mozilla/4.0 (compatible; MSIE 6.0; Windows NT 5.1)"
119.147.6.60 - - [10/Apr/2013:20:05:12 -0400] "GET /modules/mod_rokstories/tmpl/css/rokstories.css HTTP/1.1" 200 4890 "http://mycompany.org/" "Mozilla/4.0 (compatible; MSIE 6.0; Windows NT 5.1)"
119.147.6.60 - - [10/Apr/2013:20:05:12 -0400] "GET /modules/mod_rokstories/tmpl/css/rokstories-ie6.css HTTP/1.1" 200 126 "http://mycompany.org/" "Mozilla/4.0 (compatible; MSIE 6.0; Windows NT 5.1)"
119.147.6.60 - - [10/Apr/2013:20:05:13 -0400] "GET /media/system/js/mootools.js HTTP/1.1" 200 74434 "http://mycompany.org/" "Mozilla/4.0 (compatible; MSIE 6.0; Windows NT 5.1)"
119.147.6.60 - - [10/Apr/2013:20:05:14 -0400] "GET /media/system/js/modal.js HTTP/1.1" 200 10588 "http://mycompany.org/" "Mozilla/4.0 (compatible; MSIE 6.0; Windows NT 5.1)"
119.147.6.60 - - [10/Apr/2013:20:05:15 -0400] "GET /components/com_k2/js/k2.js HTTP/1.1" 200 3027 "http://mycompany.org/" "Mozilla/4.0 (compatible; MSIE 6.0; Windows NT 5.1)"
119.147.6.60 - - [10/Apr/2013:20:05:15 -0400] "GET /components/com_jfbconnect/includes/jfbconnect.js HTTP/1.1" 200 6553 "http://mycompany.org/" "Mozilla/4.0 (compatible; MSIE 6.0; Windows NT 5.1)"
119.147.6.60 - - [10/Apr/2013:20:05:16 -0400] "GET /media/system/js/caption.js HTTP/1.1" 200 1963 "http://mycompany.org/" "Mozilla/4.0 (compatible; MSIE 6.0; Windows NT 5.1)"
119.147.6.60 - - [10/Apr/2013:20:05:16 -0400] "GET /plugins/content/phocagalleryslideshow.js HTTP/1.1" 200 6734 "http://mycompany.org/" "Mozilla/4.0 (compatible; MSIE 6.0; Windows NT 5.1)"
199.21.99.67 - - [10/Apr/2013:20:05:54 -0400] "GET / HTTP/1.1" 200 272010 "-" "Mozilla/5.0 (compatible; YandexBot/3.0; +http://yandex.com/bots)"
66.249.74.128 - - [10/Apr/2013:20:06:41 -0400] "GET /CGI/letterdetails.cgi?letter=letter0294 HTTP/1.1" 200 2728 "-" "Mozilla/5.0 (compatible; Googlebot/2.1; +http://www.google.com/bot.html)"
60.169.77.114 - - [10/Apr/2013:20:07:01 -0400] "GET / HTTP/1.0" 200 72252 "http://www.mycompany.org/" "Opera/9.80 (Windows NT 5.1; Edition Yx) Presto/2.12.388 Version/12.11"
60.169.77.114 - - [10/Apr/2013:20:07:06 -0400] "GET /about/board-of-directors HTTP/1.0" 200 50032 "http://www.mycompany.org/about/board-of-directors" "Opera/9.80 (Windows NT 5.1; Edition Yx) Presto/2.12.388 Version/12.11"
60.169.77.114 - - [10/Apr/2013:20:07:08 -0400] "GET /about/board-of-directors?format=pdf HTTP/1.0" 200 36 "http://www.mycompany.org/board-of-directors?format=pdf" "Opera/9.80 (Windows NT 5.1; Edition Yx) Presto/2.12.388 Version/12.11"
60.169.77.114 - - [10/Apr/2013:20:07:11 -0400] "GET /about/board-of-directors?tmpl=component&print=1&page= HTTP/1.0" 200 142113 "http://www.mycompany.org/board-of-directors?tmpl=component&print=1&page=" "Opera/9.80 (Windows NT 5.1; Edition Yx) Presto/2.12.388 Version/12.11"
60.169.77.114 - - [10/Apr/2013:20:07:18 -0400] "GET /CGI/guestbook.cgi HTTP/1.0" 200 1377 "http://www.mycompany.org/CGI/guestbook.cgi" "Opera/9.80 (Windows NT 5.1; Edition Yx) Presto/2.12.388 Version/12.11"
111.73.46.45 - - [10/Apr/2013:20:09:23 -0400] "GET /Community/mycompany_community.html HTTP/1.0" 404 1390 "http://www.mycompany.org/Community/mycompany_community.html" "Opera/9.80 (Windows NT 5.1) Presto/2.12.388 Version/12.10"
111.73.46.45 - - [10/Apr/2013:20:09:28 -0400] "GET / HTTP/1.0" 200 72261 "http://www.mycompany.org/" "Opera/9.80 (Windows NT 5.1) Presto/2.12.388 Version/12.10"
111.73.46.45 - - [10/Apr/2013:20:09:37 -0400] "GET /about/board-of-directors HTTP/1.0" 200 50032 "http://www.mycompany.org/about/board-of-directors" "Opera/9.80 (Windows NT 5.1) Presto/2.12.388 Version/12.10"
111.73.46.45 - - [10/Apr/2013:20:09:40 -0400] "GET /about/board-of-directors?format=pdf HTTP/1.0" 200 36 "http://www.mycompany.org/board-of-directors?format=pdf" "Opera/9.80 (Windows NT 5.1) Presto/2.12.388 Version/12.10"
111.73.46.45 - - [10/Apr/2013:20:09:42 -0400] "GET /about/board-of-directors?tmpl=component&print=1&page= HTTP/1.0" 200 142113 "http://www.mycompany.org/board-of-directors?tmpl=component&print=1&page=" "Opera/9.80 (Windows NT 5.1) Presto/2.12.388 Version/12.10"
96.127.144.29 - - [10/Apr/2013:20:14:10 -0400] "GET /events/pictures-of-past-events/15-DG-PJ-2012/detail/404-2012DGPJday2-015?phocadownload=2&tmpl=component HTTP/1.0" 301 0 "http://www.mycompany.org/" "Mozilla/5.0 (Windows NT 6.1; WOW64) AppleWebKit/535.1 (KHTML, like Gecko) Chrome/13.0.782.112 Safari/535.1"
96.127.144.29 - - [10/Apr/2013:20:14:24 -0400] "GET /events/past-events/past-events-2012/DG-PJ-2012-main HTTP/1.0" 200 62043 "http://www.mycompany.org/" "Mozilla/5.0 (Windows NT 6.1; WOW64) AppleWebKit/535.1 (KHTML, like Gecko) Chrome/13.0.782.112 Safari/535.1"
96.127.144.29 - - [10/Apr/2013:20:14:25 -0400] "GET /components/com_jfbconnect/assets/jfbcchannel.html HTTP/1.0" 200 59 "http://www.mycompany.org/" "Mozilla/5.0 (Windows NT 6.1; WOW64) AppleWebKit/535.1 (KHTML, like Gecko) Chrome/13.0.782.112 Safari/535.1"
96.127.144.29 - - [10/Apr/2013:20:14:26 -0400] "GET /components/com_jfbconnect/assets/jfbcchannel.html HTTP/1.0" 200 59 "http://www.mycompany.org/" "Mozilla/5.0 (Windows NT 6.1; WOW64) AppleWebKit/535.1 (KHTML, like Gecko) Chrome/13.0.782.112 Safari/535.1"
180.76.5.170 - - [10/Apr/2013:20:15:03 -0400] "GET /Community/mycompany_community.html HTTP/1.1" 200 8043 "-" "Mozilla/5.0 (compatible; Baiduspider/2.0; +http://www.baidu.com/search/spider.html)"
94.142.135.62 - - [10/Apr/2013:20:15:12 -0400] "GET /events/pictures-of-past-events/15-DG-PJ-2012/detail/467-2012DGPJday2-113?tmpl=component&phocadownload=2 HTTP/1.1" 301 5 "-" "Mozilla/5.0 (Windows; U; Windows NT 5.1; en-US; rv:1.8.1.6) Gecko/20070725 Firefox/2.0.0.6"
188.92.78.124 - - [10/Apr/2013:20:15:17 -0400] "GET /events/pictures-of-past-events/15-DG-PJ-2012/detail/467-2012DGPJday2-113?tmpl=component&phocadownload=2 HTTP/1.1" 301 5 "-" "Mozilla/5.0 (Windows; U; Windows NT 5.1; en-US; rv:1.8.1.6) Gecko/20070725 Firefox/2.0.0.6"
66.249.74.128 - - [10/Apr/2013:20:15:17 -0400] "GET /events/pictures-of-past-events/15-DG-PJ-2012/detail/467-2012DGPJday2-113?tmpl=component&phocadownload=2 HTTP/1.1" 200 5 "-" "Mozilla/5.0 (compatible; Googlebot/2.1; +http://www.google.com/bot.html)"
66.249.74.128 - - [10/Apr/2013:20:15:37 -0400] "GET /old/Literary/SH/Spring00/Item13_sp00.html HTTP/1.1" 304 - "-" "Mozilla/5.0 (iPhone; U; CPU iPhone OS 4_1 like Mac OS X; en-us) AppleWebKit/532.9 (KHTML, like Gecko) Version/4.0.5 Mobile/8B117 Safari/6531.22.7 (compatible; Googlebot-Mobile/2.1; +http://www.google.com/bot.html)"
199.30.16.21 - - [10/Apr/2013:20:15:43 -0400] "GET /robots.txt HTTP/1.1" 200 304 "-" "msnbot-media/1.1 (+http://search.msn.com/msnbot.htm)"
199.30.16.21 - - [10/Apr/2013:20:15:44 -0400] "GET /old/Literary/SH/Summer/RightBottom_su.gif HTTP/1.1" 200 571 "-" "msnbot-media/1.1 (+http://search.msn.com/msnbot.htm)"
66.249.74.85 - - [10/Apr/2013:20:16:28 -0400] "GET /old/Feedback/mycompany_comm.html HTTP/1.1" 200 14615 "-" "SAMSUNG-SGH-E250/1.0 Profile/MIDP-2.0 Configuration/CLDC-1.1 UP.Browser/6.2.3.3.c.1.101 (GUI) MMP/2.0 (compatible; Googlebot-Mobile/2.1; +http://www.google.com/bot.html)"
66.249.74.85 - - [10/Apr/2013:20:16:46 -0400] "GET /old/Gifts/index.html HTTP/1.1" 200 319 "-" "DoCoMo/2.0 N905i(c100;TB;W24H16) (compatible; Googlebot-Mobile/2.1; +http://www.google.com/bot.html)"
115.241.208.193 - - [10/Apr/2013:20:18:29 -0400] "GET /Activities/DGPJ2006/PJmain_files/dhaki_left.gif HTTP/1.1" 200 15902 "-" "Mozilla/5.0 (Windows NT 6.1; WOW64; rv:19.0) Gecko/20100101 Firefox/19.0"
94.142.135.62 - - [10/Apr/2013:20:21:13 -0400] "GET /events/pictures-of-past-events/15-DG-PJ-2012/detail/414-2012DGPJday2-038?phocadownload=2&tmpl=component HTTP/1.1" 301 5 "-" "Mozilla/5.0 (Windows; U; Windows NT 5.1; en-US; rv:1.8.1.6) Gecko/20070725 Firefox/2.0.0.6"
188.92.78.124 - - [10/Apr/2013:20:21:15 -0400] "GET /events/pictures-of-past-events/15-DG-PJ-2012/detail/414-2012DGPJday2-038?phocadownload=2&tmpl=component HTTP/1.1" 301 5 "-" "Mozilla/5.0 (Windows; U; Windows NT 5.1; en-US; rv:1.8.1.6) Gecko/20070725 Firefox/2.0.0.6"
123.151.148.167 - - [10/Apr/2013:20:21:16 -0400] "GET /events/pictures-of-past-events/15-DG-PJ-2012/detail/414-2012DGPJday2-038?phocadownload=2&tmpl=component HTTP/1.1" 200 5 "http://www.mycompany.org/" "Sosospider+(+http://help.soso.com/webspider.htm)"
94.142.135.62 - - [10/Apr/2013:20:21:22 -0400] "GET /events/pictures-of-past-events/15-DG-PJ-2012/detail/415-2012DGPJday2-040?phocadownload=2&tmpl=component HTTP/1.1" 301 5 "-" "Mozilla/5.0 (Windows; U; Windows NT 5.1; en-US; rv:1.8.1.6) Gecko/20070725 Firefox/2.0.0.6"
188.92.78.124 - - [10/Apr/2013:20:21:25 -0400] "GET /events/pictures-of-past-events/15-DG-PJ-2012/detail/415-2012DGPJday2-040?phocadownload=2&tmpl=component HTTP/1.1" 301 5 "-" "Mozilla/5.0 (Windows; U; Windows NT 5.1; en-US; rv:1.8.1.6) Gecko/20070725 Firefox/2.0.0.6"
123.151.148.167 - - [10/Apr/2013:20:21:25 -0400] "GET /events/pictures-of-past-events/15-DG-PJ-2012/detail/415-2012DGPJday2-040?phocadownload=2&tmpl=component HTTP/1.1" 200 5 "http://www.mycompany.org/" "Sosospider+(+http://help.soso.com/webspider.htm)"
94.142.135.62 - - [10/Apr/2013:20:21:34 -0400] "GET /old/activities/DGPJ2006/executive.html HTTP/1.1" 301 5 "-" "Mozilla/5.0 (Windows; U; Windows NT 5.1; en-US; rv:1.8.1.6) Gecko/20070725 Firefox/2.0.0.6"
188.92.78.124 - - [10/Apr/2013:20:21:36 -0400] "GET /old/activities/DGPJ2006/executive.html HTTP/1.1" 301 5 "-" "Mozilla/5.0 (Windows; U; Windows NT 5.1; en-US; rv:1.8.1.6) Gecko/20070725 Firefox/2.0.0.6"
123.151.148.167 - - [10/Apr/2013:20:21:36 -0400] "GET /old/activities/DGPJ2006/executive.html HTTP/1.1" 200 5 "http://www.mycompany.org/" "Sosospider+(+http://help.soso.com/webspider.htm)"
94.142.135.62 - - [10/Apr/2013:20:21:43 -0400] "GET /old/activities/DGPJ2006/cultural.html HTTP/1.1" 301 5 "-" "Mozilla/5.0 (Windows; U; Windows NT 5.1; en-US; rv:1.8.1.6) Gecko/20070725 Firefox/2.0.0.6"
188.92.78.124 - - [10/Apr/2013:20:21:45 -0400] "GET /old/activities/DGPJ2006/cultural.html HTTP/1.1" 301 5 "-" "Mozilla/5.0 (Windows; U; Windows NT 5.1; en-US; rv:1.8.1.6) Gecko/20070725 Firefox/2.0.0.6"
123.151.148.167 - - [10/Apr/2013:20:21:45 -0400] "GET /old/activities/DGPJ2006/cultural.html HTTP/1.1" 200 5 "http://www.mycompany.org/" "Sosospider+(+http://help.soso.com/webspider.htm)"
65.55.215.40 - - [10/Apr/2013:20:22:36 -0400] "GET /robots.txt HTTP/1.1" 200 304 "-" "msnbot-media/1.1 (+http://search.msn.com/msnbot.htm)"
175.42.84.109 - - [10/Apr/2013:20:22:57 -0400] "GET /Community/mycompany_community.html HTTP/1.0" 404 1390 "http://www.mycompany.org/Community/mycompany_community.html" "Mozilla/5.0 (Windows NT 5.1; rv:8.0) Gecko/20100101 Firefox/8.0"
175.42.84.109 - - [10/Apr/2013:20:23:14 -0400] "GET / HTTP/1.0" 200 72253 "http://www.mycompany.org/" "Mozilla/5.0 (Windows NT 5.1; rv:8.0) Gecko/20100101 Firefox/8.0"
175.42.84.109 - - [10/Apr/2013:20:23:22 -0400] "GET /about/board-of-directors HTTP/1.0" 200 50032 "http://www.mycompany.org/about/board-of-directors" "Mozilla/5.0 (Windows NT 5.1; rv:8.0) Gecko/20100101 Firefox/8.0"
175.42.84.109 - - [10/Apr/2013:20:23:27 -0400] "GET /about/board-of-directors?format=pdf HTTP/1.0" 200 36 "http://www.mycompany.org/board-of-directors?format=pdf" "Mozilla/5.0 (Windows NT 5.1; rv:8.0) Gecko/20100101 Firefox/8.0"
60.182.158.107 - - [10/Apr/2013:20:23:40 -0400] "GET /CGI/guestbook.cgi?add HTTP/1.0" 200 1855 "http://www.mycompany.org/CGI/guestbook.cgi?add" "Opera/9.80 (Windows NT 6.1; WOW64; MRA 8.0 (build 5784)) Presto/2.12.388 Version/12.10"
60.182.158.107 - - [10/Apr/2013:20:23:41 -0400] "POST /CGI/guestbook.cgi?add HTTP/1.0" 200 799 "http://www.mycompany.org/CGI/guestbook.cgi?add" "Opera/9.80 (Windows NT 6.1; WOW64; MRA 8.0 (build 5784)) Presto/2.12.388 Version/12.10"
60.182.158.107 - - [10/Apr/2013:20:23:41 -0400] "GET /old/Feedback/mycompany_comm.html HTTP/1.0" 200 14615 "http://www.mycompany.org/old/Feedback/mycompany_comm.html" "Opera/9.80 (Windows NT 6.1; WOW64; MRA 8.0 (build 5784)) Presto/2.12.388 Version/12.10"
175.42.84.109 - - [10/Apr/2013:20:23:43 -0400] "GET /about/board-of-directors?tmpl=component&print=1&page= HTTP/1.0" 200 142113 "http://www.mycompany.org/board-of-directors?tmpl=component&print=1&page=" "Mozilla/5.0 (Windows NT 5.1; rv:8.0) Gecko/20100101 Firefox/8.0"
208.115.111.68 - - [10/Apr/2013:20:23:52 -0400] "GET /robots.txt HTTP/1.1" 200 304 "-" "Mozilla/5.0 (compatible; Ezooms/1.0; ezooms.bot@gmail.com)"
38.101.148.120 - - [10/Apr/2013:20:25:15 -0400] "GET /events/pictures-of-past-events/category/15-DG-PJ-2012?start=80 HTTP/1.1" 200 138208 "-" "Mozilla/5.0 (compatible; discoverybot/2.0; +http://discoveryengine.com/discoverybot.html)"
123.156.189.125 - - [10/Apr/2013:20:25:23 -0400] "GET /CGI/guestbook.cgi?add+%5BPLM=0%5D%5BN%5D+GET+http://www.mycompany.org/CGI/guestbook.cgi?add+%5B0,3019,2073%5D+-%3E+%5BN%5D+POST+http://www.mycompany.org/CGI/guestbook.cgi?add+%5B0,0,1019%5D+-%3E+%5BN%5D+GET+http://www.mycompany.org/old/Feedback/mycompany_comm.html+%5B0,0,14937%5D+-%3E+%5BN%5D+GET+http://www.mycompany.org/CGI/guestbook.cgi+%5B11903,0,1597%5D HTTP/1.0" 200 1377 "ht" "-"
38.101.148.120 - - [10/Apr/2013:20:25:27 -0400] "GET /component/mailto/?link=aHR0cDovL3d3dy5wcmFiYXNpLm9yZy9tZW1iZXJzLWFyZWE%3D&tmpl=component HTTP/1.1" 200 10617 "-" "Mozilla/5.0 (compatible; discoverybot/2.0; +http://discoveryengine.com/discoverybot.html)"
94.142.135.62 - - [10/Apr/2013:20:25:48 -0400] "GET /events/pictures-of-past-events/15-DG-PJ-2012/detail/460-2012DGPJday2-104?tmpl=component&phocadownload=2 HTTP/1.1" 301 5 "-" "Mozilla/5.0 (Windows; U; Windows NT 5.1; en-US; rv:1.8.1.6) Gecko/20070725 Firefox/2.0.0.6"
188.92.78.124 - - [10/Apr/2013:20:25:52 -0400] "GET /events/pictures-of-past-events/15-DG-PJ-2012/detail/460-2012DGPJday2-104?tmpl=component&phocadownload=2 HTTP/1.1" 301 5 "-" "Mozilla/5.0 (Windows; U; Windows NT 5.1; en-US; rv:1.8.1.6) Gecko/20070725 Firefox/2.0.0.6"
66.249.74.128 - - [10/Apr/2013:20:25:52 -0400] "GET /events/pictures-of-past-events/15-DG-PJ-2012/detail/460-2012DGPJday2-104?tmpl=component&phocadownload=2 HTTP/1.1" 200 5 "-" "Mozilla/5.0 (compatible; Googlebot/2.1; +http://www.google.com/bot.html)"
125.112.29.132 - - [10/Apr/2013:20:27:34 -0400] "GET /CGI/guestbook.cgi?add HTTP/1.0" 200 1855 "http://www.mycompany.org/CGI/guestbook.cgi?add" "Opera/9.80 (Windows NT 5.1) Presto/2.12.388 Version/12.11"
125.112.29.132 - - [10/Apr/2013:20:27:35 -0400] "POST /CGI/guestbook.cgi?add HTTP/1.0" 200 799 "http://www.mycompany.org/CGI/guestbook.cgi?add" "Opera/9.80 (Windows NT 5.1) Presto/2.12.388 Version/12.11"
125.112.29.132 - - [10/Apr/2013:20:27:35 -0400] "GET /old/Feedback/mycompany_comm.html HTTP/1.0" 200 14615 "http://www.mycompany.org/old/Feedback/mycompany_comm.html" "Opera/9.80 (Windows NT 5.1) Presto/2.12.388 Version/12.11"
66.249.74.128 - - [10/Apr/2013:20:28:51 -0400] "GET /events/past-events/2008/DG-PJ-2008 HTTP/1.1" 200 56682 "-" "Mozilla/5.0 (iPhone; U; CPU iPhone OS 4_1 like Mac OS X; en-us) AppleWebKit/532.9 (KHTML, like Gecko) Version/4.0.5 Mobile/8B117 Safari/6531.22.7 (compatible; Googlebot-Mobile/2.1; +http://www.google.com/bot.html)"
188.92.72.128 - - [10/Apr/2013:20:28:57 -0400] "GET / HTTP/1.1" 200 62 "-" "ANTIPIDERSIA"
66.249.74.128 - - [10/Apr/2013:20:30:36 -0400] "GET /messages/showletter.php?id=64 HTTP/1.1" 200 11693 "-" "Mozilla/5.0 (compatible; Googlebot/2.1; +http://www.google.com/bot.html)"
131.253.38.100 - - [10/Apr/2013:20:31:12 -0400] "GET /robots.txt HTTP/1.1" 200 304 "-" "msnbot-media/1.1 (+http://search.msn.com/msnbot.htm)"
131.253.38.100 - - [10/Apr/2013:20:31:16 -0400] "GET /Activities/DGPJ2005/images/programs_15.jpg HTTP/1.1" 200 914 "-" "msnbot-media/1.1 (+http://search.msn.com/msnbot.htm)"
218.72.137.42 - - [10/Apr/2013:20:31:18 -0400] "GET /CGI/guestbook.cgi?add HTTP/1.0" 200 1855 "http://www.mycompany.org/CGI/guestbook.cgi?add" "Mozilla/5.0 (Windows NT 6.1) AppleWebKit/535.19 (KHTML, like Gecko) Chrome/18.0.1025.1634 Safari/535.19 YI"
218.72.137.42 - - [10/Apr/2013:20:31:19 -0400] "POST /CGI/guestbook.cgi?add HTTP/1.0" 200 799 "http://www.mycompany.org/CGI/guestbook.cgi?add" "Mozilla/5.0 (Windows NT 6.1) AppleWebKit/535.19 (KHTML, like Gecko) Chrome/18.0.1025.1634 Safari/535.19 YI"
218.72.137.42 - - [10/Apr/2013:20:31:20 -0400] "GET /old/Feedback/mycompany_comm.html HTTP/1.0" 200 14615 "http://www.mycompany.org/old/Feedback/mycompany_comm.html" "Mozilla/5.0 (Windows NT 6.1) AppleWebKit/535.19 (KHTML, like Gecko) Chrome/18.0.1025.1634 Safari/535.19 YI"
121.204.184.246 - - [10/Apr/2013:20:31:52 -0400] "GET /CGI/guestbook.cgi?add HTTP/1.0" 200 1855 "http://www.mycompany.org/CGI/guestbook.cgi?add" "Mozilla/5.0 (Windows NT 6.1; rv:10.0.2) Gecko/20100101 Firefox/10.0.2"
121.204.184.246 - - [10/Apr/2013:20:31:53 -0400] "POST /CGI/guestbook.cgi?add HTTP/1.0" 200 800 "http://www.mycompany.org/CGI/guestbook.cgi?add" "Mozilla/5.0 (Windows NT 6.1; rv:10.0.2) Gecko/20100101 Firefox/10.0.2"
121.204.184.246 - - [10/Apr/2013:20:31:53 -0400] "GET /old/Feedback/mycompany_comm.html HTTP/1.0" 200 14615 "http://www.mycompany.org/old/Feedback/mycompany_comm.html" "Mozilla/5.0 (Windows NT 6.1; rv:10.0.2) Gecko/20100101 Firefox/10.0.2"
121.204.184.246 - - [10/Apr/2013:20:31:54 -0400] "GET /old/Feedback/mycompany_comm.html HTTP/1.0" 200 14615 "http://www.mycompany.org/old/Feedback/mycompany_comm.html" "Mozilla/5.0 (Windows NT 6.1; rv:10.0.2) Gecko/20100101 Firefox/10.0.2"
121.204.184.246 - - [10/Apr/2013:20:31:55 -0400] "GET /old/Feedback/CGI/guestbook.cgi HTTP/1.0" 404 292 "http://www.mycompany.org/CGI/guestbook.cgi" "Mozilla/5.0 (Windows NT 6.1; rv:10.0.2) Gecko/20100101 Firefox/10.0.2"
121.204.184.246 - - [10/Apr/2013:20:31:55 -0400] "GET /Feedback/CGI/guestbook.cgi HTTP/1.0" 404 288 "http://www.mycompany.org/Feedback/CGI/guestbook.cgi" "Mozilla/5.0 (Windows NT 6.1; rv:10.0.2) Gecko/20100101 Firefox/10.0.2"
121.204.184.246 - - [10/Apr/2013:20:31:55 -0400] "GET /old/Feedback/CGI/guestbook.cgi?add HTTP/1.0" 404 292 "http://www.mycompany.org/CGI/guestbook.cgi?add" "Mozilla/5.0 (Windows NT 6.1; rv:10.0.2) Gecko/20100101 Firefox/10.0.2"
121.204.184.246 - - [10/Apr/2013:20:31:56 -0400] "GET /Feedback/CGI/guestbook.cgi?add HTTP/1.0" 404 288 "http://www.mycompany.org/Feedback/CGI/guestbook.cgi?add" "Mozilla/5.0 (Windows NT 6.1; rv:10.0.2) Gecko/20100101 Firefox/10.0.2"
199.30.16.34 - - [10/Apr/2013:20:32:04 -0400] "GET /robots.txt HTTP/1.1" 200 304 "-" "msnbot-media/1.1 (+http://search.msn.com/msnbot.htm)"
199.30.16.34 - - [10/Apr/2013:20:32:04 -0400] "GET /Activities/DGPJ2000/images/DG2000pane1_6_.gif HTTP/1.1" 200 2227 "-" "msnbot-media/1.1 (+http://search.msn.com/msnbot.htm)"
123.125.71.51 - - [10/Apr/2013:20:33:40 -0400] "GET / HTTP/1.1" 200 28701 "-" "Mozilla/5.0 (compatible; Baiduspider/2.0; +http://www.baidu.com/search/spider.html)"
216.152.251.10 - - [10/Apr/2013:20:34:00 -0400] "GET / HTTP/1.1" 200 73625 "http://www.mycompany.org/" "Mozilla/4.0 (compatible; MSIE 6.0; MSIE 5.5; Windows NT 5.0) Opera 7.02 Bork-edition [en]"
216.152.251.10 - - [10/Apr/2013:20:34:00 -0400] "GET /components/com_jfbconnect/assets/jfbcchannel.html HTTP/1.1" 200 59 "http://www.mycompany.org/" "Mozilla/4.0 (compatible; MSIE 6.0; MSIE 5.5; Windows NT 5.0) Opera 7.02 Bork-edition [en]"
66.249.74.128 - - [10/Apr/2013:20:34:00 -0400] "GET /old/Activities/DGPJ2008/Site/Welcome_files/Welcome.css HTTP/1.1" 200 1306 "-" "Mozilla/5.0 (compatible; Googlebot/2.1; +http://www.google.com/bot.html)"
220.181.108.110 - - [10/Apr/2013:20:34:18 -0400] "GET / HTTP/1.1" 200 33545 "-" "Mozilla/5.0 (compatible; Baiduspider/2.0; +http://www.baidu.com/search/spider.html)"
94.142.135.62 - - [10/Apr/2013:20:36:39 -0400] "GET /events/pictures-of-past-events/15-DG-PJ-2012/detail/469-2012DGPJday2-116?tmpl=component&phocadownload=2 HTTP/1.1" 301 5 "-" "Mozilla/5.0 (Windows; U; Windows NT 5.1; en-US; rv:1.8.1.6) Gecko/20070725 Firefox/2.0.0.6"
188.92.78.124 - - [10/Apr/2013:20:36:43 -0400] "GET /events/pictures-of-past-events/15-DG-PJ-2012/detail/469-2012DGPJday2-116?tmpl=component&phocadownload=2 HTTP/1.1" 301 5 "-" "Mozilla/5.0 (Windows; U; Windows NT 5.1; en-US; rv:1.8.1.6) Gecko/20070725 Firefox/2.0.0.6"
66.249.74.128 - - [10/Apr/2013:20:36:44 -0400] "GET /events/pictures-of-past-events/15-DG-PJ-2012/detail/469-2012DGPJday2-116?tmpl=component&phocadownload=2 HTTP/1.1" 200 5 "-" "Mozilla/5.0 (compatible; Googlebot/2.1; +http://www.google.com/bot.html)"
124.115.1.7 - - [10/Apr/2013:20:37:06 -0400] "GET / HTTP/1.1" 200 73900 "-" "Mozilla/4.0 (compatible; MSIE 6.0; Windows NT 5.1)"
124.115.1.7 - - [10/Apr/2013:20:37:17 -0400] "GET /media/system/css/modal.css HTTP/1.1" 200 1159 "http://mycompany.org/" "Mozilla/4.0 (compatible; MSIE 6.0; Windows NT 5.1)"
124.115.1.7 - - [10/Apr/2013:20:37:18 -0400] "GET /components/com_k2/css/k2.css HTTP/1.1" 200 39699 "http://mycompany.org/" "Mozilla/4.0 (compatible; MSIE 6.0; Windows NT 5.1)"
124.115.1.7 - - [10/Apr/2013:20:37:19 -0400] "GET /plugins/system/rokbox/themes/light/rokbox-style.css HTTP/1.1" 200 2841 "http://mycompany.org/" "Mozilla/4.0 (compatible; MSIE 6.0; Windows NT 5.1)"
124.115.1.7 - - [10/Apr/2013:20:37:20 -0400] "GET /plugins/system/rokbox/themes/light/rokbox-style-ie6.css HTTP/1.1" 200 557 "http://mycompany.org/" "Mozilla/4.0 (compatible; MSIE 6.0; Windows NT 5.1)"
124.115.1.7 - - [10/Apr/2013:20:37:21 -0400] "GET /templates/rt_infuse_j15/css/template.css HTTP/1.1" 200 39906 "http://mycompany.org/" "Mozilla/4.0 (compatible; MSIE 6.0; Windows NT 5.1)"
124.115.1.7 - - [10/Apr/2013:20:37:21 -0400] "GET /templates/rt_infuse_j15/css/style2.css HTTP/1.1" 200 13171 "http://mycompany.org/" "Mozilla/4.0 (compatible; MSIE 6.0; Windows NT 5.1)"
124.115.1.7 - - [10/Apr/2013:20:37:22 -0400] "GET /templates/rt_infuse_j15/css/typography.css HTTP/1.1" 200 9197 "http://mycompany.org/" "Mozilla/4.0 (compatible; MSIE 6.0; Windows NT 5.1)"
124.115.1.7 - - [10/Apr/2013:20:37:23 -0400] "GET /templates/system/css/system.css HTTP/1.1" 200 1385 "http://mycompany.org/" "Mozilla/4.0 (compatible; MSIE 6.0; Windows NT 5.1)"
124.115.1.7 - - [10/Apr/2013:20:37:24 -0400] "GET /templates/system/css/general.css HTTP/1.1" 200 2777 "http://mycompany.org/" "Mozilla/4.0 (compatible; MSIE 6.0; Windows NT 5.1)"
124.115.1.7 - - [10/Apr/2013:20:37:24 -0400] "GET /templates/rt_infuse_j15/css/menu-fusion.css HTTP/1.1" 200 2934 "http://mycompany.org/" "Mozilla/4.0 (compatible; MSIE 6.0; Windows NT 5.1)"
124.115.1.7 - - [10/Apr/2013:20:37:25 -0400] "GET /modules/mod_bannerslider/tmpl/mod_bannerslider.css HTTP/1.1" 200 276 "http://mycompany.org/" "Mozilla/4.0 (compatible; MSIE 6.0; Windows NT 5.1)"
124.115.1.7 - - [10/Apr/2013:20:37:25 -0400] "GET /modules/mod_jf_twitter/assets/twitter.css HTTP/1.1" 200 3488 "http://mycompany.org/" "Mozilla/4.0 (compatible; MSIE 6.0; Windows NT 5.1)"
124.115.1.7 - - [10/Apr/2013:20:37:26 -0400] "GET /modules/mod_rokstories/tmpl/css/rokstories.css HTTP/1.1" 200 4890 "http://mycompany.org/" "Mozilla/4.0 (compatible; MSIE 6.0; Windows NT 5.1)"
124.115.1.7 - - [10/Apr/2013:20:37:27 -0400] "GET /modules/mod_rokstories/tmpl/css/rokstories-ie6.css HTTP/1.1" 200 126 "http://mycompany.org/" "Mozilla/4.0 (compatible; MSIE 6.0; Windows NT 5.1)"
124.115.1.7 - - [10/Apr/2013:20:37:28 -0400] "GET /media/system/js/mootools.js HTTP/1.1" 200 74434 "http://mycompany.org/" "Mozilla/4.0 (compatible; MSIE 6.0; Windows NT 5.1)"
124.115.1.7 - - [10/Apr/2013:20:37:29 -0400] "GET /media/system/js/modal.js HTTP/1.1" 200 10588 "http://mycompany.org/" "Mozilla/4.0 (compatible; MSIE 6.0; Windows NT 5.1)"
124.115.1.7 - - [10/Apr/2013:20:37:32 -0400] "GET /components/com_k2/js/k2.js HTTP/1.1" 200 3027 "http://mycompany.org/" "Mozilla/4.0 (compatible; MSIE 6.0; Windows NT 5.1)"
124.115.1.7 - - [10/Apr/2013:20:37:33 -0400] "GET /components/com_jfbconnect/includes/jfbconnect.js HTTP/1.1" 200 6553 "http://mycompany.org/" "Mozilla/4.0 (compatible; MSIE 6.0; Windows NT 5.1)"
124.115.1.7 - - [10/Apr/2013:20:37:34 -0400] "GET /media/system/js/caption.js HTTP/1.1" 200 1963 "http://mycompany.org/" "Mozilla/4.0 (compatible; MSIE 6.0; Windows NT 5.1)"
124.115.1.7 - - [10/Apr/2013:20:37:34 -0400] "GET /plugins/content/phocagalleryslideshow.js HTTP/1.1" 200 6734 "http://mycompany.org/" "Mozilla/4.0 (compatible; MSIE 6.0; Windows NT 5.1)"
199.30.16.45 - - [10/Apr/2013:20:37:45 -0400] "GET /robots.txt HTTP/1.1" 200 304 "-" "msnbot-media/1.1 (+http://search.msn.com/msnbot.htm)"
199.30.16.45 - - [10/Apr/2013:20:37:45 -0400] "GET /Activities/DGPJ2005/images/programs_20.jpg HTTP/1.1" 200 1413 "-" "msnbot-media/1.1 (+http://search.msn.com/msnbot.htm)"
194.71.224.82 - - [10/Apr/2013:20:38:43 -0400] "GET /events/past-events/2003/DG-PJ-2003 HTTP/1.1" 200 52741 "-" "-"
193.234.166.74 - - [10/Apr/2013:20:38:44 -0400] "GET /components/com_jfbconnect/assets/jfbcchannel.html HTTP/1.1" 200 59 "-" "-"
65.55.215.54 - - [10/Apr/2013:20:41:20 -0400] "GET /robots.txt HTTP/1.1" 200 304 "-" "msnbot-media/1.1 (+http://search.msn.com/msnbot.htm)"
65.55.215.54 - - [10/Apr/2013:20:41:20 -0400] "GET /Activities/DGPJ2000/images/DG2000pane1_10_.gif HTTP/1.1" 200 5924 "-" "msnbot-media/1.1 (+http://search.msn.com/msnbot.htm)"
199.30.16.31 - - [10/Apr/2013:20:42:17 -0400] "GET /robots.txt HTTP/1.1" 200 304 "-" "msnbot-media/1.1 (+http://search.msn.com/msnbot.htm)"
199.30.16.31 - - [10/Apr/2013:20:42:17 -0400] "GET /old/Literary/SH/Winter99/RightBottom_wi.gif HTTP/1.1" 200 370 "-" "msnbot-media/1.1 (+http://search.msn.com/msnbot.htm)"
66.249.74.128 - - [10/Apr/2013:20:42:30 -0400] "GET /CGI/letterdetails.cgi?letter=letter0306 HTTP/1.1" 200 3543 "-" "Mozilla/5.0 (iPhone; U; CPU iPhone OS 4_1 like Mac OS X; en-us) AppleWebKit/532.9 (KHTML, like Gecko) Version/4.0.5 Mobile/8B117 Safari/6531.22.7 (compatible; Googlebot-Mobile/2.1; +http://www.google.com/bot.html)"
178.255.215.83 - - [10/Apr/2013:20:42:59 -0400] "GET /Community/PostNotice.html HTTP/1.1" 200 8514 "-" "Mozilla/5.0 (compatible; Exabot/3.0 (BiggerBetter); +http://www.exabot.com/go/robot)"
220.160.151.252 - - [10/Apr/2013:20:43:13 -0400] "GET /Community/mycompany_community.html HTTP/1.0" 404 1390 "http://www.mycompany.org/Community/mycompany_community.html" "Mozilla/5.0 (Windows NT 6.0; rv:16.0) Gecko/20100101 Firefox/16.0"
180.76.5.191 - - [10/Apr/2013:20:43:18 -0400] "GET /robots.txt HTTP/1.1" 200 304 "-" "Mozilla/5.0 (Windows NT 5.1; rv:6.0.2) Gecko/20100101 Firefox/6.0.2"
220.160.151.252 - - [10/Apr/2013:20:43:18 -0400] "GET / HTTP/1.0" 200 72257 "http://www.mycompany.org/" "Mozilla/5.0 (Windows NT 6.0; rv:16.0) Gecko/20100101 Firefox/16.0"
220.160.151.252 - - [10/Apr/2013:20:43:29 -0400] "GET /about/board-of-directors HTTP/1.0" 200 50032 "http://www.mycompany.org/about/board-of-directors" "Mozilla/5.0 (Windows NT 6.0; rv:16.0) Gecko/20100101 Firefox/16.0"
220.160.151.252 - - [10/Apr/2013:20:43:33 -0400] "GET /about/board-of-directors?format=pdf HTTP/1.0" 200 36 "http://www.mycompany.org/board-of-directors?format=pdf" "Mozilla/5.0 (Windows NT 6.0; rv:16.0) Gecko/20100101 Firefox/16.0"
46.29.254.236 - - [10/Apr/2013:20:43:36 -0400] "GET /web/tmp/install_4ca95104dc80f/languages/admin/asymetria.org_easyblog.ini HTTP/1.0" 404 334 "http://mycompany.org/" "Mozilla/5.0 (Windows NT 5.1; rv:13.0) Gecko/20100101 Firefox/13.0.1"
46.29.254.236 - - [10/Apr/2013:20:43:42 -0400] "GET /web/tmp/install_4ca95104dc80f/languages/admin/zh-CN.com_easyblog.ini HTTP/1.0" 200 32369 "http://mycompany.org/" "Mozilla/4.0 (compatible; MSIE 6.0; Windows NT 5.1; SV1; MRA 5.8 (build 4157); .NET CLR 2.0.50727; AskTbPTV/5.11.3.15590)"
220.160.151.252 - - [10/Apr/2013:20:43:44 -0400] "GET /about/board-of-directors?tmpl=component&print=1&page= HTTP/1.0" 200 142113 "http://www.mycompany.org/board-of-directors?tmpl=component&print=1&page=" "Mozilla/5.0 (Windows NT 6.0; rv:16.0) Gecko/20100101 Firefox/16.0"
199.30.16.26 - - [10/Apr/2013:20:44:07 -0400] "GET /robots.txt HTTP/1.1" 200 304 "-" "msnbot-media/1.1 (+http://search.msn.com/msnbot.htm)"
199.30.16.26 - - [10/Apr/2013:20:44:07 -0400] "GET /Activities/DGPJ2009/Site/Images/bottom-cap70.jpg HTTP/1.1" 200 3536 "-" "msnbot-media/1.1 (+http://search.msn.com/msnbot.htm)"
216.99.146.218 - - [10/Apr/2013:20:45:50 -0400] "GET /CGI/guestbook.cgi?add HTTP/1.0" 200 1855 "http://www.mycompany.org/CGI/guestbook.cgi?add" "Mozilla/5.0 (Windows NT 5.1) AppleWebKit/537.11 (KHTML, like Gecko) Chrome/23.0.1271.64 Safari/537.11"
216.99.146.218 - - [10/Apr/2013:20:45:55 -0400] "POST /CGI/guestbook.cgi?add HTTP/1.0" 200 800 "http://www.mycompany.org/CGI/guestbook.cgi?add" "Mozilla/5.0 (Windows NT 5.1) AppleWebKit/537.11 (KHTML, like Gecko) Chrome/23.0.1271.64 Safari/537.11"
216.99.146.218 - - [10/Apr/2013:20:45:55 -0400] "GET /old/Feedback/mycompany_comm.html HTTP/1.0" 200 14615 "http://www.mycompany.org/old/Feedback/mycompany_comm.html" "Mozilla/5.0 (Windows NT 5.1) AppleWebKit/537.11 (KHTML, like Gecko) Chrome/23.0.1271.64 Safari/537.11"
94.142.135.62 - - [10/Apr/2013:20:47:01 -0400] "GET /events/pictures-of-past-events/15-DG-PJ-2012/detail/490-2012DGPJday2-153?tmpl=component&phocadownload=2 HTTP/1.1" 301 5 "-" "Mozilla/5.0 (Windows; U; Windows NT 5.1; en-US; rv:1.8.1.6) Gecko/20070725 Firefox/2.0.0.6"
188.92.78.124 - - [10/Apr/2013:20:47:03 -0400] "GET /events/pictures-of-past-events/15-DG-PJ-2012/detail/490-2012DGPJday2-153?tmpl=component&phocadownload=2 HTTP/1.1" 301 5 "-" "Mozilla/5.0 (Windows; U; Windows NT 5.1; en-US; rv:1.8.1.6) Gecko/20070725 Firefox/2.0.0.6"
66.249.74.128 - - [10/Apr/2013:20:47:04 -0400] "GET /events/pictures-of-past-events/15-DG-PJ-2012/detail/490-2012DGPJday2-153?tmpl=component&phocadownload=2 HTTP/1.1" 200 5 "-" "Mozilla/5.0 (compatible; Googlebot/2.1; +http://www.google.com/bot.html)"
125.112.25.207 - - [10/Apr/2013:20:50:54 -0400] "GET /CGI/guestbook.cgi?add HTTP/1.0" 200 1855 "http://www.mycompany.org/CGI/guestbook.cgi?add" "Opera/9.80 (Windows NT 6.1; Win64; x64; Edition Yx) Presto/2.12.388 Version/12.11"
125.112.25.207 - - [10/Apr/2013:20:50:58 -0400] "POST /CGI/guestbook.cgi?add HTTP/1.0" 200 799 "http://www.mycompany.org/CGI/guestbook.cgi?add" "Opera/9.80 (Windows NT 6.1; Win64; x64; Edition Yx) Presto/2.12.388 Version/12.11"
125.112.25.207 - - [10/Apr/2013:20:51:00 -0400] "GET /old/Feedback/mycompany_comm.html HTTP/1.0" 200 14615 "http://www.mycompany.org/old/Feedback/mycompany_comm.html" "Opera/9.80 (Windows NT 6.1; Win64; x64; Edition Yx) Presto/2.12.388 Version/12.11"
119.147.75.140 - - [10/Apr/2013:20:52:30 -0400] "GET / HTTP/1.1" 200 73900 "-" "Mozilla/4.0 (compatible; MSIE 6.0; Windows NT 5.1)"
119.147.75.140 - - [10/Apr/2013:20:52:48 -0400] "GET /media/system/css/modal.css HTTP/1.1" 200 1159 "http://mycompany.org/" "Mozilla/4.0 (compatible; MSIE 6.0; Windows NT 5.1)"
119.147.75.140 - - [10/Apr/2013:20:52:49 -0400] "GET /components/com_k2/css/k2.css HTTP/1.1" 200 39699 "http://mycompany.org/" "Mozilla/4.0 (compatible; MSIE 6.0; Windows NT 5.1)"
119.147.75.140 - - [10/Apr/2013:20:52:50 -0400] "GET /plugins/system/rokbox/themes/light/rokbox-style.css HTTP/1.1" 200 2841 "http://mycompany.org/" "Mozilla/4.0 (compatible; MSIE 6.0; Windows NT 5.1)"
119.147.75.140 - - [10/Apr/2013:20:52:50 -0400] "GET /plugins/system/rokbox/themes/light/rokbox-style-ie6.css HTTP/1.1" 200 557 "http://mycompany.org/" "Mozilla/4.0 (compatible; MSIE 6.0; Windows NT 5.1)"
119.147.75.140 - - [10/Apr/2013:20:52:51 -0400] "GET /templates/rt_infuse_j15/css/template.css HTTP/1.1" 200 39906 "http://mycompany.org/" "Mozilla/4.0 (compatible; MSIE 6.0; Windows NT 5.1)"
119.147.75.140 - - [10/Apr/2013:20:52:52 -0400] "GET /templates/rt_infuse_j15/css/style2.css HTTP/1.1" 200 13171 "http://mycompany.org/" "Mozilla/4.0 (compatible; MSIE 6.0; Windows NT 5.1)"
119.147.75.140 - - [10/Apr/2013:20:52:53 -0400] "GET /templates/rt_infuse_j15/css/typography.css HTTP/1.1" 200 9197 "http://mycompany.org/" "Mozilla/4.0 (compatible; MSIE 6.0; Windows NT 5.1)"
119.147.75.140 - - [10/Apr/2013:20:52:53 -0400] "GET /templates/system/css/system.css HTTP/1.1" 200 1385 "http://mycompany.org/" "Mozilla/4.0 (compatible; MSIE 6.0; Windows NT 5.1)"
119.147.75.140 - - [10/Apr/2013:20:52:54 -0400] "GET /templates/system/css/general.css HTTP/1.1" 200 2777 "http://mycompany.org/" "Mozilla/4.0 (compatible; MSIE 6.0; Windows NT 5.1)"
119.147.75.140 - - [10/Apr/2013:20:52:54 -0400] "GET /templates/rt_infuse_j15/css/menu-fusion.css HTTP/1.1" 200 2934 "http://mycompany.org/" "Mozilla/4.0 (compatible; MSIE 6.0; Windows NT 5.1)"
119.147.75.140 - - [10/Apr/2013:20:52:55 -0400] "GET /modules/mod_bannerslider/tmpl/mod_bannerslider.css HTTP/1.1" 200 276 "http://mycompany.org/" "Mozilla/4.0 (compatible; MSIE 6.0; Windows NT 5.1)"
119.147.75.140 - - [10/Apr/2013:20:52:55 -0400] "GET /modules/mod_jf_twitter/assets/twitter.css HTTP/1.1" 200 3488 "http://mycompany.org/" "Mozilla/4.0 (compatible; MSIE 6.0; Windows NT 5.1)"
119.147.75.140 - - [10/Apr/2013:20:52:56 -0400] "GET /modules/mod_rokstories/tmpl/css/rokstories.css HTTP/1.1" 200 4890 "http://mycompany.org/" "Mozilla/4.0 (compatible; MSIE 6.0; Windows NT 5.1)"
119.147.75.140 - - [10/Apr/2013:20:52:56 -0400] "GET /modules/mod_rokstories/tmpl/css/rokstories-ie6.css HTTP/1.1" 200 126 "http://mycompany.org/" "Mozilla/4.0 (compatible; MSIE 6.0; Windows NT 5.1)"
119.147.75.140 - - [10/Apr/2013:20:52:58 -0400] "GET /media/system/js/mootools.js HTTP/1.1" 200 74434 "http://mycompany.org/" "Mozilla/4.0 (compatible; MSIE 6.0; Windows NT 5.1)"
119.147.75.140 - - [10/Apr/2013:20:53:00 -0400] "GET /media/system/js/modal.js HTTP/1.1" 200 10588 "http://mycompany.org/" "Mozilla/4.0 (compatible; MSIE 6.0; Windows NT 5.1)"
119.147.75.140 - - [10/Apr/2013:20:53:01 -0400] "GET /components/com_k2/js/k2.js HTTP/1.1" 200 3027 "http://mycompany.org/" "Mozilla/4.0 (compatible; MSIE 6.0; Windows NT 5.1)"
119.147.75.140 - - [10/Apr/2013:20:53:03 -0400] "GET /components/com_jfbconnect/includes/jfbconnect.js HTTP/1.1" 200 6553 "http://mycompany.org/" "Mozilla/4.0 (compatible; MSIE 6.0; Windows NT 5.1)"
119.147.75.140 - - [10/Apr/2013:20:53:03 -0400] "GET /media/system/js/caption.js HTTP/1.1" 200 1963 "http://mycompany.org/" "Mozilla/4.0 (compatible; MSIE 6.0; Windows NT 5.1)"
119.147.75.140 - - [10/Apr/2013:20:53:03 -0400] "GET /plugins/content/phocagalleryslideshow.js HTTP/1.1" 200 6734 "http://mycompany.org/" "Mozilla/4.0 (compatible; MSIE 6.0; Windows NT 5.1)"
176.9.111.204 - - [10/Apr/2013:20:53:38 -0400] "GET / HTTP/1.1" 200 32800 "-" "Mozilla/4.0 (compatible; MSIE 7.0; Windows NT 5.1)"
66.249.74.128 - - [10/Apr/2013:20:54:05 -0400] "GET /messages/showletter.php?id=55 HTTP/1.1" 200 2948 "-" "Mozilla/5.0 (compatible; Googlebot/2.1; +http://www.google.com/bot.html)"
65.55.215.43 - - [10/Apr/2013:20:54:07 -0400] "GET /robots.txt HTTP/1.1" 200 304 "-" "msnbot-media/1.1 (+http://search.msn.com/msnbot.htm)"
65.55.215.43 - - [10/Apr/2013:20:54:07 -0400] "GET /Activities/DGPJ2000/images/DG2000pane1_12_.gif HTTP/1.1" 200 2329 "-" "msnbot-media/1.1 (+http://search.msn.com/msnbot.htm)"
66.249.74.128 - - [10/Apr/2013:20:55:41 -0400] "GET /events/past-events/2005/DG-PJ-2005 HTTP/1.1" 200 52624 "-" "Mozilla/5.0 (iPhone; U; CPU iPhone OS 4_1 like Mac OS X; en-us) AppleWebKit/532.9 (KHTML, like Gecko) Version/4.0.5 Mobile/8B117 Safari/6531.22.7 (compatible; Googlebot-Mobile/2.1; +http://www.google.com/bot.html)"
180.76.5.99 - - [10/Apr/2013:20:57:33 -0400] "GET /messages/showletter.php?id=290 HTTP/1.1" 200 4507 "-" "Mozilla/5.0 (compatible; Baiduspider/2.0; +http://www.baidu.com/search/spider.html)"
94.142.135.62 - - [10/Apr/2013:20:57:34 -0400] "GET /events/pictures-of-past-events/15-DG-PJ-2012/detail/478-2012DGPJday2-131?tmpl=component&phocadownload=2 HTTP/1.1" 301 5 "-" "Mozilla/5.0 (Windows; U; Windows NT 5.1; en-US; rv:1.8.1.6) Gecko/20070725 Firefox/2.0.0.6"
188.92.78.124 - - [10/Apr/2013:20:57:38 -0400] "GET /events/pictures-of-past-events/15-DG-PJ-2012/detail/478-2012DGPJday2-131?tmpl=component&phocadownload=2 HTTP/1.1" 301 5 "-" "Mozilla/5.0 (Windows; U; Windows NT 5.1; en-US; rv:1.8.1.6) Gecko/20070725 Firefox/2.0.0.6"
66.249.74.128 - - [10/Apr/2013:20:57:38 -0400] "GET /events/pictures-of-past-events/15-DG-PJ-2012/detail/478-2012DGPJday2-131?tmpl=component&phocadownload=2 HTTP/1.1" 200 5 "-" "Mozilla/5.0 (compatible; Googlebot/2.1; +http://www.google.com/bot.html)"
66.249.74.128 - - [10/Apr/2013:21:00:52 -0400] "GET /Activities/Professional/MannaDey.html HTTP/1.1" 304 - "-" "Mozilla/5.0 (iPhone; U; CPU iPhone OS 4_1 like Mac OS X; en-us) AppleWebKit/532.9 (KHTML, like Gecko) Version/4.0.5 Mobile/8B117 Safari/6531.22.7 (compatible; Googlebot-Mobile/2.1; +http://www.google.com/bot.html)"
108.56.240.86 - - [10/Apr/2013:21:01:51 -0400] "GET /literature/bengali-transliteration HTTP/1.1" 200 43172 "http://www.google.com/url?sa=t&rct=j&q=bangla%20transliteration&source=web&cd=2&ved=0CDUQFjAB&url=http%3A%2F%2Fwww.mycompany.org%2Fliterature%2Fbengali-transliteration&ei=agtmUZXiOIWi4AOEzYBo&usg=AFQjCNGplSppXJVEax_qafz6-YGUMvQXEA&bvm=bv.45107431,d.dmg" "Mozilla/5.0 (Windows NT 6.2; WOW64) AppleWebKit/537.31 (KH"
108.56.240.86 - - [10/Apr/2013:21:01:51 -0400] "GET /media/system/css/modal.css HTTP/1.1" 200 1159 "http://www.mycompany.org/literature/bengali-transliteration" "Mozilla/5.0 (Windows NT 6.2; WOW64) AppleWebKit/537.31 (KHTML, like Gecko) Chrome/26.0.1410.43 Safari/537.31"
108.56.240.86 - - [10/Apr/2013:21:01:52 -0400] "GET /plugins/system/rokbox/themes/light/rokbox-style.css HTTP/1.1" 200 2841 "http://www.mycompany.org/literature/bengali-transliteration" "Mozilla/5.0 (Windows NT 6.2; WOW64) AppleWebKit/537.31 (KHTML, like Gecko) Chrome/26.0.1410.43 Safari/537.31"
108.56.240.86 - - [10/Apr/2013:21:01:52 -0400] "GET /templates/system/css/system.css HTTP/1.1" 200 1385 "http://www.mycompany.org/literature/bengali-transliteration" "Mozilla/5.0 (Windows NT 6.2; WOW64) AppleWebKit/537.31 (KHTML, like Gecko) Chrome/26.0.1410.43 Safari/537.31"
108.56.240.86 - - [10/Apr/2013:21:01:52 -0400] "GET /templates/rt_infuse_j15/css/style2.css HTTP/1.1" 200 13171 "http://www.mycompany.org/literature/bengali-transliteration" "Mozilla/5.0 (Windows NT 6.2; WOW64) AppleWebKit/537.31 (KHTML, like Gecko) Chrome/26.0.1410.43 Safari/537.31"
108.56.240.86 - - [10/Apr/2013:21:01:52 -0400] "GET /templates/rt_infuse_j15/css/typography.css HTTP/1.1" 200 9197 "http://www.mycompany.org/literature/bengali-transliteration" "Mozilla/5.0 (Windows NT 6.2; WOW64) AppleWebKit/537.31 (KHTML, like Gecko) Chrome/26.0.1410.43 Safari/537.31"
108.56.240.86 - - [10/Apr/2013:21:01:52 -0400] "GET /components/com_k2/css/k2.css HTTP/1.1" 200 39699 "http://www.mycompany.org/literature/bengali-transliteration" "Mozilla/5.0 (Windows NT 6.2; WOW64) AppleWebKit/537.31 (KHTML, like Gecko) Chrome/26.0.1410.43 Safari/537.31"
108.56.240.86 - - [10/Apr/2013:21:01:52 -0400] "GET /templates/system/css/general.css HTTP/1.1" 200 2777 "http://www.mycompany.org/literature/bengali-transliteration" "Mozilla/5.0 (Windows NT 6.2; WOW64) AppleWebKit/537.31 (KHTML, like Gecko) Chrome/26.0.1410.43 Safari/537.31"
108.56.240.86 - - [10/Apr/2013:21:01:52 -0400] "GET /templates/rt_infuse_j15/css/menu-fusion.css HTTP/1.1" 200 2934 "http://www.mycompany.org/literature/bengali-transliteration" "Mozilla/5.0 (Windows NT 6.2; WOW64) AppleWebKit/537.31 (KHTML, like Gecko) Chrome/26.0.1410.43 Safari/537.31"
108.56.240.86 - - [10/Apr/2013:21:01:52 -0400] "GET /templates/rt_infuse_j15/css/template.css HTTP/1.1" 200 39906 "http://www.mycompany.org/literature/bengali-transliteration" "Mozilla/5.0 (Windows NT 6.2; WOW64) AppleWebKit/537.31 (KHTML, like Gecko) Chrome/26.0.1410.43 Safari/537.31"
108.56.240.86 - - [10/Apr/2013:21:01:52 -0400] "GET /components/com_k2/js/k2.js HTTP/1.1" 200 3027 "http://www.mycompany.org/literature/bengali-transliteration" "Mozilla/5.0 (Windows NT 6.2; WOW64) AppleWebKit/537.31 (KHTML, like Gecko) Chrome/26.0.1410.43 Safari/537.31"
108.56.240.86 - - [10/Apr/2013:21:01:52 -0400] "GET /media/system/js/modal.js HTTP/1.1" 200 10588 "http://www.mycompany.org/literature/bengali-transliteration" "Mozilla/5.0 (Windows NT 6.2; WOW64) AppleWebKit/537.31 (KHTML, like Gecko) Chrome/26.0.1410.43 Safari/537.31"
108.56.240.86 - - [10/Apr/2013:21:01:52 -0400] "GET /components/com_jfbconnect/includes/jfbconnect.js HTTP/1.1" 200 6553 "http://www.mycompany.org/literature/bengali-transliteration" "Mozilla/5.0 (Windows NT 6.2; WOW64) AppleWebKit/537.31 (KHTML, like Gecko) Chrome/26.0.1410.43 Safari/537.31"
108.56.240.86 - - [10/Apr/2013:21:01:52 -0400] "GET /templates/rt_infuse_j15/js/rokfonts.js HTTP/1.1" 200 747 "http://www.mycompany.org/literature/bengali-transliteration" "Mozilla/5.0 (Windows NT 6.2; WOW64) AppleWebKit/537.31 (KHTML, like Gecko) Chrome/26.0.1410.43 Safari/537.31"
108.56.240.86 - - [10/Apr/2013:21:01:52 -0400] "GET /plugins/system/rokbox/themes/light/rokbox-config.js HTTP/1.1" 200 2598 "http://www.mycompany.org/literature/bengali-transliteration" "Mozilla/5.0 (Windows NT 6.2; WOW64) AppleWebKit/537.31 (KHTML, like Gecko) Chrome/26.0.1410.43 Safari/537.31"
108.56.240.86 - - [10/Apr/2013:21:01:52 -0400] "GET /plugins/system/rokbox/rokbox.js HTTP/1.1" 200 22076 "http://www.mycompany.org/literature/bengali-transliteration" "Mozilla/5.0 (Windows NT 6.2; WOW64) AppleWebKit/537.31 (KHTML, like Gecko) Chrome/26.0.1410.43 Safari/537.31"
108.56.240.86 - - [10/Apr/2013:21:01:52 -0400] "GET /media/system/js/mootools.js HTTP/1.1" 200 74434 "http://www.mycompany.org/literature/bengali-transliteration" "Mozilla/5.0 (Windows NT 6.2; WOW64) AppleWebKit/537.31 (KHTML, like Gecko) Chrome/26.0.1410.43 Safari/537.31"
108.56.240.86 - - [10/Apr/2013:21:01:52 -0400] "GET /templates/rt_infuse_j15/js/rokutils.js HTTP/1.1" 200 3393 "http://www.mycompany.org/literature/bengali-transliteration" "Mozilla/5.0 (Windows NT 6.2; WOW64) AppleWebKit/537.31 (KHTML, like Gecko) Chrome/26.0.1410.43 Safari/537.31"
108.56.240.86 - - [10/Apr/2013:21:01:52 -0400] "GET /modules/mod_roknavmenu/themes/fusion/js/fusion.js HTTP/1.1" 200 12721 "http://www.mycompany.org/literature/bengali-transliteration" "Mozilla/5.0 (Windows NT 6.2; WOW64) AppleWebKit/537.31 (KHTML, like Gecko) Chrome/26.0.1410.43 Safari/537.31"
108.56.240.86 - - [10/Apr/2013:21:01:52 -0400] "GET /templates/rt_infuse_j15/js/rokutils.inputs.js HTTP/1.1" 200 2491 "http://www.mycompany.org/literature/bengali-transliteration" "Mozilla/5.0 (Windows NT 6.2; WOW64) AppleWebKit/537.31 (KHTML, like Gecko) Chrome/26.0.1410.43 Safari/537.31"
108.56.240.86 - - [10/Apr/2013:21:01:52 -0400] "GET /modules/mod_rokajaxsearch/js/rokajaxsearch.js HTTP/1.1" 200 15800 "http://www.mycompany.org/literature/bengali-transliteration" "Mozilla/5.0 (Windows NT 6.2; WOW64) AppleWebKit/537.31 (KHTML, like Gecko) Chrome/26.0.1410.43 Safari/537.31"
108.56.240.86 - - [10/Apr/2013:21:01:53 -0400] "GET /templates/rt_infuse_j15/images/style2/surrounds.png HTTP/1.1" 200 1937 "http://www.mycompany.org/literature/bengali-transliteration" "Mozilla/5.0 (Windows NT 6.2; WOW64) AppleWebKit/537.31 (KHTML, like Gecko) Chrome/26.0.1410.43 Safari/537.31"
108.56.240.86 - - [10/Apr/2013:21:01:53 -0400] "GET /templates/rt_infuse_j15/images/style2/showcase/search-bg.png HTTP/1.1" 200 2314 "http://www.mycompany.org/literature/bengali-transliteration" "Mozilla/5.0 (Windows NT 6.2; WOW64) AppleWebKit/537.31 (KHTML, like Gecko) Chrome/26.0.1410.43 Safari/537.31"
108.56.240.86 - - [10/Apr/2013:21:01:53 -0400] "GET /templates/rt_infuse_j15/images/style2/showcase/search-tools.png HTTP/1.1" 200 2047 "http://www.mycompany.org/literature/bengali-transliteration" "Mozilla/5.0 (Windows NT 6.2; WOW64) AppleWebKit/537.31 (KHTML, like Gecko) Chrome/26.0.1410.43 Safari/537.31"
108.56.240.86 - - [10/Apr/2013:21:01:53 -0400] "GET /old/Literary/ComposeArticleGoogle.html?view=wrapper HTTP/1.1" 200 4150 "http://www.mycompany.org/literature/bengali-transliteration" "Mozilla/5.0 (Windows NT 6.2; WOW64) AppleWebKit/537.31 (KHTML, like Gecko) Chrome/26.0.1410.43 Safari/537.31"
108.56.240.86 - - [10/Apr/2013:21:01:53 -0400] "GET /templates/rt_infuse_j15/images/style2/showcase/menu-bg.png HTTP/1.1" 200 1577 "http://www.mycompany.org/literature/bengali-transliteration" "Mozilla/5.0 (Windows NT 6.2; WOW64) AppleWebKit/537.31 (KHTML, like Gecko) Chrome/26.0.1410.43 Safari/537.31"
108.56.240.86 - - [10/Apr/2013:21:01:53 -0400] "GET /templates/rt_infuse_j15/images/style2/showcase/show-l.png HTTP/1.1" 200 1242 "http://www.mycompany.org/literature/bengali-transliteration" "Mozilla/5.0 (Windows NT 6.2; WOW64) AppleWebKit/537.31 (KHTML, like Gecko) Chrome/26.0.1410.43 Safari/537.31"
108.56.240.86 - - [10/Apr/2013:21:01:53 -0400] "GET /templates/rt_infuse_j15/images/style2/showcase/show-m.png HTTP/1.1" 200 1447 "http://www.mycompany.org/literature/bengali-transliteration" "Mozilla/5.0 (Windows NT 6.2; WOW64) AppleWebKit/537.31 (KHTML, like Gecko) Chrome/26.0.1410.43 Safari/537.31"
108.56.240.86 - - [10/Apr/2013:21:01:53 -0400] "GET /templates/rt_infuse_j15/images/style2/showcase/show-r.png HTTP/1.1" 200 1242 "http://www.mycompany.org/literature/bengali-transliteration" "Mozilla/5.0 (Windows NT 6.2; WOW64) AppleWebKit/537.31 (KHTML, like Gecko) Chrome/26.0.1410.43 Safari/537.31"
108.56.240.86 - - [10/Apr/2013:21:01:53 -0400] "GET /web/templates/system/css/system.css HTTP/1.1" 404 309 "http://www.mycompany.org/old/Literary/ComposeArticleGoogle.html?view=wrapper" "Mozilla/5.0 (Windows NT 6.2; WOW64) AppleWebKit/537.31 (KHTML, like Gecko) Chrome/26.0.1410.43 Safari/537.31"
108.56.240.86 - - [10/Apr/2013:21:01:53 -0400] "GET /web/templates/rt_infuse_j15/css/template.css HTTP/1.1" 404 318 "http://www.mycompany.org/old/Literary/ComposeArticleGoogle.html?view=wrapper" "Mozilla/5.0 (Windows NT 6.2; WOW64) AppleWebKit/537.31 (KHTML, like Gecko) Chrome/26.0.1410.43 Safari/537.31"
108.56.240.86 - - [10/Apr/2013:21:01:53 -0400] "GET /web/templates/rt_infuse_j15/css/typography.css HTTP/1.1" 404 320 "http://www.mycompany.org/old/Literary/ComposeArticleGoogle.html?view=wrapper" "Mozilla/5.0 (Windows NT 6.2; WOW64) AppleWebKit/537.31 (KHTML, like Gecko) Chrome/26.0.1410.43 Safari/537.31"
108.56.240.86 - - [10/Apr/2013:21:01:53 -0400] "GET /web/plugins/system/rokbox/themes/light/rokbox-style.css HTTP/1.1" 404 329 "http://www.mycompany.org/old/Literary/ComposeArticleGoogle.html?view=wrapper" "Mozilla/5.0 (Windows NT 6.2; WOW64) AppleWebKit/537.31 (KHTML, like Gecko) Chrome/26.0.1410.43 Safari/537.31"
108.56.240.86 - - [10/Apr/2013:21:01:53 -0400] "GET /templates/rt_infuse_j15/images/style2/logo/logo.png HTTP/1.1" 200 65815 "http://www.mycompany.org/literature/bengali-transliteration" "Mozilla/5.0 (Windows NT 6.2; WOW64) AppleWebKit/537.31 (KHTML, like Gecko) Chrome/26.0.1410.43 Safari/537.31"
108.56.240.86 - - [10/Apr/2013:21:01:53 -0400] "GET /web/templates/system/css/general.css HTTP/1.1" 404 310 "http://www.mycompany.org/old/Literary/ComposeArticleGoogle.html?view=wrapper" "Mozilla/5.0 (Windows NT 6.2; WOW64) AppleWebKit/537.31 (KHTML, like Gecko) Chrome/26.0.1410.43 Safari/537.31"
108.56.240.86 - - [10/Apr/2013:21:01:53 -0400] "GET /web/templates/rt_infuse_j15/css/menu-fusion.css HTTP/1.1" 404 321 "http://www.mycompany.org/old/Literary/ComposeArticleGoogle.html?view=wrapper" "Mozilla/5.0 (Windows NT 6.2; WOW64) AppleWebKit/537.31 (KHTML, like Gecko) Chrome/26.0.1410.43 Safari/537.31"
108.56.240.86 - - [10/Apr/2013:21:01:53 -0400] "GET /templates/rt_infuse_j15/images/style2/showcase/menu-div.png HTTP/1.1" 200 1548 "http://www.mycompany.org/literature/bengali-transliteration" "Mozilla/5.0 (Windows NT 6.2; WOW64) AppleWebKit/537.31 (KHTML, like Gecko) Chrome/26.0.1410.43 Safari/537.31"
108.56.240.86 - - [10/Apr/2013:21:01:53 -0400] "GET /templates/rt_infuse_j15/images/style2/showcase/drop-bullet.png HTTP/1.1" 200 2131 "http://www.mycompany.org/literature/bengali-transliteration" "Mozilla/5.0 (Windows NT 6.2; WOW64) AppleWebKit/537.31 (KHTML, like Gecko) Chrome/26.0.1410.43 Safari/537.31"
108.56.240.86 - - [10/Apr/2013:21:01:53 -0400] "GET /templates/rt_infuse_j15/images/style2/showcase/drop-bg-2.png HTTP/1.1" 200 5375 "http://www.mycompany.org/literature/bengali-transliteration" "Mozilla/5.0 (Windows NT 6.2; WOW64) AppleWebKit/537.31 (KHTML, like Gecko) Chrome/26.0.1410.43 Safari/537.31"
108.56.240.86 - - [10/Apr/2013:21:01:53 -0400] "GET /templates/rt_infuse_j15/images/style2/showcase/menu-drop-active.png HTTP/1.1" 200 1308 "http://www.mycompany.org/literature/bengali-transliteration" "Mozilla/5.0 (Windows NT 6.2; WOW64) AppleWebKit/537.31 (KHTML, like Gecko) Chrome/26.0.1410.43 Safari/537.31"
108.56.240.86 - - [10/Apr/2013:21:01:53 -0400] "GET /templates/rt_infuse_j15/images/style2/showcase/menu-drop-active2.png HTTP/1.1" 200 1456 "http://www.mycompany.org/literature/bengali-transliteration" "Mozilla/5.0 (Windows NT 6.2; WOW64) AppleWebKit/537.31 (KHTML, like Gecko) Chrome/26.0.1410.43 Safari/537.31"
108.56.240.86 - - [10/Apr/2013:21:01:53 -0400] "GET /templates/rt_infuse_j15/images/style2/showcase/drop-bg-1.png HTTP/1.1" 200 4378 "http://www.mycompany.org/literature/bengali-transliteration" "Mozilla/5.0 (Windows NT 6.2; WOW64) AppleWebKit/537.31 (KHTML, like Gecko) Chrome/26.0.1410.43 Safari/537.31"
108.56.240.86 - - [10/Apr/2013:21:01:53 -0400] "GET /templates/rt_infuse_j15/images/style2/mainbody/main-l.png HTTP/1.1" 200 1242 "http://www.mycompany.org/literature/bengali-transliteration" "Mozilla/5.0 (Windows NT 6.2; WOW64) AppleWebKit/537.31 (KHTML, like Gecko) Chrome/26.0.1410.43 Safari/537.31"
108.56.240.86 - - [10/Apr/2013:21:01:53 -0400] "GET /templates/rt_infuse_j15/images/style2/mainbody/main-r.png HTTP/1.1" 200 1242 "http://www.mycompany.org/literature/bengali-transliteration" "Mozilla/5.0 (Windows NT 6.2; WOW64) AppleWebKit/537.31 (KHTML, like Gecko) Chrome/26.0.1410.43 Safari/537.31"
