24.127.133.213 - - [10/Apr/2013:18:03:30 -0400] "GET /Activities/DGPJ2005/Ganesh.gif HTTP/1.1" 200 85838 "http://www.google.com/blank.html" "Mozilla/5.0 (Windows NT 6.1; WOW64; rv:20.0) Gecko/20100101 Firefox/20.0"
180.76.5.164 - - [10/Apr/2013:18:06:20 -0400] "GET /Administration/Membership/RenewMember.html HTTP/1.1" 200 7267 "-" "Mozilla/5.0 (compatible; Baiduspider/2.0; +http://www.baidu.com/search/spider.html)"
123.156.84.179 - - [10/Apr/2013:18:07:40 -0400] "GET /CGI/guestbook.cgi?add+%5BPLM=0%5D%5BN%5D+GET+http://www.mycompany.org/CGI/guestbook.cgi?add+%5B0,3019,2073%5D+-%3E+%5BN%5D+POST+http://www.mycompany.org/CGI/guestbook.cgi?add+%5B0,0,1019%5D+-%3E+%5BN%5D+GET+http://www.mycompany.org/old/Feedback/mycompany_comm.html+%5B0,0,14937%5D+-%3E+%5BN%5D+GET+http://www.mycompany.org/CGI/guestbook.cgi+%5B11903,0,1597%5D HTTP/1.0" 200 1377 "htt" "-"
199.30.16.49 - - [10/Apr/2013:18:08:21 -0400] "GET /robots.txt HTTP/1.1" 200 304 "-" "msnbot-media/1.1 (+http://search.msn.com/msnbot.htm)"
66.249.82.181 - - [10/Apr/2013:18:09:37 -0400] "GET /Activities/DGPJ2006/PJmain_files/bcg.jpg HTTP/1.1" 200 10490 "http://kootation.com/welcome-to-DG-PJ.html" "Mozilla/5.0 (X11; Linux x86_64) AppleWebKit/537.4 (KHTML, like Gecko; Google Web Preview) Chrome/22.0.1229 Safari/537.4"
216.151.139.199 - - [10/Apr/2013:18:10:32 -0400] "GET /web/tmp/install_4ca95104dc80f/languages/site/en-GB.com_easyblog.ini HTTP/1.1" 200 22985 "http://mycompany.org/" "Mozilla/4.0 (compatible; MSIE 6.0; Windows NT 5.1; SV1; MRA 5.8 (build 4157); .NET CLR 2.0.50727; AskTbPTV/5.11.3.15590)"
157.55.32.184 - - [10/Apr/2013:18:10:46 -0400] "GET /robots.txt HTTP/1.1" 200 304 "-" "Mozilla/5.0 (compatible; bingbot/2.0; +http://www.bing.com/bingbot.htm)"
188.143.233.173 - - [10/Apr/2013:18:11:41 -0400] "GET /events/calendar-of-events/register HTTP/1.1" 200 5 "-" "-"
94.142.135.62 - - [10/Apr/2013:18:11:44 -0400] "GET /register HTTP/1.1" 404 1402 "-" "Mozilla/5.0 (Windows; U; Windows NT 5.1; en-US; rv:1.8.1.6) Gecko/20070725 Firefox/2.0.0.6"
94.142.135.62 - - [10/Apr/2013:18:11:44 -0400] "GET /events/register HTTP/1.1" 404 1404 "-" "Mozilla/5.0 (Windows; U; Windows NT 5.1; en-US; rv:1.8.1.6) Gecko/20070725 Firefox/2.0.0.6"
188.143.233.173 - - [10/Apr/2013:18:11:46 -0400] "GET /events/register HTTP/1.1" 200 5 "-" "-"
188.92.78.124 - - [10/Apr/2013:18:11:47 -0400] "GET /events/register HTTP/1.1" 404 1404 "-" "Mozilla/5.0 (Windows; U; Windows NT 5.1; en-US; rv:1.8.1.6) Gecko/20070725 Firefox/2.0.0.6"
188.92.78.124 - - [10/Apr/2013:18:11:48 -0400] "GET /register HTTP/1.1" 404 1402 "-" "Mozilla/5.0 (Windows; U; Windows NT 5.1; en-US; rv:1.8.1.6) Gecko/20070725 Firefox/2.0.0.6"
188.143.233.173 - - [10/Apr/2013:18:11:50 -0400] "GET /register HTTP/1.1" 200 5188 "-" "-"
188.92.78.124 - - [10/Apr/2013:18:12:02 -0400] "GET /events/calendar-of-events/register HTTP/1.1" 200 24600 "-" "Mozilla/5.0 (Windows; U; Windows NT 5.1; en-US; rv:1.8.1.6) Gecko/20070725 Firefox/2.0.0.6"
94.142.135.62 - - [10/Apr/2013:18:12:02 -0400] "GET /events/calendar-of-events/register HTTP/1.1" 200 24600 "-" "Mozilla/5.0 (Windows; U; Windows NT 5.1; en-US; rv:1.8.1.6) Gecko/20070725 Firefox/2.0.0.6"
66.249.74.128 - - [10/Apr/2013:18:13:06 -0400] "GET /CGI/letterdetails.cgi?letter=letter0152 HTTP/1.1" 200 7966 "-" "Mozilla/5.0 (compatible; Googlebot/2.1; +http://www.google.com/bot.html)"
65.55.215.79 - - [10/Apr/2013:18:13:51 -0400] "GET /robots.txt HTTP/1.1" 200 304 "-" "msnbot-media/1.1 (+http://search.msn.com/msnbot.htm)"
65.55.215.79 - - [10/Apr/2013:18:13:51 -0400] "GET /Activities/DGPJ2004/images/DGPJ2004_1references.jpg HTTP/1.1" 200 1986 "-" "msnbot-media/1.1 (+http://search.msn.com/msnbot.htm)"
199.30.16.34 - - [10/Apr/2013:18:14:15 -0400] "GET /robots.txt HTTP/1.1" 200 304 "-" "msnbot-media/1.1 (+http://search.msn.com/msnbot.htm)"
199.30.16.34 - - [10/Apr/2013:18:14:16 -0400] "GET /old/Literary/SH/Spring00/It06_tit.gif HTTP/1.1" 200 9058 "-" "msnbot-media/1.1 (+http://search.msn.com/msnbot.htm)"
66.249.74.128 - - [10/Apr/2013:18:15:34 -0400] "GET /old/Literary/SH/Autumn99/Item20_au99.html HTTP/1.1" 304 - "-" "Mozilla/5.0 (iPhone; U; CPU iPhone OS 4_1 like Mac OS X; en-us) AppleWebKit/532.9 (KHTML, like Gecko) Version/4.0.5 Mobile/8B117 Safari/6531.22.7 (compatible; Googlebot-Mobile/2.1; +http://www.google.com/bot.html)"
184.22.183.114 - - [10/Apr/2013:18:17:12 -0400] "GET /nabc2009/showdonorreglist.cgi HTTP/1.1" 200 4078 "-" "Mozilla/5.0 (X11; Linux i686; rv:6.0) Gecko/20100101 Firefox/6.0"
66.249.74.85 - - [10/Apr/2013:18:21:33 -0400] "GET /Activities/DGPJ2005/references.html HTTP/1.1" 200 5670 "-" "Mozilla/5.0 (compatible; Googlebot/2.1; +http://www.google.com/bot.html)"
66.249.74.85 - - [10/Apr/2013:18:22:50 -0400] "GET /Activities/SW2010/Programs_files/navbar_1_normal.png HTTP/1.1" 200 2232 "-" "Mozilla/5.0 (compatible; Googlebot/2.1; +http://www.google.com/bot.html)"
66.249.74.85 - - [10/Apr/2013:18:22:50 -0400] "GET /Activities/SW2010/Programs_files/navbar_2_normal.png HTTP/1.1" 200 1786 "-" "Mozilla/5.0 (compatible; Googlebot/2.1; +http://www.google.com/bot.html)"
66.249.74.85 - - [10/Apr/2013:18:22:51 -0400] "GET /Activities/SW2010/Programs_files/navbar_0_rollover.png HTTP/1.1" 200 2041 "-" "Mozilla/5.0 (compatible; Googlebot/2.1; +http://www.google.com/bot.html)"
66.249.74.85 - - [10/Apr/2013:18:22:51 -0400] "GET /Activities/SW2010/Programs_files/navbar_separator_1.png HTTP/1.1" 200 843 "-" "Mozilla/5.0 (compatible; Googlebot/2.1; +http://www.google.com/bot.html)"
66.249.74.85 - - [10/Apr/2013:18:22:52 -0400] "GET /Activities/SW2010/Programs_files/navbar_active.png HTTP/1.1" 200 2078 "-" "Mozilla/5.0 (compatible; Googlebot/2.1; +http://www.google.com/bot.html)"
66.249.74.85 - - [10/Apr/2013:18:22:52 -0400] "GET /Activities/SW2010/Programs_files/navbar_2_rollover.png HTTP/1.1" 200 1659 "-" "Mozilla/5.0 (compatible; Googlebot/2.1; +http://www.google.com/bot.html)"
66.249.74.85 - - [10/Apr/2013:18:22:53 -0400] "GET /Activities/SW2010/Programs_files/navbar_separator_0.png HTTP/1.1" 200 843 "-" "Mozilla/5.0 (compatible; Googlebot/2.1; +http://www.google.com/bot.html)"
66.249.74.85 - - [10/Apr/2013:18:22:53 -0400] "GET /Activities/SW2010/Programs_files/navbar_0_normal.png HTTP/1.1" 200 2283 "-" "Mozilla/5.0 (compatible; Googlebot/2.1; +http://www.google.com/bot.html)"
66.249.74.85 - - [10/Apr/2013:18:22:54 -0400] "GET /Activities/SW2010/Programs_files/navbar_separator_2.png HTTP/1.1" 200 843 "-" "Mozilla/5.0 (compatible; Googlebot/2.1; +http://www.google.com/bot.html)"
66.249.74.85 - - [10/Apr/2013:18:22:55 -0400] "GET /Activities/SW2010/Programs_files/navbar_1_rollover.png HTTP/1.1" 200 2042 "-" "Mozilla/5.0 (compatible; Googlebot/2.1; +http://www.google.com/bot.html)"
66.249.74.85 - - [10/Apr/2013:18:22:55 -0400] "GET /Activities/SW2010/Programs_files/Goddess_SW_by_mickeykumar.png HTTP/1.1" 200 189919 "-" "Mozilla/5.0 (compatible; Googlebot/2.1; +http://www.google.com/bot.html)"
66.249.74.85 - - [10/Apr/2013:18:22:56 -0400] "GET /Activities/SW2010/Programs_files/Hardcover_bullet_gray.png HTTP/1.1" 200 3385 "-" "Mozilla/5.0 (compatible; Googlebot/2.1; +http://www.google.com/bot.html)"
66.249.74.85 - - [10/Apr/2013:18:22:56 -0400] "GET /Activities/SW2010/Programs_files/Programs.css HTTP/1.1" 200 2022 "-" "Mozilla/5.0 (compatible; Googlebot/2.1; +http://www.google.com/bot.html)"
66.249.74.85 - - [10/Apr/2013:18:22:56 -0400] "GET /Activities/SW2010/Programs_files/Programs.js HTTP/1.1" 200 22484 "-" "Mozilla/5.0 (compatible; Googlebot/2.1; +http://www.google.com/bot.html)"
66.249.74.85 - - [10/Apr/2013:18:22:57 -0400] "GET /Activities/SW2010/Programs_files/shapeimage_2_link_1.png HTTP/1.1" 200 3483 "-" "Mozilla/5.0 (compatible; Googlebot/2.1; +http://www.google.com/bot.html)"
66.249.74.85 - - [10/Apr/2013:18:22:57 -0400] "GET /Activities/SW2010/Programs_files/shapeimage_2_link_0.png HTTP/1.1" 200 3131 "-" "Mozilla/5.0 (compatible; Googlebot/2.1; +http://www.google.com/bot.html)"
66.249.74.85 - - [10/Apr/2013:18:22:58 -0400] "GET /Activities/SW2010/Programs_files/shapeimage_2.png HTTP/1.1" 200 651 "-" "Mozilla/5.0 (compatible; Googlebot/2.1; +http://www.google.com/bot.html)"
66.249.74.85 - - [10/Apr/2013:18:22:58 -0400] "GET /Activities/SW2010/Programs_files/shapeimage_2_rollover_1.png HTTP/1.1" 200 3145 "-" "Mozilla/5.0 (compatible; Googlebot/2.1; +http://www.google.com/bot.html)"
66.249.74.85 - - [10/Apr/2013:18:22:59 -0400] "GET /Activities/SW2010/Programs_files/shapeimage_2_rollover_0.png HTTP/1.1" 200 2829 "-" "Mozilla/5.0 (compatible; Googlebot/2.1; +http://www.google.com/bot.html)"
66.249.74.85 - - [10/Apr/2013:18:22:59 -0400] "GET /Activities/SW2010/Programs_files/shapeimage_1.png HTTP/1.1" 200 14922 "-" "Mozilla/5.0 (compatible; Googlebot/2.1; +http://www.google.com/bot.html)"
199.30.20.85 - - [10/Apr/2013:18:23:42 -0400] "GET /robots.txt HTTP/1.1" 200 304 "-" "msnbot-media/1.1 (+http://search.msn.com/msnbot.htm)"
199.30.20.85 - - [10/Apr/2013:18:23:43 -0400] "GET /Activities/DGPJ2007/images/Krosswindz.jpg HTTP/1.1" 200 37143 "-" "msnbot-media/1.1 (+http://search.msn.com/msnbot.htm)"
65.55.218.62 - - [10/Apr/2013:18:24:32 -0400] "GET /old/Activities/KLPJ2007/kp2007welcome.html?view=wrapper HTTP/1.1" 200 4078 "-" "Mozilla/4.0 (compatible; MSIE 7.0; Windows NT 5.1;  SLCC1;  .NET CLR 1.1.4322;  .NET CLR 2.0.50727;  .NET CLR 3.0.04506.648)"
183.62.115.234 - - [10/Apr/2013:18:24:59 -0400] "GET /Activities/NABC99/NABCMemoriesMain.html HTTP/1.1" 200 2407 "-" "Mozilla/4.0 (compatible; MSIE 6.0; Windows NT 5.1)"
60.182.153.208 - - [10/Apr/2013:18:26:00 -0400] "GET /CGI/guestbook.cgi?add HTTP/1.0" 200 1856 "http://www.mycompany.org/CGI/guestbook.cgi?add" "Mozilla/5.0 (Windows NT 6.1; WOW64; rv:9.0.1) Gecko/20100101 Firefox/9.0.1"
60.182.153.208 - - [10/Apr/2013:18:26:14 -0400] "POST /CGI/guestbook.cgi?add HTTP/1.0" 200 799 "http://www.mycompany.org/CGI/guestbook.cgi?add" "Mozilla/5.0 (Windows NT 6.1; WOW64; rv:9.0.1) Gecko/20100101 Firefox/9.0.1"
60.182.153.208 - - [10/Apr/2013:18:26:14 -0400] "GET /old/Feedback/mycompany_comm.html HTTP/1.0" 200 14615 "http://www.mycompany.org/old/Feedback/mycompany_comm.html" "Mozilla/5.0 (Windows NT 6.1; WOW64; rv:9.0.1) Gecko/20100101 Firefox/9.0.1"
199.30.16.39 - - [10/Apr/2013:18:27:40 -0400] "GET /robots.txt HTTP/1.1" 200 304 "-" "msnbot-media/1.1 (+http://search.msn.com/msnbot.htm)"
199.30.16.39 - - [10/Apr/2013:18:27:40 -0400] "GET /old/Activities/BK98/bai_footer.gif HTTP/1.1" 200 2182 "-" "msnbot-media/1.1 (+http://search.msn.com/msnbot.htm)"
125.112.29.150 - - [10/Apr/2013:18:28:18 -0400] "GET /CGI/guestbook.cgi?add HTTP/1.0" 200 1856 "http://www.mycompany.org/CGI/guestbook.cgi?add" "Mozilla/5.0 (Windows NT 6.1) AppleWebKit/536.5 (KHTML, like Gecko) YaBrowser/1.1.1084.5409 Chrome/19.1.1084.5409 Safari/536.5"
125.112.29.150 - - [10/Apr/2013:18:28:19 -0400] "POST /CGI/guestbook.cgi?add HTTP/1.0" 200 799 "http://www.mycompany.org/CGI/guestbook.cgi?add" "Mozilla/5.0 (Windows NT 6.1) AppleWebKit/536.5 (KHTML, like Gecko) YaBrowser/1.1.1084.5409 Chrome/19.1.1084.5409 Safari/536.5"
125.112.29.150 - - [10/Apr/2013:18:28:19 -0400] "GET /old/Feedback/mycompany_comm.html HTTP/1.0" 200 14615 "http://www.mycompany.org/old/Feedback/mycompany_comm.html" "Mozilla/5.0 (Windows NT 6.1) AppleWebKit/536.5 (KHTML, like Gecko) YaBrowser/1.1.1084.5409 Chrome/19.1.1084.5409 Safari/536.5"
188.92.72.128 - - [10/Apr/2013:18:28:34 -0400] "GET / HTTP/1.1" 200 62 "-" "ANTIPIDERSIA"
66.249.74.128 - - [10/Apr/2013:18:28:51 -0400] "GET /events/past-events/past-events-2010/KL-PJ-2010/arnab-chakraborty HTTP/1.1" 200 63472 "-" "Mozilla/5.0 (iPhone; U; CPU iPhone OS 4_1 like Mac OS X; en-us) AppleWebKit/532.9 (KHTML, like Gecko) Version/4.0.5 Mobile/8B117 Safari/6531.22.7 (compatible; Googlebot-Mobile/2.1; +http://www.google.com/bot.html)"
157.55.32.184 - - [10/Apr/2013:18:30:34 -0400] "GET /Activities/NABC99/Dignitaries.html HTTP/1.1" 304 - "-" "Mozilla/5.0 (compatible; bingbot/2.0; +http://www.bing.com/bingbot.htm)"
176.61.141.94 - - [10/Apr/2013:18:31:26 -0400] "GET /web/tmp/install_4ca95104dc80f/languages/admin/zh-CN.com_easyblog.ini HTTP/1.0" 200 32369 "http://mycompany.org/" "Mozilla/5.0 (Linux; U; Android 2.2; fr-fr; Desire_A8181 Build/FRF91) App3leWebKit/53.1 (KHTML, like Gecko) Version/4.0 Mobile Safari/533.1"
216.152.251.9 - - [10/Apr/2013:18:31:33 -0400] "GET /old/Feedback/mycompany_comm.html HTTP/1.0" 200 14615 "http://www.mycompany.org/old/Feedback/mycompany_comm.html" "Opera/9.80 (Windows NT 5.1; U; ru) Presto/2.10.229 Version/11.64"
216.152.251.9 - - [10/Apr/2013:18:31:33 -0400] "GET /CGI/guestbook.cgi?add HTTP/1.0" 200 1856 "http://www.mycompany.org/CGI/guestbook.cgi?add" "Opera/9.80 (Windows NT 5.1; U; ru) Presto/2.10.229 Version/11.64"
216.152.251.9 - - [10/Apr/2013:18:31:33 -0400] "POST /CGI/guestbook.cgi?add HTTP/1.0" 200 799 "http://www.mycompany.org/CGI/guestbook.cgi?add" "Opera/9.80 (Windows NT 5.1; U; ru) Presto/2.10.229 Version/11.64"
216.152.251.9 - - [10/Apr/2013:18:31:33 -0400] "GET /old/Feedback/mycompany_comm.html HTTP/1.0" 200 14615 "http://www.mycompany.org/old/Feedback/mycompany_comm.html" "Opera/9.80 (Windows NT 5.1; U; ru) Presto/2.10.229 Version/11.64"
216.152.251.9 - - [10/Apr/2013:18:31:33 -0400] "GET /old/Feedback/CGI/guestbook.cgi?add HTTP/1.0" 404 292 "http://www.mycompany.org/CGI/guestbook.cgi?add" "Opera/9.80 (Windows NT 5.1; U; ru) Presto/2.10.229 Version/11.64"
216.152.251.9 - - [10/Apr/2013:18:31:33 -0400] "GET /Feedback/CGI/guestbook.cgi?add HTTP/1.0" 404 288 "http://www.mycompany.org/Feedback/CGI/guestbook.cgi?add" "Opera/9.80 (Windows NT 5.1; U; ru) Presto/2.10.229 Version/11.64"
216.152.251.9 - - [10/Apr/2013:18:31:33 -0400] "GET /old/Feedback/CGI/guestbook.cgi?add HTTP/1.0" 404 292 "http://www.mycompany.org/old/Feedback/CGI/guestbook.cgi?add" "Opera/9.80 (Windows NT 5.1; U; ru) Presto/2.10.229 Version/11.64"
216.152.251.9 - - [10/Apr/2013:18:31:33 -0400] "GET /Feedback/CGI/guestbook.cgi?add HTTP/1.0" 404 288 "http://www.mycompany.org/Feedback/CGI/guestbook.cgi?add" "Opera/9.80 (Windows NT 5.1; U; ru) Presto/2.10.229 Version/11.64"
216.152.251.9 - - [10/Apr/2013:18:32:24 -0400] "GET /CGI/guestbook.cgi?add HTTP/1.0" 200 1856 "http://www.mycompany.org/CGI/guestbook.cgi?add" "Opera/9.80 (Windows NT 5.1; U; ru) Presto/2.10.229 Version/11.64"
66.249.74.128 - - [10/Apr/2013:18:32:36 -0400] "GET /messages/showletter.php?id=22 HTTP/1.1" 200 3710 "-" "Mozilla/5.0 (compatible; Googlebot/2.1; +http://www.google.com/bot.html)"
94.142.135.62 - - [10/Apr/2013:18:33:13 -0400] "GET /component/banners/click/12 HTTP/1.1" 303 5 "-" "Mozilla/5.0 (Windows; U; Windows NT 5.1; en-US; rv:1.8.1.6) Gecko/20070725 Firefox/2.0.0.6"
188.92.78.124 - - [10/Apr/2013:18:33:13 -0400] "GET /component/banners/click/12 HTTP/1.1" 303 5 "-" "Mozilla/5.0 (Windows; U; Windows NT 5.1; en-US; rv:1.8.1.6) Gecko/20070725 Firefox/2.0.0.6"
66.249.74.128 - - [10/Apr/2013:18:33:13 -0400] "GET /component/banners/click/12 HTTP/1.1" 200 5 "-" "Mozilla/5.0 (compatible; Googlebot/2.1; +http://www.google.com/bot.html)"
208.115.113.84 - - [10/Apr/2013:18:33:24 -0400] "GET /robots.txt HTTP/1.1" 200 304 "-" "Mozilla/5.0 (compatible; Ezooms/1.0; ezooms.bot@gmail.com)"
208.115.113.84 - - [10/Apr/2013:18:33:24 -0400] "GET /robots.txt HTTP/1.1" 200 304 "-" "Mozilla/5.0 (compatible; Ezooms/1.0; ezooms.bot@gmail.com)"
123.125.71.56 - - [10/Apr/2013:18:33:30 -0400] "GET / HTTP/1.1" 200 29264 "-" "Mozilla/5.0 (compatible; Baiduspider/2.0; +http://www.baidu.com/search/spider.html)"
216.152.251.9 - - [10/Apr/2013:18:33:37 -0400] "GET /CGI/guestbook.cgi HTTP/1.0" 200 1377 "http://www.mycompany.org/CGI/guestbook.cgi" "Opera/9.80 (Windows NT 5.1; U; ru) Presto/2.10.229 Version/11.64"
220.181.108.119 - - [10/Apr/2013:18:34:08 -0400] "GET / HTTP/1.1" 200 33545 "-" "Mozilla/5.0 (compatible; Baiduspider/2.0; +http://www.baidu.com/search/spider.html)"
91.239.15.174 - - [10/Apr/2013:18:34:51 -0400] "GET /Community/mycompany_community.html HTTP/1.0" 404 1390 "http://www.mycompany.org/Community/mycompany_community.html" "Mozilla/5.0 (Windows NT 6.1; WOW64; rv:17.0) Gecko/20100101 Firefox/17.0"
125.112.31.128 - - [10/Apr/2013:18:35:08 -0400] "GET /CGI/guestbook.cgi?add HTTP/1.0" 200 1856 "http://www.mycompany.org/CGI/guestbook.cgi?add" "Opera/9.80 (Windows NT 5.1; U; Edition Yx; ru) Presto/2.10.289 Version/12.02"
125.112.31.128 - - [10/Apr/2013:18:35:11 -0400] "POST /CGI/guestbook.cgi?add HTTP/1.0" 200 799 "http://www.mycompany.org/CGI/guestbook.cgi?add" "Opera/9.80 (Windows NT 5.1; U; Edition Yx; ru) Presto/2.10.289 Version/12.02"
125.112.31.128 - - [10/Apr/2013:18:35:13 -0400] "GET /old/Feedback/mycompany_comm.html HTTP/1.0" 200 14615 "http://www.mycompany.org/old/Feedback/mycompany_comm.html" "Opera/9.80 (Windows NT 5.1; U; Edition Yx; ru) Presto/2.10.289 Version/12.02"
125.112.29.104 - - [10/Apr/2013:18:39:30 -0400] "GET /CGI/guestbook.cgi?add HTTP/1.0" 200 1856 "http://www.mycompany.org/CGI/guestbook.cgi?add" "Mozilla/5.0 (Windows NT 5.1; rv:8.0) Gecko/20100101 Firefox/8.0"
125.112.29.104 - - [10/Apr/2013:18:39:32 -0400] "POST /CGI/guestbook.cgi?add HTTP/1.0" 200 799 "http://www.mycompany.org/CGI/guestbook.cgi?add" "Mozilla/5.0 (Windows NT 5.1; rv:8.0) Gecko/20100101 Firefox/8.0"
125.112.29.104 - - [10/Apr/2013:18:39:32 -0400] "GET /old/Feedback/mycompany_comm.html HTTP/1.0" 200 14615 "http://www.mycompany.org/old/Feedback/mycompany_comm.html" "Mozilla/5.0 (Windows NT 5.1; rv:8.0) Gecko/20100101 Firefox/8.0"
27.153.151.84 - - [10/Apr/2013:18:40:46 -0400] "GET /CGI/guestbook.cgi?add HTTP/1.0" 200 1856 "http://www.mycompany.org/CGI/guestbook.cgi?add" "Mozilla/5.0 (Windows NT 6.2; WOW64; rv:16.0) Gecko/20100101 Firefox/16.0"
27.153.151.84 - - [10/Apr/2013:18:40:47 -0400] "POST /CGI/guestbook.cgi?add HTTP/1.0" 200 800 "http://www.mycompany.org/CGI/guestbook.cgi?add" "Mozilla/5.0 (Windows NT 6.2; WOW64; rv:16.0) Gecko/20100101 Firefox/16.0"
27.153.151.84 - - [10/Apr/2013:18:40:47 -0400] "GET /old/Feedback/mycompany_comm.html HTTP/1.0" 200 14615 "http://www.mycompany.org/old/Feedback/mycompany_comm.html" "Mozilla/5.0 (Windows NT 6.2; WOW64; rv:16.0) Gecko/20100101 Firefox/16.0"
123.125.71.46 - - [10/Apr/2013:18:41:34 -0400] "GET /robots.txt HTTP/1.1" 200 304 "-" "Mozilla/5.0 (Windows NT 5.1; rv:6.0.2) Gecko/20100101 Firefox/6.0.2"
66.249.74.128 - - [10/Apr/2013:18:41:45 -0400] "GET /old/Literary/SH/Spring00/letters.gif HTTP/1.1" 304 - "-" "Googlebot-Image/1.0"
66.249.74.128 - - [10/Apr/2013:18:42:20 -0400] "GET /Activities/DGPJ2002/programs.html HTTP/1.1" 304 - "-" "Mozilla/5.0 (iPhone; U; CPU iPhone OS 4_1 like Mac OS X; en-us) AppleWebKit/532.9 (KHTML, like Gecko) Version/4.0.5 Mobile/8B117 Safari/6531.22.7 (compatible; Googlebot-Mobile/2.1; +http://www.google.com/bot.html)"
208.115.111.68 - - [10/Apr/2013:18:42:38 -0400] "GET /web/tmp/install_4ca95104dc80f/languages/site/?D=A HTTP/1.1" 200 1316 "-" "Mozilla/5.0 (compatible; Ezooms/1.0; ezooms.bot@gmail.com)"
208.115.111.68 - - [10/Apr/2013:18:42:40 -0400] "GET /web/tmp/install_4ca95104dc80f/default_plugin/?N=D HTTP/1.1" 200 784 "-" "Mozilla/5.0 (compatible; Ezooms/1.0; ezooms.bot@gmail.com)"
208.115.111.68 - - [10/Apr/2013:18:42:42 -0400] "GET /old/Literary/SH/Winter99/Item6_wi99.html HTTP/1.1" 200 9321 "-" "Mozilla/5.0 (compatible; Ezooms/1.0; ezooms.bot@gmail.com)"
208.115.111.68 - - [10/Apr/2013:18:42:46 -0400] "GET /events/past-events/2001-and-earlier/BK-2001 HTTP/1.1" 200 45060 "-" "Mozilla/5.0 (compatible; Ezooms/1.0; ezooms.bot@gmail.com)"
49.5.1.11 - - [10/Apr/2013:18:43:42 -0400] "GET /web/tmp/install_4ca95104dc80f/languages/site/en-GB.com_easyblog.ini HTTP/1.1" 200 22985 "-" "Mozilla/4.0 (compatible; MSIE 6.0; Windows NT 5.1; SV1; Mozilla/4.0 (compatible; MSIE 6.0; Windows NT 5.1; SV1) )"
74.63.192.11 - - [10/Apr/2013:18:44:07 -0400] "GET /index.php?option=com_wrapper&view=wrapper&Itemid=231&letter=letter0124 HTTP/1.1" 200 43245 "-" "Mozilla/4.0 (compatible; MSIE 6.0; Windows NT 5.1; SV1)"
157.56.93.191 - - [10/Apr/2013:18:45:12 -0400] "GET /CGI/letterdetails.cgi?letter=letter0272 HTTP/1.1" 200 7324 "-" "Mozilla/5.0 (compatible; bingbot/2.0; +http://www.bing.com/bingbot.htm)"
176.16.94.219 - - [10/Apr/2013:18:46:02 -0400] "GET /old/Literary/SH/Winter99/Item5_wi99.html HTTP/1.1" 200 11916 "https://www.google.com.sa/" "Mozilla/5.0 (Windows NT 6.1; WOW64) AppleWebKit/537.31 (KHTML, like Gecko) Chrome/26.0.1410.43 Safari/537.31"
176.16.94.219 - - [10/Apr/2013:18:46:03 -0400] "GET /old/Literary/SH/SHOnlineInclined.gif HTTP/1.1" 200 8861 "http://www.mycompany.org/old/Literary/SH/Winter99/Item5_wi99.html" "Mozilla/5.0 (Windows NT 6.1; WOW64) AppleWebKit/537.31 (KHTML, like Gecko) Chrome/26.0.1410.43 Safari/537.31"
176.16.94.219 - - [10/Apr/2013:18:46:03 -0400] "GET /old/Literary/SH/Winter99/LeftTop_wi.gif HTTP/1.1" 200 381 "http://www.mycompany.org/old/Literary/SH/Winter99/Item5_wi99.html" "Mozilla/5.0 (Windows NT 6.1; WOW64) AppleWebKit/537.31 (KHTML, like Gecko) Chrome/26.0.1410.43 Safari/537.31"
176.16.94.219 - - [10/Apr/2013:18:46:03 -0400] "GET /old/Literary/SH/Winter99/Winter99.gif HTTP/1.1" 200 6187 "http://www.mycompany.org/old/Literary/SH/Winter99/Item5_wi99.html" "Mozilla/5.0 (Windows NT 6.1; WOW64) AppleWebKit/537.31 (KHTML, like Gecko) Chrome/26.0.1410.43 Safari/537.31"
176.16.94.219 - - [10/Apr/2013:18:46:03 -0400] "GET /old/Literary/SH/Winter99/TopMenu_wi.gif HTTP/1.1" 200 5893 "http://www.mycompany.org/old/Literary/SH/Winter99/Item5_wi99.html" "Mozilla/5.0 (Windows NT 6.1; WOW64) AppleWebKit/537.31 (KHTML, like Gecko) Chrome/26.0.1410.43 Safari/537.31"
176.16.94.219 - - [10/Apr/2013:18:46:03 -0400] "GET /old/Literary/SH/SHOnlineBeng.gif HTTP/1.1" 200 8714 "http://www.mycompany.org/old/Literary/SH/Winter99/Item5_wi99.html" "Mozilla/5.0 (Windows NT 6.1; WOW64) AppleWebKit/537.31 (KHTML, like Gecko) Chrome/26.0.1410.43 Safari/537.31"
176.16.94.219 - - [10/Apr/2013:18:46:03 -0400] "GET /old/Literary/SH/SHBack.gif HTTP/1.1" 200 34605 "http://www.mycompany.org/old/Literary/SH/Winter99/Item5_wi99.html" "Mozilla/5.0 (Windows NT 6.1; WOW64) AppleWebKit/537.31 (KHTML, like Gecko) Chrome/26.0.1410.43 Safari/537.31"
176.16.94.219 - - [10/Apr/2013:18:46:04 -0400] "GET /old/Literary/SH/Winter99/RightTop_wi.gif HTTP/1.1" 200 905 "http://www.mycompany.org/old/Literary/SH/Winter99/Item5_wi99.html" "Mozilla/5.0 (Windows NT 6.1; WOW64) AppleWebKit/537.31 (KHTML, like Gecko) Chrome/26.0.1410.43 Safari/537.31"
176.16.94.219 - - [10/Apr/2013:18:46:04 -0400] "GET /old/Literary/SH/Winter99/SideLine_wi.gif HTTP/1.1" 200 245 "http://www.mycompany.org/old/Literary/SH/Winter99/Item5_wi99.html" "Mozilla/5.0 (Windows NT 6.1; WOW64) AppleWebKit/537.31 (KHTML, like Gecko) Chrome/26.0.1410.43 Safari/537.31"
176.16.94.219 - - [10/Apr/2013:18:46:04 -0400] "GET /old/Literary/SH/Winter99/Srishti.gif HTTP/1.1" 200 5165 "http://www.mycompany.org/old/Literary/SH/Winter99/Item5_wi99.html" "Mozilla/5.0 (Windows NT 6.1; WOW64) AppleWebKit/537.31 (KHTML, like Gecko) Chrome/26.0.1410.43 Safari/537.31"
176.16.94.219 - - [10/Apr/2013:18:46:05 -0400] "GET /old/Literary/SH/ClipArt/CircularAlpona1.gif HTTP/1.1" 200 2492 "http://www.mycompany.org/old/Literary/SH/Winter99/Item5_wi99.html" "Mozilla/5.0 (Windows NT 6.1; WOW64) AppleWebKit/537.31 (KHTML, like Gecko) Chrome/26.0.1410.43 Safari/537.31"
176.16.94.219 - - [10/Apr/2013:18:46:05 -0400] "GET /old/Literary/SH/Winter99/LeftBottom_wi.gif HTTP/1.1" 200 374 "http://www.mycompany.org/old/Literary/SH/Winter99/Item5_wi99.html" "Mozilla/5.0 (Windows NT 6.1; WOW64) AppleWebKit/537.31 (KHTML, like Gecko) Chrome/26.0.1410.43 Safari/537.31"
176.16.94.219 - - [10/Apr/2013:18:46:05 -0400] "GET /old/Literary/SH/Winter99/BottomMenu_wi.gif HTTP/1.1" 200 6077 "http://www.mycompany.org/old/Literary/SH/Winter99/Item5_wi99.html" "Mozilla/5.0 (Windows NT 6.1; WOW64) AppleWebKit/537.31 (KHTML, like Gecko) Chrome/26.0.1410.43 Safari/537.31"
176.16.94.219 - - [10/Apr/2013:18:46:05 -0400] "GET /old/Literary/SH/ClipArt/Forest1.gif HTTP/1.1" 200 35291 "http://www.mycompany.org/old/Literary/SH/Winter99/Item5_wi99.html" "Mozilla/5.0 (Windows NT 6.1; WOW64) AppleWebKit/537.31 (KHTML, like Gecko) Chrome/26.0.1410.43 Safari/537.31"
176.16.94.219 - - [10/Apr/2013:18:46:05 -0400] "GET /old/Literary/SH/Winter99/RightBottom_wi.gif HTTP/1.1" 200 370 "http://www.mycompany.org/old/Literary/SH/Winter99/Item5_wi99.html" "Mozilla/5.0 (Windows NT 6.1; WOW64) AppleWebKit/537.31 (KHTML, like Gecko) Chrome/26.0.1410.43 Safari/537.31"
176.16.94.219 - - [10/Apr/2013:18:46:05 -0400] "GET /old/Literary/SH/ShBot1.gif HTTP/1.1" 200 6745 "http://www.mycompany.org/old/Literary/SH/Winter99/Item5_wi99.html" "Mozilla/5.0 (Windows NT 6.1; WOW64) AppleWebKit/537.31 (KHTML, like Gecko) Chrome/26.0.1410.43 Safari/537.31"
176.16.94.219 - - [10/Apr/2013:18:46:06 -0400] "GET /old/Literary/SH/ShBot2.gif HTTP/1.1" 200 8542 "http://www.mycompany.org/old/Literary/SH/Winter99/Item5_wi99.html" "Mozilla/5.0 (Windows NT 6.1; WOW64) AppleWebKit/537.31 (KHTML, like Gecko) Chrome/26.0.1410.43 Safari/537.31"
176.16.94.219 - - [10/Apr/2013:18:46:06 -0400] "GET /old/Literary/SH/ShBot3.gif HTTP/1.1" 200 9353 "http://www.mycompany.org/old/Literary/SH/Winter99/Item5_wi99.html" "Mozilla/5.0 (Windows NT 6.1; WOW64) AppleWebKit/537.31 (KHTML, like Gecko) Chrome/26.0.1410.43 Safari/537.31"
176.16.94.219 - - [10/Apr/2013:18:46:06 -0400] "GET /old/Literary/SH/ShBot4.gif HTTP/1.1" 200 7923 "http://www.mycompany.org/old/Literary/SH/Winter99/Item5_wi99.html" "Mozilla/5.0 (Windows NT 6.1; WOW64) AppleWebKit/537.31 (KHTML, like Gecko) Chrome/26.0.1410.43 Safari/537.31"
176.16.94.219 - - [10/Apr/2013:18:46:06 -0400] "GET /old/Literary/SH/ShBot5.gif HTTP/1.1" 200 8083 "http://www.mycompany.org/old/Literary/SH/Winter99/Item5_wi99.html" "Mozilla/5.0 (Windows NT 6.1; WOW64) AppleWebKit/537.31 (KHTML, like Gecko) Chrome/26.0.1410.43 Safari/537.31"
176.16.94.219 - - [10/Apr/2013:18:46:07 -0400] "GET /favicon.ico HTTP/1.1" 200 32038 "-" "Mozilla/5.0 (Windows NT 6.1; WOW64) AppleWebKit/537.31 (KHTML, like Gecko) Chrome/26.0.1410.43 Safari/537.31"
176.61.142.104 - - [10/Apr/2013:18:46:12 -0400] "GET /web/tmp/install_4ca95104dc80f/languages/admin/zh-CN.com_easyblog.ini HTTP/1.0" 200 32369 "http://mycompany.org/" "Mozilla/5.0 (Windows NT 6.1; WOW64) AppleWebKit/535.1 (KHTML, like Gecko) Chrome/13.0.782.112 Safari/535.1"
65.55.215.73 - - [10/Apr/2013:18:48:00 -0400] "GET /robots.txt HTTP/1.1" 200 304 "-" "msnbot-media/1.1 (+http://search.msn.com/msnbot.htm)"
65.55.215.73 - - [10/Apr/2013:18:48:00 -0400] "GET /old/Activities/DGPJ2007/images/cultural2007.gif HTTP/1.1" 200 639 "-" "msnbot-media/1.1 (+http://search.msn.com/msnbot.htm)"
110.82.152.117 - - [10/Apr/2013:18:48:05 -0400] "GET /CGI/guestbook.cgi?add HTTP/1.0" 200 1856 "http://www.mycompany.org/CGI/guestbook.cgi?add" "Mozilla/5.0 (Windows NT 5.1) AppleWebKit/536.11 (KHTML, like Gecko) Chrome/20.0.1132.57 Safari/536.11"
110.82.152.117 - - [10/Apr/2013:18:48:06 -0400] "POST /CGI/guestbook.cgi?add HTTP/1.0" 200 800 "http://www.mycompany.org/CGI/guestbook.cgi?add" "Mozilla/5.0 (Windows NT 5.1) AppleWebKit/536.11 (KHTML, like Gecko) Chrome/20.0.1132.57 Safari/536.11"
110.82.152.117 - - [10/Apr/2013:18:48:06 -0400] "GET /old/Feedback/mycompany_comm.html HTTP/1.0" 200 14615 "http://www.mycompany.org/old/Feedback/mycompany_comm.html" "Mozilla/5.0 (Windows NT 5.1) AppleWebKit/536.11 (KHTML, like Gecko) Chrome/20.0.1132.57 Safari/536.11"
180.76.5.184 - - [10/Apr/2013:18:49:51 -0400] "GET /messages/showletter.php?id=23 HTTP/1.1" 200 3696 "-" "Mozilla/5.0 (compatible; Baiduspider/2.0; +http://www.baidu.com/search/spider.html)"
218.72.141.48 - - [10/Apr/2013:18:50:07 -0400] "GET /CGI/guestbook.cgi?add HTTP/1.0" 200 1856 "http://www.mycompany.org/CGI/guestbook.cgi?add" "Mozilla/5.0 (Windows; U; Windows NT 5.1; ru; rv:1.9.0.19) Gecko/2010031422 Firefox/3.0.19 YB/3.5.1 (.NET CLR 3.5.30729)"
198.20.69.74 - - [10/Apr/2013:18:50:45 -0400] "GET / HTTP/1.1" 200 76115 "-" "-"
198.20.69.74 - - [10/Apr/2013:18:50:45 -0400] "GET /robots.txt HTTP/1.1" 200 304 "-" "-"
218.72.141.48 - - [10/Apr/2013:18:51:12 -0400] "POST /CGI/guestbook.cgi?add HTTP/1.0" 200 799 "http://www.mycompany.org/CGI/guestbook.cgi?add" "Mozilla/5.0 (Windows; U; Windows NT 5.1; ru; rv:1.9.0.19) Gecko/2010031422 Firefox/3.0.19 YB/3.5.1 (.NET CLR 3.5.30729)"
218.72.141.48 - - [10/Apr/2013:18:51:13 -0400] "GET /old/Feedback/mycompany_comm.html HTTP/1.0" 200 14615 "http://www.mycompany.org/old/Feedback/mycompany_comm.html" "Mozilla/5.0 (Windows; U; Windows NT 5.1; ru; rv:1.9.0.19) Gecko/2010031422 Firefox/3.0.19 YB/3.5.1 (.NET CLR 3.5.30729)"
218.72.140.70 - - [10/Apr/2013:18:52:02 -0400] "GET /CGI/guestbook.cgi?add HTTP/1.0" 200 1856 "http://www.mycompany.org/CGI/guestbook.cgi?add" "Mozilla/5.0 (Windows NT 5.1) AppleWebKit/535.2 (KHTML, like Gecko) Chrome/15.0.874.121 Safari/535.2"
218.72.140.70 - - [10/Apr/2013:18:52:03 -0400] "POST /CGI/guestbook.cgi?add HTTP/1.0" 200 799 "http://www.mycompany.org/CGI/guestbook.cgi?add" "Mozilla/5.0 (Windows NT 5.1) AppleWebKit/535.2 (KHTML, like Gecko) Chrome/15.0.874.121 Safari/535.2"
218.72.140.70 - - [10/Apr/2013:18:52:03 -0400] "GET /old/Feedback/mycompany_comm.html HTTP/1.0" 200 14615 "http://www.mycompany.org/old/Feedback/mycompany_comm.html" "Mozilla/5.0 (Windows NT 5.1) AppleWebKit/535.2 (KHTML, like Gecko) Chrome/15.0.874.121 Safari/535.2"
66.249.74.128 - - [10/Apr/2013:18:54:20 -0400] "GET /events/past-events/past-events-2011/SW-PJ-2011 HTTP/1.1" 200 67286 "-" "Mozilla/5.0 (compatible; Googlebot/2.1; +http://www.google.com/bot.html)"
157.56.93.51 - - [10/Apr/2013:18:54:22 -0400] "GET /robots.txt HTTP/1.1" 200 304 "-" "Mozilla/5.0 (compatible; bingbot/2.0; +http://www.bing.com/bingbot.htm)"
66.249.74.128 - - [10/Apr/2013:18:55:35 -0400] "GET /CGI/letterdetails.cgi?letter=letter0298 HTTP/1.1" 200 3978 "-" "Mozilla/5.0 (iPhone; U; CPU iPhone OS 4_1 like Mac OS X; en-us) AppleWebKit/532.9 (KHTML, like Gecko) Version/4.0.5 Mobile/8B117 Safari/6531.22.7 (compatible; Googlebot-Mobile/2.1; +http://www.google.com/bot.html)"
183.62.115.234 - - [10/Apr/2013:18:55:46 -0400] "GET /Links/mycompany_links.html HTTP/1.1" 301 5 "-" "Mozilla/4.0 (compatible; MSIE 6.0; Windows NT 5.1)"
183.62.115.234 - - [10/Apr/2013:18:56:01 -0400] "GET /Links/index.php?option=com_content&view=article&id=104&Itemid=196 HTTP/1.1" 200 50051 "-" "Mozilla/4.0 (compatible; MSIE 6.0; Windows NT 5.1)"
183.62.115.234 - - [10/Apr/2013:18:56:11 -0400] "GET /media/system/css/modal.css HTTP/1.1" 200 1159 "http://www.mycompany.org/Links/mycompany_links.html" "Mozilla/4.0 (compatible; MSIE 6.0; Windows NT 5.1)"
183.62.115.234 - - [10/Apr/2013:18:56:12 -0400] "GET /components/com_k2/css/k2.css HTTP/1.1" 200 39699 "http://www.mycompany.org/Links/mycompany_links.html" "Mozilla/4.0 (compatible; MSIE 6.0; Windows NT 5.1)"
183.62.115.234 - - [10/Apr/2013:18:56:13 -0400] "GET /plugins/system/rokbox/themes/light/rokbox-style.css HTTP/1.1" 200 2841 "http://www.mycompany.org/Links/mycompany_links.html" "Mozilla/4.0 (compatible; MSIE 6.0; Windows NT 5.1)"
157.56.93.51 - - [10/Apr/2013:18:56:13 -0400] "GET /Activities/Professional/AmitKavita.html HTTP/1.1" 200 692 "-" "Mozilla/5.0 (compatible; bingbot/2.0; +http://www.bing.com/bingbot.htm)"
183.62.115.234 - - [10/Apr/2013:18:56:13 -0400] "GET /plugins/system/rokbox/themes/light/rokbox-style-ie6.css HTTP/1.1" 200 557 "http://www.mycompany.org/Links/mycompany_links.html" "Mozilla/4.0 (compatible; MSIE 6.0; Windows NT 5.1)"
183.62.115.234 - - [10/Apr/2013:18:56:14 -0400] "GET /templates/rt_infuse_j15/css/template.css HTTP/1.1" 200 39906 "http://www.mycompany.org/Links/mycompany_links.html" "Mozilla/4.0 (compatible; MSIE 6.0; Windows NT 5.1)"
183.62.115.234 - - [10/Apr/2013:18:56:15 -0400] "GET /templates/rt_infuse_j15/css/style2.css HTTP/1.1" 200 13171 "http://www.mycompany.org/Links/mycompany_links.html" "Mozilla/4.0 (compatible; MSIE 6.0; Windows NT 5.1)"
183.62.115.234 - - [10/Apr/2013:18:56:15 -0400] "GET /templates/rt_infuse_j15/css/typography.css HTTP/1.1" 200 9197 "http://www.mycompany.org/Links/mycompany_links.html" "Mozilla/4.0 (compatible; MSIE 6.0; Windows NT 5.1)"
183.62.115.234 - - [10/Apr/2013:18:56:16 -0400] "GET /templates/system/css/system.css HTTP/1.1" 200 1385 "http://www.mycompany.org/Links/mycompany_links.html" "Mozilla/4.0 (compatible; MSIE 6.0; Windows NT 5.1)"
183.62.115.234 - - [10/Apr/2013:18:56:17 -0400] "GET /templates/system/css/general.css HTTP/1.1" 200 2777 "http://www.mycompany.org/Links/mycompany_links.html" "Mozilla/4.0 (compatible; MSIE 6.0; Windows NT 5.1)"
183.62.115.234 - - [10/Apr/2013:18:56:17 -0400] "GET /templates/rt_infuse_j15/css/menu-fusion.css HTTP/1.1" 200 2934 "http://www.mycompany.org/Links/mycompany_links.html" "Mozilla/4.0 (compatible; MSIE 6.0; Windows NT 5.1)"
183.62.115.234 - - [10/Apr/2013:18:56:19 -0400] "GET /media/system/js/mootools.js HTTP/1.1" 200 74434 "http://www.mycompany.org/Links/mycompany_links.html" "Mozilla/4.0 (compatible; MSIE 6.0; Windows NT 5.1)"
183.62.115.234 - - [10/Apr/2013:18:56:19 -0400] "GET /media/system/js/modal.js HTTP/1.1" 200 10588 "http://www.mycompany.org/Links/mycompany_links.html" "Mozilla/4.0 (compatible; MSIE 6.0; Windows NT 5.1)"
183.62.115.234 - - [10/Apr/2013:18:56:20 -0400] "GET /components/com_k2/js/k2.js HTTP/1.1" 200 3027 "http://www.mycompany.org/Links/mycompany_links.html" "Mozilla/4.0 (compatible; MSIE 6.0; Windows NT 5.1)"
183.62.115.234 - - [10/Apr/2013:18:56:20 -0400] "GET /components/com_jfbconnect/includes/jfbconnect.js HTTP/1.1" 200 6553 "http://www.mycompany.org/Links/mycompany_links.html" "Mozilla/4.0 (compatible; MSIE 6.0; Windows NT 5.1)"
183.62.115.234 - - [10/Apr/2013:18:56:21 -0400] "GET /media/system/js/caption.js HTTP/1.1" 200 1963 "http://www.mycompany.org/Links/mycompany_links.html" "Mozilla/4.0 (compatible; MSIE 6.0; Windows NT 5.1)"
183.62.115.234 - - [10/Apr/2013:18:56:21 -0400] "GET /plugins/content/phocagalleryslideshow.js HTTP/1.1" 200 6734 "http://www.mycompany.org/Links/mycompany_links.html" "Mozilla/4.0 (compatible; MSIE 6.0; Windows NT 5.1)"
183.62.115.234 - - [10/Apr/2013:18:56:22 -0400] "GET /plugins/system/rokbox/rokbox.js HTTP/1.1" 200 22076 "http://www.mycompany.org/Links/mycompany_links.html" "Mozilla/4.0 (compatible; MSIE 6.0; Windows NT 5.1)"
183.62.115.234 - - [10/Apr/2013:18:56:24 -0400] "GET /plugins/system/rokbox/themes/light/rokbox-config.js HTTP/1.1" 200 2598 "http://www.mycompany.org/Links/mycompany_links.html" "Mozilla/4.0 (compatible; MSIE 6.0; Windows NT 5.1)"
183.62.115.234 - - [10/Apr/2013:18:56:25 -0400] "GET /modules/mod_roknavmenu/themes/fusion/js/sfhover.js HTTP/1.1" 200 1795 "http://www.mycompany.org/Links/mycompany_links.html" "Mozilla/4.0 (compatible; MSIE 6.0; Windows NT 5.1)"
183.62.115.234 - - [10/Apr/2013:18:56:26 -0400] "GET /modules/mod_roknavmenu/themes/fusion/js/fusion.js HTTP/1.1" 200 12721 "http://www.mycompany.org/Links/mycompany_links.html" "Mozilla/4.0 (compatible; MSIE 6.0; Windows NT 5.1)"
216.99.152.122 - - [10/Apr/2013:18:56:27 -0400] "GET /CGI/guestbook.cgi?add HTTP/1.0" 200 1856 "http://www.mycompany.org/CGI/guestbook.cgi?add" "Mozilla/5.0 (Windows NT 6.0) AppleWebKit/537.11 (KHTML, like Gecko) Chrome/23.0.1271.91 Safari/537.11"
216.99.152.122 - - [10/Apr/2013:18:56:27 -0400] "POST /CGI/guestbook.cgi?add HTTP/1.0" 200 800 "http://www.mycompany.org/CGI/guestbook.cgi?add" "Mozilla/5.0 (Windows NT 6.0) AppleWebKit/537.11 (KHTML, like Gecko) Chrome/23.0.1271.91 Safari/537.11"
216.99.152.122 - - [10/Apr/2013:18:56:27 -0400] "GET /old/Feedback/mycompany_comm.html HTTP/1.0" 200 14615 "http://www.mycompany.org/old/Feedback/mycompany_comm.html" "Mozilla/5.0 (Windows NT 6.0) AppleWebKit/537.11 (KHTML, like Gecko) Chrome/23.0.1271.91 Safari/537.11"
202.46.58.30 - - [10/Apr/2013:19:01:04 -0400] "GET / HTTP/1.1" 200 32800 "-" "Mozilla/4.0 (compatible; MSIE 7.0; Windows NT 6.0)"
119.63.193.130 - - [10/Apr/2013:19:01:55 -0400] "GET / HTTP/1.1" 200 32800 "-" "Mozilla/4.0 (compatible; MSIE 7.0; Windows NT 6.0)"
66.249.74.128 - - [10/Apr/2013:19:02:01 -0400] "GET /messages/showletter.php?id=74 HTTP/1.1" 200 5023 "-" "Mozilla/5.0 (compatible; Googlebot/2.1; +http://www.google.com/bot.html)"
31.84.140.80 - - [10/Apr/2013:19:02:16 -0400] "GET /Activities/DGPJ2006/PJmain_files/eyes.jpg HTTP/1.1" 200 8608 "http://forums.ratedesi.com/showthread.php?t=317059" "Mozilla/5.0 (iPhone; CPU iPhone OS 5_0_1 like Mac OS X) AppleWebKit/534.46 (KHTML, like Gecko) Version/5.1 Mobile/9A405 Safari/7534.48.3"
125.112.29.102 - - [10/Apr/2013:19:03:06 -0400] "GET /CGI/guestbook.cgi?add HTTP/1.0" 200 1856 "http://www.mycompany.org/CGI/guestbook.cgi?add" "Mozilla/5.0 (Windows NT 5.1) AppleWebKit/537.4 (KHTML, like Gecko) Chrome/22.0.1229.94 Safari/537.4"
125.112.29.102 - - [10/Apr/2013:19:03:07 -0400] "POST /CGI/guestbook.cgi?add HTTP/1.0" 200 799 "http://www.mycompany.org/CGI/guestbook.cgi?add" "Mozilla/5.0 (Windows NT 5.1) AppleWebKit/537.4 (KHTML, like Gecko) Chrome/22.0.1229.94 Safari/537.4"
125.112.29.102 - - [10/Apr/2013:19:03:07 -0400] "GET /old/Feedback/mycompany_comm.html HTTP/1.0" 200 14615 "http://www.mycompany.org/old/Feedback/mycompany_comm.html" "Mozilla/5.0 (Windows NT 5.1) AppleWebKit/537.4 (KHTML, like Gecko) Chrome/22.0.1229.94 Safari/537.4"
60.182.155.141 - - [10/Apr/2013:19:04:10 -0400] "GET /CGI/guestbook.cgi?add HTTP/1.0" 200 1856 "http://www.mycompany.org/CGI/guestbook.cgi?add" "Mozilla/5.0 (Windows NT 6.1; rv:13.0) Gecko/20100101 Firefox/13.0.1"
60.182.155.141 - - [10/Apr/2013:19:04:13 -0400] "POST /CGI/guestbook.cgi?add HTTP/1.0" 200 799 "http://www.mycompany.org/CGI/guestbook.cgi?add" "Mozilla/5.0 (Windows NT 6.1; rv:13.0) Gecko/20100101 Firefox/13.0.1"
60.182.155.141 - - [10/Apr/2013:19:04:14 -0400] "GET /old/Feedback/mycompany_comm.html HTTP/1.0" 200 14615 "http://www.mycompany.org/old/Feedback/mycompany_comm.html" "Mozilla/5.0 (Windows NT 6.1; rv:13.0) Gecko/20100101 Firefox/13.0.1"
66.249.74.128 - - [10/Apr/2013:19:05:46 -0400] "GET /events/frequently-asked-participation-questions HTTP/1.1" 200 58010 "-" "Mozilla/5.0 (compatible; Googlebot/2.1; +http://www.google.com/bot.html)"
77.250.72.130 - - [10/Apr/2013:19:06:18 -0400] "GET /Activities/DGPJ2005/abhijeet.jpg HTTP/1.1" 200 28354 "-" "Google/2.5.2.17349 CFNetwork/609.1.4 Darwin/13.0.0"
66.249.74.128 - - [10/Apr/2013:19:08:51 -0400] "GET /events/past-events/2003/DG-PJ-2003 HTTP/1.1" 200 52741 "-" "Mozilla/5.0 (iPhone; U; CPU iPhone OS 4_1 like Mac OS X; en-us) AppleWebKit/532.9 (KHTML, like Gecko) Version/4.0.5 Mobile/8B117 Safari/6531.22.7 (compatible; Googlebot-Mobile/2.1; +http://www.google.com/bot.html)"
125.112.30.99 - - [10/Apr/2013:19:10:47 -0400] "GET /CGI/guestbook.cgi?add+%5BPLM=0%5D%5BN%5D+GET+http://www.mycompany.org/CGI/guestbook.cgi?add+%5B0,3019,2073%5D+-%3E+%5BN%5D+POST+http://www.mycompany.org/CGI/guestbook.cgi?add+%5B0,0,1019%5D+-%3E+%5BN%5D+GET+http://www.mycompany.org/old/Feedback/mycompany_comm.html+%5B0,0,14937%5D+-%3E+%5BN%5D+GET+http://www.mycompany.org/CGI/guestbook.cgi+%5B11903,0,1597%5D HTTP/1.0" 200 1377 "http" "-"
125.112.30.99 - - [10/Apr/2013:19:10:55 -0400] "GET / HTTP/1.0" 200 72257 "http://www.mycompany.org/" "Opera/9.80 (Windows NT 6.1; WOW64; MRA 6.0 (build 5976)) Presto/2.12.388 Version/12.11"
125.112.30.99 - - [10/Apr/2013:19:11:15 -0400] "GET /about/board-of-directors HTTP/1.0" 200 50032 "http://www.mycompany.org/about/board-of-directors" "Opera/9.80 (Windows NT 6.1; WOW64; MRA 6.0 (build 5976)) Presto/2.12.388 Version/12.11"
125.112.30.99 - - [10/Apr/2013:19:11:19 -0400] "GET /about/board-of-directors?format=pdf HTTP/1.0" 200 36 "http://www.mycompany.org/board-of-directors?format=pdf" "Opera/9.80 (Windows NT 6.1; WOW64; MRA 6.0 (build 5976)) Presto/2.12.388 Version/12.11"
125.112.30.99 - - [10/Apr/2013:19:11:22 -0400] "GET /about/board-of-directors?tmpl=component&print=1&page= HTTP/1.0" 200 142113 "http://www.mycompany.org/board-of-directors?tmpl=component&print=1&page=" "Opera/9.80 (Windows NT 6.1; WOW64; MRA 6.0 (build 5976)) Presto/2.12.388 Version/12.11"
157.55.33.81 - - [10/Apr/2013:19:14:44 -0400] "GET / HTTP/1.1" 200 272280 "-" "Mozilla/5.0 (compatible; bingbot/2.0; +http://www.bing.com/bingbot.htm)"
66.249.74.128 - - [10/Apr/2013:19:17:06 -0400] "GET /events/past-events/2008/DG-PJ-2008 HTTP/1.1" 200 56680 "-" "Mozilla/5.0 (compatible; Googlebot/2.1; +http://www.google.com/bot.html)"
125.112.29.121 - - [10/Apr/2013:19:18:44 -0400] "GET /CGI/guestbook.cgi?add HTTP/1.0" 200 1856 "http://www.mycompany.org/CGI/guestbook.cgi?add" "Mozilla/4.0 (compatible; MSIE 8.0; Windows NT 5.2; Trident/4.0; .NET CLR 1.1.4322)"
125.112.29.121 - - [10/Apr/2013:19:18:45 -0400] "POST /CGI/guestbook.cgi?add HTTP/1.0" 200 799 "http://www.mycompany.org/CGI/guestbook.cgi?add" "Mozilla/4.0 (compatible; MSIE 8.0; Windows NT 5.2; Trident/4.0; .NET CLR 1.1.4322)"
125.112.29.121 - - [10/Apr/2013:19:18:45 -0400] "GET /old/Feedback/mycompany_comm.html HTTP/1.0" 200 14615 "http://www.mycompany.org/old/Feedback/mycompany_comm.html" "Mozilla/4.0 (compatible; MSIE 8.0; Windows NT 5.2; Trident/4.0; .NET CLR 1.1.4322)"
95.65.77.99 - - [10/Apr/2013:19:19:18 -0400] "GET /CGI/guestbook.cgi?add HTTP/1.0" 200 1856 "http://www.mycompany.org/CGI/guestbook.cgi?add" "Opera/9.80 (Windows NT 5.1; Edition Yx) Presto/2.12.388 Version/12.10"
95.65.77.99 - - [10/Apr/2013:19:19:19 -0400] "POST /CGI/guestbook.cgi?add HTTP/1.0" 200 800 "http://www.mycompany.org/CGI/guestbook.cgi?add" "Opera/9.80 (Windows NT 5.1; Edition Yx) Presto/2.12.388 Version/12.10"
95.65.77.99 - - [10/Apr/2013:19:19:19 -0400] "GET /old/Feedback/mycompany_comm.html HTTP/1.0" 200 14615 "http://www.mycompany.org/old/Feedback/mycompany_comm.html" "Opera/9.80 (Windows NT 5.1; Edition Yx) Presto/2.12.388 Version/12.10"
194.71.224.8 - - [10/Apr/2013:19:21:30 -0400] "GET / HTTP/1.1" 200 272042 "-" "-"
193.235.43.86 - - [10/Apr/2013:19:21:32 -0400] "GET /components/com_jfbconnect/assets/jfbcchannel.html HTTP/1.1" 200 59 "-" "-"
123.125.71.52 - - [10/Apr/2013:19:21:35 -0400] "GET /events/SW-PJ-2011 HTTP/1.1" 200 9665 "-" "Mozilla/5.0 (compatible; Baiduspider/2.0; +http://www.baidu.com/search/spider.html)"
66.249.74.85 - - [10/Apr/2013:19:22:23 -0400] "GET /index.php?option=com_wrapper&view=wrapper&Itemid=224 HTTP/1.1" 200 50216 "-" "Mozilla/5.0 (iPhone; U; CPU iPhone OS 4_1 like Mac OS X; en-us) AppleWebKit/532.9 (KHTML, like Gecko) Version/4.0.5 Mobile/8B117 Safari/6531.22.7 (compatible; Googlebot-Mobile/2.1; +http://www.google.com/bot.html)"
66.249.74.128 - - [10/Apr/2013:19:24:23 -0400] "GET /messages/listletters.php?view=wrapper HTTP/1.1" 200 74110 "-" "Mozilla/5.0 (compatible; Googlebot/2.1; +http://www.google.com/bot.html)"
192.165.17.147 - - [10/Apr/2013:19:28:32 -0400] "GET /literature/bengali-transliteration HTTP/1.1" 200 55108 "-" "-"
194.103.2.235 - - [10/Apr/2013:19:28:33 -0400] "GET /old/Literary/ComposeArticleGoogle.html?view=wrapper HTTP/1.1" 200 4150 "-" "-"
66.249.74.128 - - [10/Apr/2013:19:28:34 -0400] "GET /Activities/DGPJ2002/programs.html HTTP/1.1" 304 - "-" "Mozilla/5.0 (compatible; Googlebot/2.1; +http://www.google.com/bot.html)"
91.121.64.168 - - [10/Apr/2013:19:29:53 -0400] "GET /CGI/guestbook.cgi?add HTTP/1.0" 200 1856 "http://www.mycompany.org/CGI/guestbook.cgi?add" "Mozilla/5.0 (Windows NT 6.1; rv:17.0) Gecko/20100101 Firefox/17.0"
91.121.64.168 - - [10/Apr/2013:19:29:54 -0400] "POST /CGI/guestbook.cgi?add HTTP/1.0" 200 800 "http://www.mycompany.org/CGI/guestbook.cgi?add" "Mozilla/5.0 (Windows NT 6.1; rv:17.0) Gecko/20100101 Firefox/17.0"
91.121.64.168 - - [10/Apr/2013:19:29:54 -0400] "GET /old/Feedback/mycompany_comm.html HTTP/1.0" 200 14615 "http://www.mycompany.org/old/Feedback/mycompany_comm.html" "Mozilla/5.0 (Windows NT 6.1; rv:17.0) Gecko/20100101 Firefox/17.0"
207.172.209.16 - - [10/Apr/2013:19:30:42 -0400] "GET / HTTP/1.1" 200 72334 "-" "Mozilla/5.0 (Windows NT 6.1; WOW64; rv:12.0) Gecko/20100101 Firefox/12.0"
66.249.74.128 - - [10/Apr/2013:19:31:20 -0400] "GET /messages/showletter.php?id=53 HTTP/1.1" 200 3516 "-" "Mozilla/5.0 (compatible; Googlebot/2.1; +http://www.google.com/bot.html)"
188.92.72.128 - - [10/Apr/2013:19:31:22 -0400] "GET / HTTP/1.1" 200 62 "-" "ANTIPIDERSIA"
199.83.90.27 - - [10/Apr/2013:19:31:35 -0400] "GET /+%28%22powered+by+%22++%27vb%27+%27joomla%27+%27board%27+%27blog%27%29+ACCEPTED HTTP/1.0" 404 1390 "http://www.mycompany.org/+%28%22powered+by+%22++%27vb%27+%27joomla%27+%27board%27+%27blog%27%29+ACCEPTED" "Mozilla/5.0 (Windows; U; Windows NT 6.1; en-US; rv:1.9.2.22) Gecko/20110902 Firefox/3.6.22"
180.76.6.37 - - [10/Apr/2013:19:31:37 -0400] "GET /events/past-events/2002/DG-PJ-2002 HTTP/1.1" 200 47479 "-" "Mozilla/5.0 (compatible; Baiduspider/2.0; +http://www.baidu.com/search/spider.html)"
199.83.90.27 - - [10/Apr/2013:19:31:39 -0400] "GET / HTTP/1.0" 200 72252 "http://www.mycompany.org/" "Mozilla/5.0 (Windows; U; Windows NT 6.1; en-US; rv:1.9.2.22) Gecko/20110902 Firefox/3.6.22"
199.83.90.27 - - [10/Apr/2013:19:31:43 -0400] "GET /about/board-of-directors HTTP/1.0" 200 50032 "http://www.mycompany.org/about/board-of-directors" "Mozilla/5.0 (Windows; U; Windows NT 6.1; en-US; rv:1.9.2.22) Gecko/20110902 Firefox/3.6.22"
199.83.90.27 - - [10/Apr/2013:19:31:46 -0400] "GET /about/board-of-directors?format=pdf HTTP/1.0" 200 36 "http://www.mycompany.org/board-of-directors?format=pdf" "Mozilla/5.0 (Windows; U; Windows NT 6.1; en-US; rv:1.9.2.22) Gecko/20110902 Firefox/3.6.22"
199.83.90.27 - - [10/Apr/2013:19:31:47 -0400] "GET /about/board-of-directors?tmpl=component&print=1&page= HTTP/1.0" 200 142113 "http://www.mycompany.org/board-of-directors?tmpl=component&print=1&page=" "Mozilla/5.0 (Windows; U; Windows NT 6.1; en-US; rv:1.9.2.22) Gecko/20110902 Firefox/3.6.22"
212.59.28.66 - - [10/Apr/2013:19:32:22 -0400] "GET /old/Feedback/mycompany_comm.html HTTP/1.0" 200 14615 "http://www.mycompany.org/old/Feedback/mycompany_comm.html" "Opera/9.80 (Windows NT 6.1; Win64; x64) Presto/2.12.388 Version/12.11"
212.59.28.66 - - [10/Apr/2013:19:32:24 -0400] "GET /CGI/guestbook.cgi?add HTTP/1.0" 200 1856 "http://www.mycompany.org/CGI/guestbook.cgi?add" "Opera/9.80 (Windows NT 6.1; Win64; x64) Presto/2.12.388 Version/12.11"
212.59.28.66 - - [10/Apr/2013:19:32:25 -0400] "POST /CGI/guestbook.cgi?add HTTP/1.0" 200 801 "http://www.mycompany.org/CGI/guestbook.cgi?add" "Opera/9.80 (Windows NT 6.1; Win64; x64) Presto/2.12.388 Version/12.11"
212.59.28.66 - - [10/Apr/2013:19:32:25 -0400] "GET /old/Feedback/mycompany_comm.html HTTP/1.0" 200 14615 "http://www.mycompany.org/old/Feedback/mycompany_comm.html" "Opera/9.80 (Windows NT 6.1; Win64; x64) Presto/2.12.388 Version/12.11"
157.56.93.51 - - [10/Apr/2013:19:32:49 -0400] "GET /classified HTTP/1.1" 200 9672 "-" "Mozilla/5.0 (compatible; bingbot/2.0; +http://www.bing.com/bingbot.htm)"
123.125.71.39 - - [10/Apr/2013:19:33:59 -0400] "GET / HTTP/1.1" 200 28676 "-" "Mozilla/5.0 (compatible; Baiduspider/2.0; +http://www.baidu.com/search/spider.html)"
218.30.103.135 - - [10/Apr/2013:19:34:10 -0400] "GET /old/Literary/SH/SHDisclaimer.html HTTP/1.1" 304 - "-" "Sogou web spider/4.0(+http://www.sogou.com/docs/help/webmasters.htm#07)"
178.77.126.55 - - [10/Apr/2013:19:34:26 -0400] "GET /robots.txt HTTP/1.1" 200 304 "-" "Mozilla/5.0 (compatible; CareerBot/1.1; +http://www.career-x.de/bot.html)"
178.77.126.55 - - [10/Apr/2013:19:34:28 -0400] "GET / HTTP/1.1" 200 272041 "-" "Mozilla/5.0 (compatible; CareerBot/1.1; +http://www.career-x.de/bot.html)"
220.181.108.85 - - [10/Apr/2013:19:34:34 -0400] "GET / HTTP/1.1" 200 36901 "-" "Mozilla/5.0 (compatible; Baiduspider/2.0; +http://www.baidu.com/search/spider.html)"
183.62.115.234 - - [10/Apr/2013:19:35:05 -0400] "GET /Activities/DGPJ98/DPEvents.html HTTP/1.1" 200 12229 "-" "Mozilla/4.0 (compatible; MSIE 6.0; Windows NT 5.1)"
66.249.74.128 - - [10/Apr/2013:19:35:37 -0400] "GET /events/past-events/2003/SW-PJ-2003 HTTP/1.1" 200 49241 "-" "Mozilla/5.0 (iPhone; U; CPU iPhone OS 4_1 like Mac OS X; en-us) AppleWebKit/532.9 (KHTML, like Gecko) Version/4.0.5 Mobile/8B117 Safari/6531.22.7 (compatible; Googlebot-Mobile/2.1; +http://www.google.com/bot.html)"
125.112.29.182 - - [10/Apr/2013:19:36:07 -0400] "GET /CGI/guestbook.cgi?add HTTP/1.0" 200 1856 "http://www.mycompany.org/CGI/guestbook.cgi?add" "Mozilla/5.0 (compatible; MSIE 9.0; Windows NT 6.1; Trident/5.0)"
125.112.29.182 - - [10/Apr/2013:19:36:08 -0400] "POST /CGI/guestbook.cgi?add HTTP/1.0" 200 799 "http://www.mycompany.org/CGI/guestbook.cgi?add" "Mozilla/5.0 (compatible; MSIE 9.0; Windows NT 6.1; Trident/5.0)"
125.112.29.182 - - [10/Apr/2013:19:36:08 -0400] "GET /old/Feedback/mycompany_comm.html HTTP/1.0" 200 14615 "http://www.mycompany.org/old/Feedback/mycompany_comm.html" "Mozilla/5.0 (compatible; MSIE 9.0; Windows NT 6.1; Trident/5.0)"
89.91.188.169 - - [10/Apr/2013:19:36:25 -0400] "GET /old/Literary/SH/ClipArt/ManFacingWoman.gif HTTP/1.1" 200 28027 "-" "Google/2.0.1.10455 CFNetwork/609.1.4 Darwin/13.0.0"
98.137.207.237 - - [10/Apr/2013:19:39:07 -0400] "GET /literature/washington-bangla-radio HTTP/1.1" 200 49102 "-" "Mozilla/5.0 (compatible; Yahoo! Slurp/3.0; http://help.yahoo.com/help/us/ysearch/slurp) NOT Firefox/3.5"
98.137.207.237 - - [10/Apr/2013:19:39:07 -0400] "GET /templates/rt_infuse_j15/css/style2.css HTTP/1.1" 200 13171 "http://www.mycompany.org/literature/washington-bangla-radio" "Mozilla/5.0 (compatible; Yahoo! Slurp/3.0; http://help.yahoo.com/help/us/ysearch/slurp) NOT Firefox/3.5"
98.137.207.237 - - [10/Apr/2013:19:39:07 -0400] "GET /media/system/css/modal.css HTTP/1.1" 200 1159 "http://www.mycompany.org/literature/washington-bangla-radio" "Mozilla/5.0 (compatible; Yahoo! Slurp/3.0; http://help.yahoo.com/help/us/ysearch/slurp) NOT Firefox/3.5"
98.137.207.237 - - [10/Apr/2013:19:39:07 -0400] "GET /plugins/system/rokbox/themes/light/rokbox-style.css HTTP/1.1" 200 2841 "http://www.mycompany.org/literature/washington-bangla-radio" "Mozilla/5.0 (compatible; Yahoo! Slurp/3.0; http://help.yahoo.com/help/us/ysearch/slurp) NOT Firefox/3.5"
